Component: ARM Compiler 5.06 update 6 (build 750) Tool: armlink [4d35ed]

==============================================================================

Section Cross References

    startup_stm32f103xb.o(RESET) refers to startup_stm32f103xb.o(STACK) for __initial_sp
    startup_stm32f103xb.o(RESET) refers to startup_stm32f103xb.o(.text) for Reset_Handler
    startup_stm32f103xb.o(RESET) refers to stm32f1xx_it.o(i.NMI_Handler) for NMI_Handler
    startup_stm32f103xb.o(RESET) refers to stm32f1xx_it.o(i.HardFault_Handler) for HardFault_Handler
    startup_stm32f103xb.o(RESET) refers to stm32f1xx_it.o(i.MemManage_Handler) for MemManage_Handler
    startup_stm32f103xb.o(RESET) refers to stm32f1xx_it.o(i.BusFault_Handler) for BusFault_Handler
    startup_stm32f103xb.o(RESET) refers to stm32f1xx_it.o(i.UsageFault_Handler) for UsageFault_Handler
    startup_stm32f103xb.o(RESET) refers to port.o(.emb_text) for SVC_Handler
    startup_stm32f103xb.o(RESET) refers to stm32f1xx_it.o(i.DebugMon_Handler) for DebugMon_Handler
    startup_stm32f103xb.o(RESET) refers to port.o(i.SysTick_Handler) for SysTick_Handler
    startup_stm32f103xb.o(RESET) refers to stm32f1xx_it.o(i.DMA1_Channel1_IRQHandler) for DMA1_Channel1_IRQHandler
    startup_stm32f103xb.o(RESET) refers to stm32f1xx_it.o(i.TIM1_UP_IRQHandler) for TIM1_UP_IRQHandler
    startup_stm32f103xb.o(RESET) refers to stm32f1xx_it.o(i.USART1_IRQHandler) for USART1_IRQHandler
    startup_stm32f103xb.o(RESET) refers to stm32f1xx_it.o(i.USART2_IRQHandler) for USART2_IRQHandler
    startup_stm32f103xb.o(.text) refers to system_stm32f1xx.o(i.SystemInit) for SystemInit
    startup_stm32f103xb.o(.text) refers to entry.o(.ARM.Collect$$$$00000000) for __main
    avatar_invert.o(.constdata) refers to avatar_invert.o(.constdata) for _acAvatar_Invert
    avatar_invert.o(.constdata) refers to avatar_invert.o(.constdata) for _PalAvatar_Invert
    simsun_12.o(.constdata) refers to simsun_12.o(.constdata) for acFontHZSimSun_12_0020
    simsun_12.o(.constdata) refers to simsun_12.o(.constdata) for acFontHZSimSun_12_0021
    simsun_12.o(.constdata) refers to simsun_12.o(.constdata) for acFontHZSimSun_12_0022
    simsun_12.o(.constdata) refers to simsun_12.o(.constdata) for acFontHZSimSun_12_0023
    simsun_12.o(.constdata) refers to simsun_12.o(.constdata) for acFontHZSimSun_12_0024
    simsun_12.o(.constdata) refers to simsun_12.o(.constdata) for acFontHZSimSun_12_0025
    simsun_12.o(.constdata) refers to simsun_12.o(.constdata) for acFontHZSimSun_12_0026
    simsun_12.o(.constdata) refers to simsun_12.o(.constdata) for acFontHZSimSun_12_0027
    simsun_12.o(.constdata) refers to simsun_12.o(.constdata) for acFontHZSimSun_12_0028
    simsun_12.o(.constdata) refers to simsun_12.o(.constdata) for acFontHZSimSun_12_0029
    simsun_12.o(.constdata) refers to simsun_12.o(.constdata) for acFontHZSimSun_12_002a
    simsun_12.o(.constdata) refers to simsun_12.o(.constdata) for acFontHZSimSun_12_002b
    simsun_12.o(.constdata) refers to simsun_12.o(.constdata) for acFontHZSimSun_12_002c
    simsun_12.o(.constdata) refers to simsun_12.o(.constdata) for acFontHZSimSun_12_002d
    simsun_12.o(.constdata) refers to simsun_12.o(.constdata) for acFontHZSimSun_12_002e
    simsun_12.o(.constdata) refers to simsun_12.o(.constdata) for acFontHZSimSun_12_002f
    simsun_12.o(.constdata) refers to simsun_12.o(.constdata) for acFontHZSimSun_12_0030
    simsun_12.o(.constdata) refers to simsun_12.o(.constdata) for acFontHZSimSun_12_0031
    simsun_12.o(.constdata) refers to simsun_12.o(.constdata) for acFontHZSimSun_12_0032
    simsun_12.o(.constdata) refers to simsun_12.o(.constdata) for acFontHZSimSun_12_0033
    simsun_12.o(.constdata) refers to simsun_12.o(.constdata) for acFontHZSimSun_12_0034
    simsun_12.o(.constdata) refers to simsun_12.o(.constdata) for acFontHZSimSun_12_0035
    simsun_12.o(.constdata) refers to simsun_12.o(.constdata) for acFontHZSimSun_12_0036
    simsun_12.o(.constdata) refers to simsun_12.o(.constdata) for acFontHZSimSun_12_0037
    simsun_12.o(.constdata) refers to simsun_12.o(.constdata) for acFontHZSimSun_12_0038
    simsun_12.o(.constdata) refers to simsun_12.o(.constdata) for acFontHZSimSun_12_0039
    simsun_12.o(.constdata) refers to simsun_12.o(.constdata) for acFontHZSimSun_12_003a
    simsun_12.o(.constdata) refers to simsun_12.o(.constdata) for acFontHZSimSun_12_003b
    simsun_12.o(.constdata) refers to simsun_12.o(.constdata) for acFontHZSimSun_12_003c
    simsun_12.o(.constdata) refers to simsun_12.o(.constdata) for acFontHZSimSun_12_003d
    simsun_12.o(.constdata) refers to simsun_12.o(.constdata) for acFontHZSimSun_12_003e
    simsun_12.o(.constdata) refers to simsun_12.o(.constdata) for acFontHZSimSun_12_003f
    simsun_12.o(.constdata) refers to simsun_12.o(.constdata) for acFontHZSimSun_12_0040
    simsun_12.o(.constdata) refers to simsun_12.o(.constdata) for acFontHZSimSun_12_0041
[...]
    dmp_set_accel_bias                       0x08004f39   Thumb Code   210  inv_mpu_dmp_motion_driver.o(i.dmp_set_accel_bias)
    dmp_set_fifo_rate                        0x08005011   Thumb Code    82  inv_mpu_dmp_motion_driver.o(i.dmp_set_fifo_rate)
    dmp_set_gyro_bias                        0x08005075   Thumb Code   196  inv_mpu_dmp_motion_driver.o(i.dmp_set_gyro_bias)
    dmp_set_orientation                      0x08005141   Thumb Code   246  inv_mpu_dmp_motion_driver.o(i.dmp_set_orientation)
    dmp_set_shake_reject_thresh              0x0800524d   Thumb Code    48  inv_mpu_dmp_motion_driver.o(i.dmp_set_shake_reject_thresh)
    dmp_set_shake_reject_time                0x0800527d   Thumb Code    32  inv_mpu_dmp_motion_driver.o(i.dmp_set_shake_reject_time)
    dmp_set_shake_reject_timeout             0x0800529d   Thumb Code    32  inv_mpu_dmp_motion_driver.o(i.dmp_set_shake_reject_timeout)
    dmp_set_tap_axes                         0x080052bd   Thumb Code    64  inv_mpu_dmp_motion_driver.o(i.dmp_set_tap_axes)
    dmp_set_tap_count                        0x080052fd   Thumb Code    34  inv_mpu_dmp_motion_driver.o(i.dmp_set_tap_count)
    dmp_set_tap_thresh                       0x08005321   Thumb Code   274  inv_mpu_dmp_motion_driver.o(i.dmp_set_tap_thresh)
    dmp_set_tap_time                         0x08005449   Thumb Code    32  inv_mpu_dmp_motion_driver.o(i.dmp_set_tap_time)
    dmp_set_tap_time_multi                   0x08005469   Thumb Code    32  inv_mpu_dmp_motion_driver.o(i.dmp_set_tap_time_multi)
    fputc                                    0x08005489   Thumb Code    20  main.o(i.fputc)
    i2cRead                                  0x08005935   Thumb Code   254  stm32_i2c.o(i.i2cRead)
    i2cWriteBuffer                           0x08005a39   Thumb Code    84  stm32_i2c.o(i.i2cWriteBuffer)
    i2cread                                  0x08005a8d   Thumb Code    18  stm32_i2c.o(i.i2cread)
    i2cwrite                                 0x08005a9f   Thumb Code    18  stm32_i2c.o(i.i2cwrite)
    main                                     0x08005af9   Thumb Code   204  main.o(i.main)
    mpu_configure_fifo                       0x08005be9   Thumb Code    78  inv_mpu.o(i.mpu_configure_fifo)
    mpu_get_accel_fsr                        0x08005c3d   Thumb Code    54  inv_mpu.o(i.mpu_get_accel_fsr)
    mpu_get_accel_sens                       0x08005c79   Thumb Code    62  inv_mpu.o(i.mpu_get_accel_sens)
    mpu_get_gyro_fsr                         0x08005cbd   Thumb Code    48  inv_mpu.o(i.mpu_get_gyro_fsr)
    mpu_get_gyro_sens                        0x08005cf1   Thumb Code    44  inv_mpu.o(i.mpu_get_gyro_sens)
    mpu_get_lpf                              0x08005d31   Thumb Code    52  inv_mpu.o(i.mpu_get_lpf)
    mpu_get_sample_rate                      0x08005d69   Thumb Code    22  inv_mpu.o(i.mpu_get_sample_rate)
    mpu_init                                 0x08005d85   Thumb Code   336  inv_mpu.o(i.mpu_init)
    mpu_load_firmware                        0x08005f6d   Thumb Code   154  inv_mpu.o(i.mpu_load_firmware)
    mpu_lp_accel_mode                        0x0800600d   Thumb Code   178  inv_mpu.o(i.mpu_lp_accel_mode)
    mpu_read_fifo_stream                     0x080060c5   Thumb Code   140  inv_mpu.o(i.mpu_read_fifo_stream)
    mpu_read_mem                             0x08006155   Thumb Code    80  inv_mpu.o(i.mpu_read_mem)
    mpu_reset_fifo                           0x080061a9   Thumb Code   346  inv_mpu.o(i.mpu_reset_fifo)
    mpu_run_self_test                        0x08006309   Thumb Code   236  inv_mpu.o(i.mpu_run_self_test)
    mpu_set_accel_fsr                        0x080063f9   Thumb Code    98  inv_mpu.o(i.mpu_set_accel_fsr)
    mpu_set_bypass                           0x08006461   Thumb Code   214  inv_mpu.o(i.mpu_set_bypass)
    mpu_set_dmp_state                        0x0800653d   Thumb Code   114  inv_mpu.o(i.mpu_set_dmp_state)
    mpu_set_gyro_fsr                         0x080065b5   Thumb Code   104  inv_mpu.o(i.mpu_set_gyro_fsr)
    mpu_set_int_latched                      0x08006621   Thumb Code    94  inv_mpu.o(i.mpu_set_int_latched)
    mpu_set_lpf                              0x08006685   Thumb Code   102  inv_mpu.o(i.mpu_set_lpf)
    mpu_set_sample_rate                      0x080066f1   Thumb Code   124  inv_mpu.o(i.mpu_set_sample_rate)
    mpu_set_sensors                          0x08006771   Thumb Code   178  inv_mpu.o(i.mpu_set_sensors)
    mpu_write_mem                            0x08006829   Thumb Code    80  inv_mpu.o(i.mpu_write_mem)
    osDelay                                  0x0800687d   Thumb Code    14  cmsis_os.o(i.osDelay)
    osKernelStart                            0x0800688b   Thumb Code    10  cmsis_os.o(i.osKernelStart)
    osThreadCreate                           0x08006895   Thumb Code    46  cmsis_os.o(i.osThreadCreate)
    pvPortMalloc                             0x08006c01   Thumb Code   210  heap_4.o(i.pvPortMalloc)
    pxPortInitialiseStack                    0x08006cd9   Thumb Code    32  port.o(i.pxPortInitialiseStack)
    setLEDS                                  0x08006dcd   Thumb Code    68  main.o(i.setLEDS)
    sqrt                                     0x08006e71   Thumb Code    76  sqrt.o(i.sqrt)
    uxListRemove                             0x08006ebd   Thumb Code    36  list.o(i.uxListRemove)
    vListInitialise                          0x08006ee1   Thumb Code    22  list.o(i.vListInitialise)
    vListInitialiseItem                      0x08006ef7   Thumb Code     6  list.o(i.vListInitialiseItem)
    vListInsert                              0x08006efd   Thumb Code    48  list.o(i.vListInsert)
    vListInsertEnd                           0x08006f2d   Thumb Code    24  list.o(i.vListInsertEnd)
    vPortEnterCritical                       0x08006f45   Thumb Code    54  port.o(i.vPortEnterCritical)
    vPortExitCritical                        0x08006f85   Thumb Code    34  port.o(i.vPortExitCritical)
    vPortFree                                0x08006fad   Thumb Code    88  heap_4.o(i.vPortFree)
    vPortSetupTimerInterrupt                 0x08007009   Thumb Code    26  port.o(i.vPortSetupTimerInterrupt)
    vTaskDelay                               0x08007029   Thumb Code    66  tasks.o(i.vTaskDelay)
    vTaskStartScheduler                      0x08007075   Thumb Code    86  tasks.o(i.vTaskStartScheduler)
    vTaskSuspendAll                          0x080070dd   Thumb Code    10  tasks.o(i.vTaskSuspendAll)
    vTaskSwitchContext                       0x080070ed   Thumb Code    82  tasks.o(i.vTaskSwitchContext)
    xPortStartScheduler                      0x08007149   Thumb Code   102  port.o(i.xPortStartScheduler)
    xTaskCreate                              0x080071bd   Thumb Code    86  tasks.o(i.xTaskCreate)
    xTaskIncrementTick                       0x08007215   Thumb Code   192  tasks.o(i.xTaskIncrementTick)
    xTaskResumeAll                           0x080072dd   Thumb Code   182  tasks.o(i.xTaskResumeAll)
    bmAvatar_Invert                          0x0800776c   Data          16  avatar_invert.o(.constdata)
    acFontHZSimSun_12_0020                   0x0800777c   Data          12  simsun_12.o(.constdata)
    acFontHZSimSun_12_0021                   0x08007788   Data          12  simsun_12.o(.constdata)
    acFontHZSimSun_12_0022                   0x08007794   Data          12  simsun_12.o(.constdata)
    acFontHZSimSun_12_0023                   0x080077a0   Data          12  simsun_12.o(.constdata)
    acFontHZSimSun_12_0024                   0x080077ac   Data          12  simsun_12.o(.constdata)
    acFontHZSimSun_12_0025                   0x080077b8   Data          12  simsun_12.o(.constdata)
    acFontHZSimSun_12_0026                   0x080077c4   Data          12  simsun_12.o(.constdata)
    acFontHZSimSun_12_0027                   0x080077d0   Data          12  simsun_12.o(.constdata)
    acFontHZSimSun_12_0028                   0x080077dc   Data          12  simsun_12.o(.constdata)
    acFontHZSimSun_12_0029                   0x080077e8   Data          12  simsun_12.o(.constdata)
    acFontHZSimSun_12_002a                   0x080077f4   Data          12  simsun_12.o(.constdata)
    acFontHZSimSun_12_002b                   0x08007800   Data          12  simsun_12.o(.constdata)
    acFontHZSimSun_12_002c                   0x0800780c   Data          12  simsun_12.o(.constdata)
    acFontHZSimSun_12_002d                   0x08007818   Data          12  simsun_12.o(.constdata)
    acFontHZSimSun_12_002e                   0x08007824   Data          12  simsun_12.o(.constdata)
    acFontHZSimSun_12_002f                   0x08007830   Data          12  simsun_12.o(.constdata)
    acFontHZSimSun_12_0030                   0x0800783c   Data          12  simsun_12.o(.constdata)
    acFontHZSimSun_12_0031                   0x08007848   Data          12  simsun_12.o(.constdata)
    acFontHZSimSun_12_0032                   0x08007854   Data          12  simsun_12.o(.constdata)
    acFontHZSimSun_12_0033                   0x08007860   Data          12  simsun_12.o(.constdata)
    acFontHZSimSun_12_0034                   0x0800786c   Data          12  simsun_12.o(.constdata)
    acFontHZSimSun_12_0035                   0x08007878   Data          12  simsun_12.o(.constdata)
    acFontHZSimSun_12_0036                   0x08007884   Data          12  simsun_12.o(.constdata)
    acFontHZSimSun_12_0037                   0x08007890   Data          12  simsun_12.o(.constdata)
    acFontHZSimSun_12_0038                   0x0800789c   Data          12  simsun_12.o(.constdata)
    acFontHZSimSun_12_0039                   0x080078a8   Data          12  simsun_12.o(.constdata)
    acFontHZSimSun_12_003a                   0x080078b4   Data          12  simsun_12.o(.constdata)
    acFontHZSimSun_12_003b                   0x080078c0   Data          12  simsun_12.o(.constdata)
    acFontHZSimSun_12_003c                   0x080078cc   Data          12  simsun_12.o(.constdata)
    acFontHZSimSun_12_003d                   0x080078d8   Data          12  simsun_12.o(.constdata)
    acFontHZSimSun_12_003e                   0x080078e4   Data          12  simsun_12.o(.constdata)
    acFontHZSimSun_12_003f                   0x080078f0   Data          12  simsun_12.o(.constdata)
    acFontHZSimSun_12_0040                   0x080078fc   Data          12  simsun_12.o(.constdata)
    acFontHZSimSun_12_0041                   0x08007908   Data          12  simsun_12.o(.constdata)
    acFontHZSimSun_12_0042                   0x08007914   Data          12  simsun_12.o(.constdata)
    acFontHZSimSun_12_0043                   0x08007920   Data          12  simsun_12.o(.constdata)
    acFontHZSimSun_12_0044                   0x0800792c   Data          12  simsun_12.o(.constdata)
    acFontHZSimSun_12_0045                   0x08007938   Data          12  simsun_12.o(.constdata)
    acFontHZSimSun_12_0046                   0x08007944   Data          12  simsun_12.o(.constdata)
    acFontHZSimSun_12_0047                   0x08007950   Data          12  simsun_12.o(.constdata)
    acFontHZSimSun_12_0048                   0x0800795c   Data          12  simsun_12.o(.constdata)
    acFontHZSimSun_12_0049                   0x08007968   Data          12  simsun_12.o(.constdata)
    acFontHZSimSun_12_004a                   0x08007974   Data          12  simsun_12.o(.constdata)
    acFontHZSimSun_12_004b                   0x08007980   Data          12  simsun_12.o(.constdata)
    acFontHZSimSun_12_004c                   0x0800798c   Data          12  simsun_12.o(.constdata)
    acFontHZSimSun_12_004d                   0x08007998   Data          12  simsun_12.o(.constdata)
    acFontHZSimSun_12_004e                   0x080079a4   Data          12  simsun_12.o(.constdata)
    acFontHZSimSun_12_004f                   0x080079b0   Data          12  simsun_12.o(.constdata)
    acFontHZSimSun_12_0050                   0x080079bc   Data          12  simsun_12.o(.constdata)
    acFontHZSimSun_12_0051                   0x080079c8   Data          12  simsun_12.o(.constdata)
    acFontHZSimSun_12_0052                   0x080079d4   Data          12  simsun_12.o(.constdata)
    acFontHZSimSun_12_0053                   0x080079e0   Data          12  simsun_12.o(.constdata)
    acFontHZSimSun_12_0054                   0x080079ec   Data          12  simsun_12.o(.constdata)
    acFontHZSimSun_12_0055                   0x080079f8   Data          12  simsun_12.o(.constdata)
    acFontHZSimSun_12_0056                   0x08007a04   Data          12  simsun_12.o(.constdata)
    acFontHZSimSun_12_0057                   0x08007a10   Data          12  simsun_12.o(.constdata)
    acFontHZSimSun_12_0058                   0x08007a1c   Data          12  simsun_12.o(.constdata)
    acFontHZSimSun_12_0059                   0x08007a28   Data          12  simsun_12.o(.constdata)
    acFontHZSimSun_12_005a                   0x08007a34   Data          12  simsun_12.o(.constdata)
    acFontHZSimSun_12_005b                   0x08007a40   Data          12  simsun_12.o(.constdata)
    acFontHZSimSun_12_005c                   0x08007a4c   Data          12  simsun_12.o(.constdata)
    acFontHZSimSun_12_005d                   0x08007a58   Data          12  simsun_12.o(.constdata)
    acFontHZSimSun_12_005e                   0x08007a64   Data          12  simsun_12.o(.constdata)
    acFontHZSimSun_12_005f                   0x08007a70   Data          12  simsun_12.o(.constdata)
    acFontHZSimSun_12_0060                   0x08007a7c   Data          12  simsun_12.o(.constdata)
    acFontHZSimSun_12_0061                   0x08007a88   Data          12  simsun_12.o(.constdata)
    acFontHZSimSun_12_0062                   0x08007a94   Data          12  simsun_12.o(.constdata)
    acFontHZSimSun_12_0063                   0x08007aa0   Data          12  simsun_12.o(.constdata)
    acFontHZSimSun_12_0064                   0x08007aac   Data          12  simsun_12.o(.constdata)
    acFontHZSimSun_12_0065                   0x08007ab8   Data          12  simsun_12.o(.constdata)
    acFontHZSimSun_12_0066                   0x08007ac4   Data          12  simsun_12.o(.constdata)
    acFontHZSimSun_12_0067                   0x08007ad0   Data          12  simsun_12.o(.constdata)
    acFontHZSimSun_12_0068                   0x08007adc   Data          12  simsun_12.o(.constdata)
    acFontHZSimSun_12_0069                   0x08007ae8   Data          12  simsun_12.o(.constdata)
    acFontHZSimSun_12_006a                   0x08007af4   Data          12  simsun_12.o(.constdata)
    acFontHZSimSun_12_006b                   0x08007b00   Data          12  simsun_12.o(.constdata)
    acFontHZSimSun_12_006c                   0x08007b0c   Data          12  simsun_12.o(.constdata)
    acFontHZSimSun_12_006d                   0x08007b18   Data          12  simsun_12.o(.constdata)
    acFontHZSimSun_12_006e                   0x08007b24   Data          12  simsun_12.o(.constdata)
    acFontHZSimSun_12_006f                   0x08007b30   Data          12  simsun_12.o(.constdata)
    acFontHZSimSun_12_0070                   0x08007b3c   Data          12  simsun_12.o(.constdata)
    acFontHZSimSun_12_0071                   0x08007b48   Data          12  simsun_12.o(.constdata)
    acFontHZSimSun_12_0072                   0x08007b54   Data          12  simsun_12.o(.constdata)
    acFontHZSimSun_12_0073                   0x08007b60   Data          12  simsun_12.o(.constdata)
    acFontHZSimSun_12_0074                   0x08007b6c   Data          12  simsun_12.o(.constdata)
    acFontHZSimSun_12_0075                   0x08007b78   Data          12  simsun_12.o(.constdata)
    acFontHZSimSun_12_0076                   0x08007b84   Data          12  simsun_12.o(.constdata)
    acFontHZSimSun_12_0077                   0x08007b90   Data          12  simsun_12.o(.constdata)
    acFontHZSimSun_12_0078                   0x08007b9c   Data          12  simsun_12.o(.constdata)
    acFontHZSimSun_12_0079                   0x08007ba8   Data          12  simsun_12.o(.constdata)
    acFontHZSimSun_12_007a                   0x08007bb4   Data          12  simsun_12.o(.constdata)
    acFontHZSimSun_12_007b                   0x08007bc0   Data          12  simsun_12.o(.constdata)
    acFontHZSimSun_12_007c                   0x08007bcc   Data          12  simsun_12.o(.constdata)
    acFontHZSimSun_12_007d                   0x08007bd8   Data          12  simsun_12.o(.constdata)
    acFontHZSimSun_12_007e                   0x08007be4   Data          12  simsun_12.o(.constdata)
    acFontHZSimSun_12_007f                   0x08007bf0   Data          12  simsun_12.o(.constdata)
    acFontHZSimSun_12_a1f0                   0x08007bfc   Data          24  simsun_12.o(.constdata)
    acFontHZSimSun_12_a1f1                   0x08007c14   Data          24  simsun_12.o(.constdata)
    acFontHZSimSun_12_a878                   0x08007c2c   Data          24  simsun_12.o(.constdata)
    acFontHZSimSun_12_a87c                   0x08007c44   Data          24  simsun_12.o(.constdata)
    acFontHZSimSun_12_b2e2                   0x08007c5c   Data          24  simsun_12.o(.constdata)
    acFontHZSimSun_12_b3c2                   0x08007c74   Data          24  simsun_12.o(.constdata)
    acFontHZSimSun_12_b3cc                   0x08007c8c   Data          24  simsun_12.o(.constdata)
    acFontHZSimSun_12_b4ae                   0x08007ca4   Data          24  simsun_12.o(.constdata)
    acFontHZSimSun_12_b4f3                   0x08007cbc   Data          24  simsun_12.o(.constdata)
    acFontHZSimSun_12_b5e3                   0x08007cd4   Data          24  simsun_12.o(.constdata)
    acFontHZSimSun_12_b5e7                   0x08007cec   Data          24  simsun_12.o(.constdata)
    acFontHZSimSun_12_babc                   0x08007d04   Data          24  simsun_12.o(.constdata)
    acFontHZSimSun_12_babd                   0x08007d1c   Data          24  simsun_12.o(.constdata)
    acFontHZSimSun_12_bacf                   0x08007d34   Data          24  simsun_12.o(.constdata)
    acFontHZSimSun_12_bbf9                   0x08007d4c   Data          24  simsun_12.o(.constdata)
    acFontHZSimSun_12_bcbc                   0x08007d64   Data          24  simsun_12.o(.constdata)
    acFontHZSimSun_12_bcc6                   0x08007d7c   Data          24  simsun_12.o(.constdata)
    acFontHZSimSun_12_bdda                   0x08007d94   Data          24  simsun_12.o(.constdata)
    acFontHZSimSun_12_bde2                   0x08007dac   Data          24  simsun_12.o(.constdata)
    acFontHZSimSun_12_bfc6                   0x08007dc4   Data          24  simsun_12.o(.constdata)
    acFontHZSimSun_12_bfce                   0x08007ddc   Data          24  simsun_12.o(.constdata)
    acFontHZSimSun_12_bfda                   0x08007df4   Data          24  simsun_12.o(.constdata)
    acFontHZSimSun_12_c2dd                   0x08007e0c   Data          24  simsun_12.o(.constdata)
    acFontHZSimSun_12_c9e8                   0x08007e24   Data          24  simsun_12.o(.constdata)
    acFontHZSimSun_12_cad4                   0x08007e3c   Data          24  simsun_12.o(.constdata)
    acFontHZSimSun_12_cbe3                   0x08007e54   Data          24  simsun_12.o(.constdata)
    acFontHZSimSun_12_ccac                   0x08007e6c   Data          24  simsun_12.o(.constdata)
    acFontHZSimSun_12_cda8                   0x08007e84   Data          24  simsun_12.o(.constdata)
    acFontHZSimSun_12_cdb3                   0x08007e9c   Data          24  simsun_12.o(.constdata)
    acFontHZSimSun_12_cdd3                   0x08007eb4   Data          24  simsun_12.o(.constdata)
    acFontHZSimSun_12_cede                   0x08007ecc   Data          24  simsun_12.o(.constdata)
    acFontHZSimSun_12_cfb5                   0x08007ee4   Data          24  simsun_12.o(.constdata)
    acFontHZSimSun_12_cfdf                   0x08007efc   Data          24  simsun_12.o(.constdata)
    acFontHZSimSun_12_d0c5                   0x08007f14   Data          24  simsun_12.o(.constdata)
    acFontHZSimSun_12_d1a7                   0x08007f2c   Data          24  simsun_12.o(.constdata)
    acFontHZSimSun_12_d2c7                   0x08007f44   Data          24  simsun_12.o(.constdata)
    acFontHZSimSun_12_d2dd                   0x08007f5c   Data          24  simsun_12.o(.constdata)
    acFontHZSimSun_12_d3da                   0x08007f74   Data          24  simsun_12.o(.constdata)
    acFontHZSimSun_12_d4f8                   0x08007f8c   Data          24  simsun_12.o(.constdata)
    acFontHZSimSun_12_d6dd                   0x08007fa4   Data          24  simsun_12.o(.constdata)
    acFontHZSimSun_12_d7cb                   0x08007fbc   Data          24  simsun_12.o(.constdata)
    acFontHZSimSun_12_d7d3                   0x08007fd4   Data          24  simsun_12.o(.constdata)
    acFontHZSimSun_12_d7db                   0x08007fec   Data          24  simsun_12.o(.constdata)
    acFontHZSimSun_12_d8b9                   0x08008004   Data          24  simsun_12.o(.constdata)
    GUI_FontHZSimSun_12_CharInfo             0x0800801c   Data        1120  simsun_12.o(.constdata)
    GUI_FontHZSimSun_12_Propd8b9             0x0800847c   Data          12  simsun_12.o(.constdata)
    GUI_FontHZSimSun_12_Propd7db             0x08008488   Data          12  simsun_12.o(.constdata)
    GUI_FontHZSimSun_12_Propd7d3             0x08008494   Data          12  simsun_12.o(.constdata)
    GUI_FontHZSimSun_12_Propd7cb             0x080084a0   Data          12  simsun_12.o(.constdata)
    GUI_FontHZSimSun_12_Propd6dd             0x080084ac   Data          12  simsun_12.o(.constdata)
    GUI_FontHZSimSun_12_Propd4f8             0x080084b8   Data          12  simsun_12.o(.constdata)
    GUI_FontHZSimSun_12_Propd3da             0x080084c4   Data          12  simsun_12.o(.constdata)
    GUI_FontHZSimSun_12_Propd2dd             0x080084d0   Data          12  simsun_12.o(.constdata)
    GUI_FontHZSimSun_12_Propd2c7             0x080084dc   Data          12  simsun_12.o(.constdata)
    GUI_FontHZSimSun_12_Propd1a7             0x080084e8   Data          12  simsun_12.o(.constdata)
    GUI_FontHZSimSun_12_Propd0c5             0x080084f4   Data          12  simsun_12.o(.constdata)
    GUI_FontHZSimSun_12_Propcfdf             0x08008500   Data          12  simsun_12.o(.constdata)
    GUI_FontHZSimSun_12_Propcfb5             0x0800850c   Data          12  simsun_12.o(.constdata)
    GUI_FontHZSimSun_12_Propcede             0x08008518   Data          12  simsun_12.o(.constdata)
    GUI_FontHZSimSun_12_Propcdd3             0x08008524   Data          12  simsun_12.o(.constdata)
    GUI_FontHZSimSun_12_Propcdb3             0x08008530   Data          12  simsun_12.o(.constdata)
    GUI_FontHZSimSun_12_Propcda8             0x0800853c   Data          12  simsun_12.o(.constdata)
    GUI_FontHZSimSun_12_Propccac             0x08008548   Data          12  simsun_12.o(.constdata)
    GUI_FontHZSimSun_12_Propcbe3             0x08008554   Data          12  simsun_12.o(.constdata)
    GUI_FontHZSimSun_12_Propcad4             0x08008560   Data          12  simsun_12.o(.constdata)
    GUI_FontHZSimSun_12_Propc9e8             0x0800856c   Data          12  simsun_12.o(.constdata)
    GUI_FontHZSimSun_12_Propc2dd             0x08008578   Data          12  simsun_12.o(.constdata)
    GUI_FontHZSimSun_12_Propbfda             0x08008584   Data          12  simsun_12.o(.constdata)
    GUI_FontHZSimSun_12_Propbfce             0x08008590   Data          12  simsun_12.o(.constdata)
    GUI_FontHZSimSun_12_Propbfc6             0x0800859c   Data          12  simsun_12.o(.constdata)
    GUI_FontHZSimSun_12_Propbde2             0x080085a8   Data          12  simsun_12.o(.constdata)
    GUI_FontHZSimSun_12_Propbdda             0x080085b4   Data          12  simsun_12.o(.constdata)
    GUI_FontHZSimSun_12_Propbcc6             0x080085c0   Data          12  simsun_12.o(.constdata)
    GUI_FontHZSimSun_12_Propbcbc             0x080085cc   Data          12  simsun_12.o(.constdata)
    GUI_FontHZSimSun_12_Propbbf9             0x080085d8   Data          12  simsun_12.o(.constdata)
    GUI_FontHZSimSun_12_Propbacf             0x080085e4   Data          12  simsun_12.o(.constdata)
    GUI_FontHZSimSun_12_Propbabc             0x080085f0   Data          12  simsun_12.o(.constdata)
    GUI_FontHZSimSun_12_Propb5e7             0x080085fc   Data          12  simsun_12.o(.constdata)
    GUI_FontHZSimSun_12_Propb5e3             0x08008608   Data          12  simsun_12.o(.constdata)
    GUI_FontHZSimSun_12_Propb4f3             0x08008614   Data          12  simsun_12.o(.constdata)
    GUI_FontHZSimSun_12_Propb4ae             0x08008620   Data          12  simsun_12.o(.constdata)
    GUI_FontHZSimSun_12_Propb3cc             0x0800862c   Data          12  simsun_12.o(.constdata)
    GUI_FontHZSimSun_12_Propb3c2             0x08008638   Data          12  simsun_12.o(.constdata)
    GUI_FontHZSimSun_12_Propb2e2             0x08008644   Data          12  simsun_12.o(.constdata)
    GUI_FontHZSimSun_12_Propa87c             0x08008650   Data          12  simsun_12.o(.constdata)
    GUI_FontHZSimSun_12_Propa878             0x0800865c   Data          12  simsun_12.o(.constdata)
    GUI_FontHZSimSun_12_Propa1f0             0x08008668   Data          12  simsun_12.o(.constdata)
    GUI_FontHZSimSun_12_Prop0020             0x08008674   Data          12  simsun_12.o(.constdata)
    GUI_FontHZ_SimSun_12                     0x08008680   Data          32  simsun_12.o(.constdata)
    AHBPrescTable                            0x080086f0   Data          16  system_stm32f1xx.o(.constdata)
    APBPrescTable                            0x08008700   Data           8  system_stm32f1xx.o(.constdata)
    acFont8ASCII                             0x08008708   Data         760  f08_ascii.o(.constdata)
    GUI_Font8_ASCII_CharInfo                 0x08008a00   Data         760  f08_ascii.o(.constdata)
    GUI_Font8ASCII_Prop                      0x08008cf8   Data          12  f08_ascii.o(.constdata)
    GUI_Font8_ASCII                          0x08008d04   Data          32  f08_ascii.o(.constdata)
    hw                                       0x08008d24   Data          12  inv_mpu.o(.constdata)
    reg                                      0x08008d30   Data          27  inv_mpu.o(.constdata)
    test                                     0x08008d4c   Data          40  inv_mpu.o(.constdata)
    __mathlib_zero                           0x08009a58   Data           8  qnan.o(.constdata)
    Region$$Table$$Base                      0x08009c60   Number         0  anon$$obj.o(Region$$Table)
    Region$$Table$$Limit                     0x08009c80   Number         0  anon$$obj.o(Region$$Table)
    K1_sta                                   0x20000000   Data           1  main.o(.data)
    K2_sta                                   0x20000001   Data           1  main.o(.data)
    K3_sta                                   0x20000002   Data           1  main.o(.data)
    K4_sta                                   0x20000003   Data           1  main.o(.data)
    func_switch                              0x20000004   Data           1  main.o(.data)
    Ledsta                                   0x20000005   Data           1  main.o(.data)
    LED_flowflag                             0x20000006   Data           1  main.o(.data)
    line_flag                                0x20000007   Data           1  main.o(.data)
    line_flag2                               0x20000008   Data           1  main.o(.data)
    rxit_ok                                  0x20000009   Data           1  main.o(.data)
    rxit_ok2                                 0x2000000a   Data           1  main.o(.data)
    adval                                    0x2000000c   Data           2  main.o(.data)
    mpuok                                    0x20000010   Data           4  main.o(.data)
    page_sta                                 0x20000014   Data           4  main.o(.data)
    pBuf                                     0x20000018   Data           4  main.o(.data)
    pBuf2                                    0x2000001c   Data           4  main.o(.data)
    defaultTaskHandle                        0x20000020   Data           4  main.o(.data)
    KeyTaskHandle                            0x20000024   Data           4  main.o(.data)
    DispTaskHandle                           0x20000028   Data           4  main.o(.data)
    LedTaskHandle                            0x2000002c   Data           4  main.o(.data)
    uwTickFreq                               0x20000030   Data           1  stm32f1xx_hal.o(.data)
    uwTickPrio                               0x20000034   Data           4  stm32f1xx_hal.o(.data)
    uwTick                                   0x20000038   Data           4  stm32f1xx_hal.o(.data)
    SystemCoreClock                          0x2000003c   Data           4  system_stm32f1xx.o(.data)
    pxCurrentTCB                             0x20000040   Data           4  tasks.o(.data)
    GUI_DecChar                              0x200000a0   Data           1  guislim.o(.data)
    ax                                       0x200000d4   Data           2  mpu6050.o(.data)
    ay                                       0x200000d6   Data           2  mpu6050.o(.data)
    az                                       0x200000d8   Data           2  mpu6050.o(.data)
    gx                                       0x200000da   Data           2  mpu6050.o(.data)
    gy                                       0x200000dc   Data           2  mpu6050.o(.data)
    gz                                       0x200000de   Data           2  mpu6050.o(.data)
    q0                                       0x200000e0   Data           4  mpu6050.o(.data)
    q1                                       0x200000e4   Data           4  mpu6050.o(.data)
    q2                                       0x200000e8   Data           4  mpu6050.o(.data)
    q3                                       0x200000ec   Data           4  mpu6050.o(.data)
    fAX                                      0x200000f0   Data           4  mpu6050.o(.data)
    fAY                                      0x200000f4   Data           4  mpu6050.o(.data)
    fAZ                                      0x200000f8   Data           4  mpu6050.o(.data)
    __stdout                                 0x20000108   Data           4  stdout.o(.data)
    rx1_buff                                 0x20000110   Data         128  main.o(.bss)
    rx2_buff                                 0x20000190   Data         128  main.o(.bss)
    hadc1                                    0x20000210   Data          48  main.o(.bss)
    huart1                                   0x20000240   Data          64  main.o(.bss)
    huart2                                   0x20000280   Data          64  main.o(.bss)
    val                                      0x200002c0   Data          40  main.o(.bss)
    hdma_adc1                                0x200002e8   Data          68  main.o(.bss)
    htim1                                    0x2000032c   Data          64  stm32f1xx_hal_timebase_tim.o(.bss)
    GUI_Context                              0x20001c5c   Data          32  guislim.o(.bss)
    __initial_sp                             0x20002490   Data           0  startup_stm32f103xb.o(STACK)



==============================================================================

Memory Map of the image

  Image Entry point : 0x080000ed

  Load Region LR_IROM1 (Base: 0x08000000, Size: 0x00009d90, Max: 0x00010000, ABSOLUTE)

    Execution Region ER_IROM1 (Exec base: 0x08000000, Load base: 0x08000000, Size: 0x00009c80, Max: 0x00010000, ABSOLUTE)

    Exec Addr    Load Addr    Size         Type   Attr      Idx    E Section Name        Object

    0x08000000   0x08000000   0x000000ec   Data   RO            3    RESET               startup_stm32f103xb.o
    0x080000ec   0x080000ec   0x00000000   Code   RO         5581  * .ARM.Collect$$$$00000000  mc_w.l(entry.o)
    0x080000ec   0x080000ec   0x00000004   Code   RO         5922    .ARM.Collect$$$$00000001  mc_w.l(entry2.o)
    0x080000f0   0x080000f0   0x00000004   Code   RO         5925    .ARM.Collect$$$$00000004  mc_w.l(entry5.o)
    0x080000f4   0x080000f4   0x00000000   Code   RO         5927    .ARM.Collect$$$$00000008  mc_w.l(entry7b.o)
    0x080000f4   0x080000f4   0x00000000   Code   RO         5929    .ARM.Collect$$$$0000000A  mc_w.l(entry8b.o)
    0x080000f4   0x080000f4   0x00000008   Code   RO         5930    .ARM.Collect$$$$0000000B  mc_w.l(entry9a.o)
    0x080000fc   0x080000fc   0x00000000   Code   RO         5932    .ARM.Collect$$$$0000000D  mc_w.l(entry10a.o)
    0x080000fc   0x080000fc   0x00000000   Code   RO         5934    .ARM.Collect$$$$0000000F  mc_w.l(entry11a.o)
    0x080000fc   0x080000fc   0x00000004   Code   RO         5923    .ARM.Collect$$$$00002712  mc_w.l(entry2.o)
    0x08000100   0x08000100   0x00000096   Code   RO         4118    .emb_text           port.o
    0x08000196   0x08000196   0x00000002   PAD
    0x08000198   0x08000198   0x00000024   Code   RO            4    .text               startup_stm32f103xb.o
    0x080001bc   0x080001bc   0x00000062   Code   RO         5584    .text               mc_w.l(ldiv.o)
    0x0800021e   0x0800021e   0x00000020   Code   RO         5586    .text               mc_w.l(llushr.o)
    0x0800023e   0x0800023e   0x00000024   Code   RO         5588    .text               mc_w.l(memcpya.o)
    0x08000262   0x08000262   0x00000024   Code   RO         5590    .text               mc_w.l(memseta.o)
    0x08000286   0x08000286   0x0000001a   Code   RO         5592    .text               mc_w.l(memcmp.o)
    0x080002a0   0x080002a0   0x000000b0   Code   RO         5857    .text               mf_w.l(fadd.o)
    0x08000350   0x08000350   0x00000064   Code   RO         5859    .text               mf_w.l(fmul.o)
    0x080003b4   0x080003b4   0x0000007c   Code   RO         5861    .text               mf_w.l(fdiv.o)
    0x08000430   0x08000430   0x00000018   Code   RO         5863    .text               mf_w.l(fscalb.o)
    0x08000448   0x08000448   0x0000014e   Code   RO         5865    .text               mf_w.l(dadd.o)
    0x08000596   0x08000596   0x000000e4   Code   RO         5867    .text               mf_w.l(dmul.o)
    0x0800067a   0x0800067a   0x000000de   Code   RO         5869    .text               mf_w.l(ddiv.o)
    0x08000758   0x08000758   0x00000012   Code   RO         5871    .text               mf_w.l(fflti.o)
    0x0800076a   0x0800076a   0x0000000a   Code   RO         5873    .text               mf_w.l(ffltui.o)
    0x08000774   0x08000774   0x00000032   Code   RO         5877    .text               mf_w.l(ffixi.o)
    0x080007a6   0x080007a6   0x00000028   Code   RO         5879    .text               mf_w.l(ffixui.o)
    0x080007ce   0x080007ce   0x00000026   Code   RO         5881    .text               mf_w.l(f2d.o)
    0x080007f4   0x080007f4   0x00000038   Code   RO         5883    .text               mf_w.l(d2f.o)
    0x0800082c   0x0800082c   0x0000002c   Code   RO         5937    .text               mc_w.l(uidiv.o)
    0x08000858   0x08000858   0x00000062   Code   RO         5939    .text               mc_w.l(uldiv.o)
    0x080008ba   0x080008ba   0x0000001e   Code   RO         5941    .text               mc_w.l(llshl.o)
    0x080008d8   0x080008d8   0x00000024   Code   RO         5943    .text               mc_w.l(llsshr.o)
    0x080008fc   0x080008fc   0x00000000   Code   RO         5952    .text               mc_w.l(iusefp.o)
    0x080008fc   0x080008fc   0x0000006e   Code   RO         5953    .text               mf_w.l(fepilogue.o)
    0x0800096a   0x0800096a   0x000000ba   Code   RO         5955    .text               mf_w.l(depilogue.o)
    0x08000a24   0x08000a24   0x0000002e   Code   RO         5957    .text               mf_w.l(dscalb.o)
    0x08000a52   0x08000a52   0x00000002   PAD
    0x08000a54   0x08000a54   0x00000024   Code   RO         5963    .text               mc_w.l(init.o)
    0x08000a78   0x08000a78   0x000000a2   Code   RO         5965    .text               mf_w.l(dsqrt.o)
    0x08000b1a   0x08000b1a   0x00000002   PAD
    0x08000b1c   0x08000b1c   0x0000004c   Code   RO          731    i.ADC_ConversionStop_Disable  stm32f1xx_hal_adc.o
    0x08000b68   0x08000b68   0x0000004e   Code   RO          732    i.ADC_DMAConvCplt   stm32f1xx_hal_adc.o
    0x08000bb6   0x08000bb6   0x0000001a   Code   RO          733    i.ADC_DMAError      stm32f1xx_hal_adc.o
    0x08000bd0   0x08000bd0   0x0000000a   Code   RO          734    i.ADC_DMAHalfConvCplt  stm32f1xx_hal_adc.o
    0x08000bda   0x08000bda   0x00000002   PAD
    0x08000bdc   0x08000bdc   0x00000070   Code   RO          735    i.ADC_Enable        stm32f1xx_hal_adc.o
    0x08000c4c   0x08000c4c   0x00000002   Code   RO          525    i.BusFault_Handler  stm32f1xx_it.o
    0x08000c4e   0x08000c4e   0x00000002   PAD
    0x08000c50   0x08000c50   0x0000000c   Code   RO          526    i.DMA1_Channel1_IRQHandler  stm32f1xx_it.o
    0x08000c5c   0x08000c5c   0x0000002a   Code   RO         2563    i.DMA_SetConfig     stm32f1xx_hal_dma.o
    0x08000c86   0x08000c86   0x00000002   Code   RO          527    i.DebugMon_Handler  stm32f1xx_it.o
    0x08000c88   0x08000c88   0x00000168   Code   RO         4215    i.DrawBitLine1BPP   guislim.o
    0x08000df0   0x08000df0   0x00000002   Code   RO          229    i.Error_Handler     main.o
    0x08000df2   0x08000df2   0x00000002   PAD
    0x08000df4   0x08000df4   0x0000001c   Code   RO         4216    i.GL_DispChar       guislim.o
    0x08000e10   0x08000e10   0x0000001c   Code   RO         4217    i.GL_DrawBitmap     guislim.o
    0x08000e2c   0x08000e2c   0x00000080   Code   RO         4222    i.GUIPROP_DispChar  guislim.o
    0x08000eac   0x08000eac   0x00000016   Code   RO         4223    i.GUIPROP_FindChar  guislim.o
    0x08000ec2   0x08000ec2   0x00000002   PAD
    0x08000ec4   0x08000ec4   0x0000002c   Code   RO         4224    i.GUIPROP_GetCharDistX  guislim.o
    0x08000ef0   0x08000ef0   0x00000006   Code   RO         4225    i.GUIPROP_GetFontInfo  guislim.o
    0x08000ef6   0x08000ef6   0x00000010   Code   RO         4226    i.GUIPROP_IsInFont  guislim.o
    0x08000f06   0x08000f06   0x0000001a   Code   RO         4227    i.GUI_Clear         guislim.o
    0x08000f20   0x08000f20   0x00000014   Code   RO         4228    i.GUI_ClearRect     guislim.o
    0x08000f34   0x08000f34   0x00000014   Code   RO         4232    i.GUI_DispNextLine  guislim.o
    0x08000f48   0x08000f48   0x000000f0   Code   RO         4233    i.GUI_DispString    guislim.o
    0x08001038   0x08001038   0x00000010   Code   RO         4234    i.GUI_DispStringAt  guislim.o
    0x08001048   0x08001048   0x00000004   Code   RO         4239    i.GUI_DrawBitmap    guislim.o
    0x0800104c   0x0800104c   0x0000000c   Code   RO         4251    i.GUI_GetCharDistX  guislim.o
    0x08001058   0x08001058   0x0000000c   Code   RO         4257    i.GUI_GetFontDistY  guislim.o
    0x08001064   0x08001064   0x0000002c   Code   RO         4264    i.GUI_GetYAdjust    guislim.o
    0x08001090   0x08001090   0x00000014   Code   RO         4269    i.GUI_GotoXY        guislim.o
    0x080010a4   0x080010a4   0x0000003c   Code   RO         4271    i.GUI_Init          guislim.o
    0x080010e0   0x080010e0   0x00000010   Code   RO         4274    i.GUI_SetFont       guislim.o
    0x080010f0   0x080010f0   0x0000000c   Code   RO         4280    i.GUI_UC__NumChars2NumBytes  guislim.o
    0x080010fc   0x080010fc   0x00000004   Code   RO         4281    i.GUI_Update        guislim.o
    0x08001100   0x08001100   0x00000034   Code   RO         4282    i.GUI__DispLine     guislim.o
    0x08001134   0x08001134   0x00000032   Code   RO         4284    i.GUI__GetLineDistX  guislim.o
    0x08001166   0x08001166   0x00000022   Code   RO         4285    i.GUI__GetLineNumChars  guislim.o
    0x08001188   0x08001188   0x000000c8   Code   RO          911    i.HAL_ADCEx_Calibration_Start  stm32f1xx_hal_adc_ex.o
    0x08001250   0x08001250   0x000000fc   Code   RO          737    i.HAL_ADC_ConfigChannel  stm32f1xx_hal_adc.o
    0x0800134c   0x0800134c   0x0000002c   Code   RO          230    i.HAL_ADC_ConvCpltCallback  main.o
    0x08001378   0x08001378   0x00000002   Code   RO          739    i.HAL_ADC_ConvHalfCpltCallback  stm32f1xx_hal_adc.o
    0x0800137a   0x0800137a   0x00000002   Code   RO          741    i.HAL_ADC_ErrorCallback  stm32f1xx_hal_adc.o
    0x0800137c   0x0800137c   0x0000011c   Code   RO          746    i.HAL_ADC_Init      stm32f1xx_hal_adc.o
    0x08001498   0x08001498   0x00000090   Code   RO          608    i.HAL_ADC_MspInit   stm32f1xx_hal_msp.o
    0x08001528   0x08001528   0x0000010c   Code   RO          753    i.HAL_ADC_Start_DMA  stm32f1xx_hal_adc.o
    0x08001634   0x08001634   0x00000098   Code   RO         2565    i.HAL_DMA_Abort_IT  stm32f1xx_hal_dma.o
    0x080016cc   0x080016cc   0x00000154   Code   RO         2569    i.HAL_DMA_IRQHandler  stm32f1xx_hal_dma.o
    0x08001820   0x08001820   0x0000005c   Code   RO         2570    i.HAL_DMA_Init      stm32f1xx_hal_dma.o
    0x0800187c   0x0800187c   0x00000070   Code   RO         2574    i.HAL_DMA_Start_IT  stm32f1xx_hal_dma.o
    0x080018ec   0x080018ec   0x00000024   Code   RO         2204    i.HAL_Delay         stm32f1xx_hal.o
    0x08001910   0x08001910   0x000001bc   Code   RO         2500    i.HAL_GPIO_Init     stm32f1xx_hal_gpio.o
    0x08001acc   0x08001acc   0x0000000a   Code   RO         2502    i.HAL_GPIO_ReadPin  stm32f1xx_hal_gpio.o
    0x08001ad6   0x08001ad6   0x0000000a   Code   RO         2504    i.HAL_GPIO_WritePin  stm32f1xx_hal_gpio.o
    0x08001ae0   0x08001ae0   0x0000000c   Code   RO         2208    i.HAL_GetTick       stm32f1xx_hal.o
    0x08001aec   0x08001aec   0x00000010   Code   RO         2212    i.HAL_IncTick       stm32f1xx_hal.o
    0x08001afc   0x08001afc   0x00000024   Code   RO         2213    i.HAL_Init          stm32f1xx_hal.o
    0x08001b20   0x08001b20   0x00000074   Code   RO          656    i.HAL_InitTick      stm32f1xx_hal_timebase_tim.o
    0x08001b94   0x08001b94   0x00000048   Code   RO          609    i.HAL_MspInit       stm32f1xx_hal_msp.o
    0x08001bdc   0x08001bdc   0x00000016   Code   RO         2660    i.HAL_NVIC_EnableIRQ  stm32f1xx_hal_cortex.o
    0x08001bf2   0x08001bf2   0x00000002   PAD
    0x08001bf4   0x08001bf4   0x00000040   Code   RO         2666    i.HAL_NVIC_SetPriority  stm32f1xx_hal_cortex.o
    0x08001c34   0x08001c34   0x00000024   Code   RO         2667    i.HAL_NVIC_SetPriorityGrouping  stm32f1xx_hal_cortex.o
    0x08001c58   0x08001c58   0x000000c8   Code   RO         2462    i.HAL_RCCEx_GetPeriphCLKFreq  stm32f1xx_hal_rcc_ex.o
    0x08001d20   0x08001d20   0x000000ec   Code   RO         2463    i.HAL_RCCEx_PeriphCLKConfig  stm32f1xx_hal_rcc_ex.o
    0x08001e0c   0x08001e0c   0x0000016c   Code   RO         2360    i.HAL_RCC_ClockConfig  stm32f1xx_hal_rcc.o
    0x08001f78   0x08001f78   0x00000040   Code   RO         2364    i.HAL_RCC_GetClockConfig  stm32f1xx_hal_rcc.o
    0x08001fb8   0x08001fb8   0x00000020   Code   RO         2367    i.HAL_RCC_GetPCLK1Freq  stm32f1xx_hal_rcc.o
    0x08001fd8   0x08001fd8   0x00000020   Code   RO         2368    i.HAL_RCC_GetPCLK2Freq  stm32f1xx_hal_rcc.o
    0x08001ff8   0x08001ff8   0x0000006c   Code   RO         2369    i.HAL_RCC_GetSysClockFreq  stm32f1xx_hal_rcc.o
    0x08002064   0x08002064   0x00000304   Code   RO         2372    i.HAL_RCC_OscConfig  stm32f1xx_hal_rcc.o
    0x08002368   0x08002368   0x00000002   Code   RO         1638    i.HAL_TIMEx_BreakCallback  stm32f1xx_hal_tim_ex.o
    0x0800236a   0x0800236a   0x00000002   Code   RO         1639    i.HAL_TIMEx_CommutationCallback  stm32f1xx_hal_tim_ex.o
    0x0800236c   0x0800236c   0x00000036   Code   RO         1009    i.HAL_TIM_Base_Init  stm32f1xx_hal_tim.o
    0x080023a2   0x080023a2   0x00000002   Code   RO         1011    i.HAL_TIM_Base_MspInit  stm32f1xx_hal_tim.o
    0x080023a4   0x080023a4   0x00000018   Code   RO         1014    i.HAL_TIM_Base_Start_IT  stm32f1xx_hal_tim.o
    0x080023bc   0x080023bc   0x00000002   Code   RO         1038    i.HAL_TIM_IC_CaptureCallback  stm32f1xx_hal_tim.o
    0x080023be   0x080023be   0x00000166   Code   RO         1051    i.HAL_TIM_IRQHandler  stm32f1xx_hal_tim.o
    0x08002524   0x08002524   0x00000002   Code   RO         1054    i.HAL_TIM_OC_DelayElapsedCallback  stm32f1xx_hal_tim.o
    0x08002526   0x08002526   0x00000002   Code   RO         1081    i.HAL_TIM_PWM_PulseFinishedCallback  stm32f1xx_hal_tim.o
    0x08002528   0x08002528   0x00000014   Code   RO          231    i.HAL_TIM_PeriodElapsedCallback  main.o
    0x0800253c   0x0800253c   0x00000002   Code   RO         1092    i.HAL_TIM_TriggerCallback  stm32f1xx_hal_tim.o
    0x0800253e   0x0800253e   0x00000002   Code   RO         1892    i.HAL_UART_ErrorCallback  stm32f1xx_hal_uart.o
    0x08002540   0x08002540   0x00000110   Code   RO         1895    i.HAL_UART_IRQHandler  stm32f1xx_hal_uart.o
    0x08002650   0x08002650   0x00000062   Code   RO         1896    i.HAL_UART_Init     stm32f1xx_hal_uart.o
    0x080026b2   0x080026b2   0x00000002   PAD
    0x080026b4   0x080026b4   0x000000d8   Code   RO          611    i.HAL_UART_MspInit  stm32f1xx_hal_msp.o
    0x0800278c   0x0800278c   0x00000052   Code   RO         1901    i.HAL_UART_Receive_IT  stm32f1xx_hal_uart.o
    0x080027de   0x080027de   0x00000002   PAD
    0x080027e0   0x080027e0   0x00000098   Code   RO          232    i.HAL_UART_RxCpltCallback  main.o
    0x08002878   0x08002878   0x000000ba   Code   RO         1904    i.HAL_UART_Transmit  stm32f1xx_hal_uart.o
    0x08002932   0x08002932   0x00000002   Code   RO         1907    i.HAL_UART_TxCpltCallback  stm32f1xx_hal_uart.o
    0x08002934   0x08002934   0x00000002   Code   RO          528    i.HardFault_Handler  stm32f1xx_it.o
    0x08002936   0x08002936   0x00000002   PAD
    0x08002938   0x08002938   0x00000058   Code   RO         5481    i.I2C_SendByte      stm32_i2c.o
    0x08002990   0x08002990   0x0000005c   Code   RO         5482    i.I2C_Start         stm32_i2c.o
    0x080029ec   0x080029ec   0x00000044   Code   RO         5483    i.I2C_Stop          stm32_i2c.o
    0x08002a30   0x08002a30   0x00000058   Code   RO         5484    i.I2C_WaitAck       stm32_i2c.o
    0x08002a88   0x08002a88   0x0000000e   Code   RO         5485    i.I2C_delay         stm32_i2c.o
    0x08002a96   0x08002a96   0x00000002   PAD
    0x08002a98   0x08002a98   0x00000088   Code   RO         4289    i.LCD_DrawBitmap1BPP  guislim.o
    0x08002b20   0x08002b20   0x00000034   Code   RO         4296    i.LCD_L0_DrawBitmap1BPP  guislim.o
    0x08002b54   0x08002b54   0x000001e4   Code   RO         5430    i.MPU_getdata       mpu6050.o
    0x08002d38   0x08002d38   0x0000039c   Code   RO         5431    i.MPU_init          mpu6050.o
    0x080030d4   0x080030d4   0x00000040   Code   RO          233    i.MX_ADC1_Init      main.o
    0x08003114   0x08003114   0x000000c8   Code   RO          234    i.MX_GPIO_Init      main.o
    0x080031dc   0x080031dc   0x00000002   Code   RO          529    i.MemManage_Handler  stm32f1xx_it.o
    0x080031de   0x080031de   0x00000002   Code   RO          530    i.NMI_Handler       stm32f1xx_it.o
    0x080031e0   0x080031e0   0x00000020   Code   RO         2673    i.NVIC_SetPriority  stm32f1xx_hal_cortex.o
    0x08003200   0x08003200   0x00000060   Code   RO         4872    i.OLED_IIC_SendByte  ssd1306_i2c.o
    0x08003260   0x08003260   0x00000038   Code   RO         4873    i.OLED_IIC_Start    ssd1306_i2c.o
    0x08003298   0x08003298   0x0000003c   Code   RO         4874    i.OLED_IIC_Stop     ssd1306_i2c.o
    0x080032d4   0x080032d4   0x0000002c   Code   RO          235    i.RunLsd            main.o
    0x08003300   0x08003300   0x00000056   Code   RO         4743    i.SSD1306_DrawFilledRectangle  ssd1306.o
    0x08003356   0x08003356   0x0000010a   Code   RO         4745    i.SSD1306_DrawLine  ssd1306.o
    0x08003460   0x08003460   0x00000040   Code   RO         4746    i.SSD1306_DrawPixel  ssd1306.o
    0x080034a0   0x080034a0   0x00000018   Code   RO         4749    i.SSD1306_Fill      ssd1306.o
    0x080034b8   0x080034b8   0x00000040   Code   RO         4754    i.SSD1306_UpdateScreen  ssd1306.o
    0x080034f8   0x080034f8   0x00000024   Code   RO         4755    i.SSD1306_WriteByte  ssd1306.o
    0x0800351c   0x0800351c   0x00000032   Code   RO         4756    i.SSD1306_WriteMuliByte  ssd1306.o
    0x0800354e   0x0800354e   0x00000002   PAD
    0x08003550   0x08003550   0x00000100   Code   RO         4757    i.SSD1306_init      ssd1306.o
    0x08003650   0x08003650   0x00000064   Code   RO          236    i.StartDefaultTask  main.o
    0x080036b4   0x080036b4   0x000003d8   Code   RO          237    i.StartDispTask     main.o
    0x08003a8c   0x08003a8c   0x00000028   Code   RO          238    i.StartLedTask      main.o
    0x08003ab4   0x08003ab4   0x000000d0   Code   RO          239    i.StartTKeyTask     main.o
    0x08003b84   0x08003b84   0x0000002c   Code   RO         4119    i.SysTick_Handler   port.o
    0x08003bb0   0x08003bb0   0x00000060   Code   RO          240    i.SystemClock_Config  main.o
    0x08003c10   0x08003c10   0x00000048   Code   RO         3089    i.SystemInit        system_stm32f1xx.o
    0x08003c58   0x08003c58   0x0000000c   Code   RO          531    i.TIM1_UP_IRQHandler  stm32f1xx_it.o
    0x08003c64   0x08003c64   0x0000006c   Code   RO         1093    i.TIM_Base_SetConfig  stm32f1xx_hal_tim.o
    0x08003cd0   0x08003cd0   0x00000010   Code   RO         1909    i.UART_DMAAbortOnError  stm32f1xx_hal_uart.o
    0x08003ce0   0x08003ce0   0x0000001c   Code   RO         1919    i.UART_EndRxTransfer  stm32f1xx_hal_uart.o
    0x08003cfc   0x08003cfc   0x00000096   Code   RO         1921    i.UART_Receive_IT   stm32f1xx_hal_uart.o
    0x08003d92   0x08003d92   0x00000002   PAD
    0x08003d94   0x08003d94   0x00000170   Code   RO         1922    i.UART_SetConfig    stm32f1xx_hal_uart.o
    0x08003f04   0x08003f04   0x00000062   Code   RO         1923    i.UART_Transmit_IT  stm32f1xx_hal_uart.o
    0x08003f66   0x08003f66   0x00000064   Code   RO         1924    i.UART_WaitOnFlagUntilTimeout  stm32f1xx_hal_uart.o
    0x08003fca   0x08003fca   0x00000002   PAD
    0x08003fcc   0x08003fcc   0x0000000c   Code   RO          532    i.USART1_IRQHandler  stm32f1xx_it.o
    0x08003fd8   0x08003fd8   0x0000000c   Code   RO          533    i.USART2_IRQHandler  stm32f1xx_it.o
    0x08003fe4   0x08003fe4   0x00000002   Code   RO          534    i.UsageFault_Handler  stm32f1xx_it.o
    0x08003fe6   0x08003fe6   0x00000002   PAD
    0x08003fe8   0x08003fe8   0x0000000c   Code   RO         4298    i._GotoX            guislim.o
    0x08003ff4   0x08003ff4   0x0000000c   Code   RO         4299    i._GotoY            guislim.o
    0x08004000   0x08004000   0x00000020   Code   RO         5751    i.__0printf$6       mc_w.l(printf6.o)
    0x08004020   0x08004020   0x00000028   Code   RO         5753    i.__0sprintf$6      mc_w.l(printf6.o)
    0x08004048   0x08004048   0x00000028   Code   RO         5909    i.__ARM_fpclassify  m_ws.l(fpclassify.o)
    0x08004070   0x08004070   0x000000aa   Code   RO         5911    i.__kernel_poly     m_ws.l(poly.o)
    0x0800411a   0x0800411a   0x00000006   Code   RO         5896    i.__mathlib_dbl_infnan  m_ws.l(dunder.o)
    0x08004120   0x08004120   0x00000004   Code   RO         5897    i.__mathlib_dbl_infnan2  m_ws.l(dunder.o)
    0x08004124   0x08004124   0x0000000c   Code   RO         5898    i.__mathlib_dbl_invalid  m_ws.l(dunder.o)
    0x08004130   0x08004130   0x00000010   Code   RO         5901    i.__mathlib_dbl_underflow  m_ws.l(dunder.o)
    0x08004140   0x08004140   0x0000000e   Code   RO         5971    i.__scatterload_copy  mc_w.l(handlers.o)
    0x0800414e   0x0800414e   0x00000002   Code   RO         5972    i.__scatterload_null  mc_w.l(handlers.o)
    0x08004150   0x08004150   0x0000000e   Code   RO         5973    i.__scatterload_zeroinit  mc_w.l(handlers.o)
    0x0800415e   0x0800415e   0x00000002   PAD
    0x08004160   0x08004160   0x0000000c   Code   RO         5947    i.__set_errno       mc_w.l(errno.o)
    0x0800416c   0x0800416c   0x000002f0   Code   RO         5758    i._printf_core      mc_w.l(printf6.o)
    0x0800445c   0x0800445c   0x00000024   Code   RO         5759    i._printf_post_padding  mc_w.l(printf6.o)
    0x08004480   0x08004480   0x0000002e   Code   RO         5760    i._printf_pre_padding  mc_w.l(printf6.o)
    0x080044ae   0x080044ae   0x0000000a   Code   RO         5762    i._sputc            mc_w.l(printf6.o)
    0x080044b8   0x080044b8   0x00000080   Code   RO         4913    i.accel_self_test   inv_mpu.o
    0x08004538   0x08004538   0x00000270   Code   RO         5564    i.asin              m_ws.l(asin.o)
    0x080047a8   0x080047a8   0x00000220   Code   RO         5886    i.atan              m_ws.l(atan.o)
    0x080049c8   0x080049c8   0x00000180   Code   RO         5574    i.atan2             m_ws.l(atan2.o)
    0x08004b48   0x08004b48   0x00000012   Code   RO         4914    i.delay_ms          inv_mpu.o
    0x08004b5a   0x08004b5a   0x0000003a   Code   RO         5237    i.dmp_enable_6x_lp_quat  inv_mpu_dmp_motion_driver.o
    0x08004b94   0x08004b94   0x000001d8   Code   RO         5238    i.dmp_enable_feature  inv_mpu_dmp_motion_driver.o
    0x08004d6c   0x08004d6c   0x0000003c   Code   RO         5239    i.dmp_enable_gyro_cal  inv_mpu_dmp_motion_driver.o
    0x08004da8   0x08004da8   0x0000003a   Code   RO         5240    i.dmp_enable_lp_quat  inv_mpu_dmp_motion_driver.o
    0x08004de2   0x08004de2   0x00000002   PAD
    0x08004de4   0x08004de4   0x00000014   Code   RO         5245    i.dmp_load_motion_driver_firmware  inv_mpu_dmp_motion_driver.o
    0x08004df8   0x08004df8   0x00000140   Code   RO         5246    i.dmp_read_fifo     inv_mpu_dmp_motion_driver.o
    0x08004f38   0x08004f38   0x000000d8   Code   RO         5249    i.dmp_set_accel_bias  inv_mpu_dmp_motion_driver.o
    0x08005010   0x08005010   0x00000064   Code   RO         5250    i.dmp_set_fifo_rate  inv_mpu_dmp_motion_driver.o
    0x08005074   0x08005074   0x000000cc   Code   RO         5251    i.dmp_set_gyro_bias  inv_mpu_dmp_motion_driver.o
    0x08005140   0x08005140   0x0000010c   Code   RO         5253    i.dmp_set_orientation  inv_mpu_dmp_motion_driver.o
    0x0800524c   0x0800524c   0x00000030   Code   RO         5256    i.dmp_set_shake_reject_thresh  inv_mpu_dmp_motion_driver.o
    0x0800527c   0x0800527c   0x00000020   Code   RO         5257    i.dmp_set_shake_reject_time  inv_mpu_dmp_motion_driver.o
    0x0800529c   0x0800529c   0x00000020   Code   RO         5258    i.dmp_set_shake_reject_timeout  inv_mpu_dmp_motion_driver.o
    0x080052bc   0x080052bc   0x00000040   Code   RO         5259    i.dmp_set_tap_axes  inv_mpu_dmp_motion_driver.o
    0x080052fc   0x080052fc   0x00000022   Code   RO         5260    i.dmp_set_tap_count  inv_mpu_dmp_motion_driver.o
    0x0800531e   0x0800531e   0x00000002   PAD
    0x08005320   0x08005320   0x00000128   Code   RO         5261    i.dmp_set_tap_thresh  inv_mpu_dmp_motion_driver.o
    0x08005448   0x08005448   0x00000020   Code   RO         5262    i.dmp_set_tap_time  inv_mpu_dmp_motion_driver.o
    0x08005468   0x08005468   0x00000020   Code   RO         5263    i.dmp_set_tap_time_multi  inv_mpu_dmp_motion_driver.o
    0x08005488   0x08005488   0x00000018   Code   RO          241    i.fputc             main.o
    0x080054a0   0x080054a0   0x000000ac   Code   RO         4916    i.get_accel_prod_shift  inv_mpu.o
    0x0800554c   0x0800554c   0x00000314   Code   RO         4918    i.get_st_biases     inv_mpu.o
    0x08005860   0x08005860   0x000000d4   Code   RO         4919    i.gyro_self_test    inv_mpu.o
    0x08005934   0x08005934   0x00000104   Code   RO         5488    i.i2cRead           stm32_i2c.o
    0x08005a38   0x08005a38   0x00000054   Code   RO         5490    i.i2cWriteBuffer    stm32_i2c.o
    0x08005a8c   0x08005a8c   0x00000012   Code   RO         5491    i.i2cread           stm32_i2c.o
    0x08005a9e   0x08005a9e   0x00000012   Code   RO         5492    i.i2cwrite          stm32_i2c.o
    0x08005ab0   0x08005ab0   0x00000048   Code   RO         5432    i.inv_row_2_scale   mpu6050.o
    0x08005af8   0x08005af8   0x000000e4   Code   RO          242    i.main              main.o
    0x08005bdc   0x08005bdc   0x0000000c   Code   RO         3684    i.makeFreeRtosPriority  cmsis_os.o
    0x08005be8   0x08005be8   0x00000054   Code   RO         4920    i.mpu_configure_fifo  inv_mpu.o
    0x08005c3c   0x08005c3c   0x0000003c   Code   RO         4921    i.mpu_get_accel_fsr  inv_mpu.o
    0x08005c78   0x08005c78   0x00000044   Code   RO         4923    i.mpu_get_accel_sens  inv_mpu.o
    0x08005cbc   0x08005cbc   0x00000034   Code   RO         4929    i.mpu_get_gyro_fsr  inv_mpu.o
    0x08005cf0   0x08005cf0   0x00000040   Code   RO         4931    i.mpu_get_gyro_sens  inv_mpu.o
    0x08005d30   0x08005d30   0x00000038   Code   RO         4933    i.mpu_get_lpf       inv_mpu.o
    0x08005d68   0x08005d68   0x0000001c   Code   RO         4935    i.mpu_get_sample_rate  inv_mpu.o
    0x08005d84   0x08005d84   0x000001e8   Code   RO         4938    i.mpu_init          inv_mpu.o
    0x08005f6c   0x08005f6c   0x000000a0   Code   RO         4939    i.mpu_load_firmware  inv_mpu.o
    0x0800600c   0x0800600c   0x000000b8   Code   RO         4940    i.mpu_lp_accel_mode  inv_mpu.o
    0x080060c4   0x080060c4   0x00000090   Code   RO         4943    i.mpu_read_fifo_stream  inv_mpu.o
    0x08006154   0x08006154   0x00000054   Code   RO         4944    i.mpu_read_mem      inv_mpu.o
    0x080061a8   0x080061a8   0x00000160   Code   RO         4947    i.mpu_reset_fifo    inv_mpu.o
    0x08006308   0x08006308   0x000000f0   Code   RO         4948    i.mpu_run_self_test  inv_mpu.o
    0x080063f8   0x080063f8   0x00000068   Code   RO         4950    i.mpu_set_accel_fsr  inv_mpu.o
    0x08006460   0x08006460   0x000000dc   Code   RO         4951    i.mpu_set_bypass    inv_mpu.o
    0x0800653c   0x0800653c   0x00000078   Code   RO         4953    i.mpu_set_dmp_state  inv_mpu.o
    0x080065b4   0x080065b4   0x0000006c   Code   RO         4954    i.mpu_set_gyro_fsr  inv_mpu.o
    0x08006620   0x08006620   0x00000064   Code   RO         4955    i.mpu_set_int_latched  inv_mpu.o
    0x08006684   0x08006684   0x0000006c   Code   RO         4957    i.mpu_set_lpf       inv_mpu.o
    0x080066f0   0x080066f0   0x00000080   Code   RO         4958    i.mpu_set_sample_rate  inv_mpu.o
    0x08006770   0x08006770   0x000000b8   Code   RO         4959    i.mpu_set_sensors   inv_mpu.o
    0x08006828   0x08006828   0x00000054   Code   RO         4960    i.mpu_write_mem     inv_mpu.o
    0x0800687c   0x0800687c   0x0000000e   Code   RO         3686    i.osDelay           cmsis_os.o
    0x0800688a   0x0800688a   0x0000000a   Code   RO         3689    i.osKernelStart     cmsis_os.o
    0x08006894   0x08006894   0x0000002e   Code   RO         3723    i.osThreadCreate    cmsis_os.o
    0x080068c2   0x080068c2   0x00000002   PAD
    0x080068c4   0x080068c4   0x00000070   Code   RO         3395    i.prvAddCurrentTaskToDelayedList  tasks.o
    0x08006934   0x08006934   0x000000d0   Code   RO         3396    i.prvAddNewTaskToReadyList  tasks.o
    0x08006a04   0x08006a04   0x00000050   Code   RO         3397    i.prvCheckTasksWaitingTermination  tasks.o
    0x08006a54   0x08006a54   0x00000014   Code   RO         3398    i.prvDeleteTCB      tasks.o
    0x08006a68   0x08006a68   0x0000004c   Code   RO         4057    i.prvHeapInit       heap_4.o
    0x08006ab4   0x08006ab4   0x00000028   Code   RO         3399    i.prvIdleTask       tasks.o
    0x08006adc   0x08006adc   0x0000008e   Code   RO         3400    i.prvInitialiseNewTask  tasks.o
    0x08006b6a   0x08006b6a   0x00000002   PAD
    0x08006b6c   0x08006b6c   0x0000004c   Code   RO         4058    i.prvInsertBlockIntoFreeList  heap_4.o
    0x08006bb8   0x08006bb8   0x00000020   Code   RO         3401    i.prvResetNextTaskUnblockTime  tasks.o
    0x08006bd8   0x08006bd8   0x00000028   Code   RO         4120    i.prvTaskExitError  port.o
    0x08006c00   0x08006c00   0x000000d8   Code   RO         4059    i.pvPortMalloc      heap_4.o
    0x08006cd8   0x08006cd8   0x00000024   Code   RO         4121    i.pxPortInitialiseStack  port.o
    0x08006cfc   0x08006cfc   0x000000d0   Code   RO         5433    i.run_self_test     mpu6050.o
    0x08006dcc   0x08006dcc   0x0000004c   Code   RO          243    i.setLEDS           main.o
    0x08006e18   0x08006e18   0x00000058   Code   RO         4961    i.set_int_enable    inv_mpu.o
    0x08006e70   0x08006e70   0x0000004c   Code   RO         5915    i.sqrt              m_ws.l(sqrt.o)
    0x08006ebc   0x08006ebc   0x00000024   Code   RO         3218    i.uxListRemove      list.o
    0x08006ee0   0x08006ee0   0x00000016   Code   RO         3219    i.vListInitialise   list.o
    0x08006ef6   0x08006ef6   0x00000006   Code   RO         3220    i.vListInitialiseItem  list.o
    0x08006efc   0x08006efc   0x00000030   Code   RO         3221    i.vListInsert       list.o
    0x08006f2c   0x08006f2c   0x00000018   Code   RO         3222    i.vListInsertEnd    list.o
    0x08006f44   0x08006f44   0x00000040   Code   RO         4123    i.vPortEnterCritical  port.o
    0x08006f84   0x08006f84   0x00000028   Code   RO         4124    i.vPortExitCritical  port.o
    0x08006fac   0x08006fac   0x0000005c   Code   RO         4060    i.vPortFree         heap_4.o
    0x08007008   0x08007008   0x00000020   Code   RO         4125    i.vPortSetupTimerInterrupt  port.o
    0x08007028   0x08007028   0x0000004c   Code   RO         3409    i.vTaskDelay        tasks.o
    0x08007074   0x08007074   0x00000068   Code   RO         3420    i.vTaskStartScheduler  tasks.o
    0x080070dc   0x080070dc   0x00000010   Code   RO         3422    i.vTaskSuspendAll   tasks.o
    0x080070ec   0x080070ec   0x0000005c   Code   RO         3423    i.vTaskSwitchContext  tasks.o
    0x08007148   0x08007148   0x00000074   Code   RO         4127    i.xPortStartScheduler  port.o
    0x080071bc   0x080071bc   0x00000056   Code   RO         3425    i.xTaskCreate       tasks.o
    0x08007212   0x08007212   0x00000002   PAD
    0x08007214   0x08007214   0x000000c8   Code   RO         3432    i.xTaskIncrementTick  tasks.o
    0x080072dc   0x080072dc   0x000000c4   Code   RO         3438    i.xTaskResumeAll    tasks.o
    0x080073a0   0x080073a0   0x0000000c   Data   RO           10    .constdata          avatar_invert.o
    0x080073ac   0x080073ac   0x000003c0   Data   RO           11    .constdata          avatar_invert.o
    0x0800776c   0x0800776c   0x00000010   Data   RO           12    .constdata          avatar_invert.o
    0x0800777c   0x0800777c   0x0000000c   Data   RO           29    .constdata          simsun_12.o
    0x08007788   0x08007788   0x0000000c   Data   RO           30    .constdata          simsun_12.o
    0x08007794   0x08007794   0x0000000c   Data   RO           31    .constdata          simsun_12.o
    0x080077a0   0x080077a0   0x0000000c   Data   RO           32    .constdata          simsun_12.o
    0x080077ac   0x080077ac   0x0000000c   Data   RO           33    .constdata          simsun_12.o
    0x080077b8   0x080077b8   0x0000000c   Data   RO           34    .constdata          simsun_12.o
    0x080077c4   0x080077c4   0x0000000c   Data   RO           35    .constdata          simsun_12.o
    0x080077d0   0x080077d0   0x0000000c   Data   RO           36    .constdata          simsun_12.o
    0x080077dc   0x080077dc   0x0000000c   Data   RO           37    .constdata          simsun_12.o
    0x080077e8   0x080077e8   0x0000000c   Data   RO           38    .constdata          simsun_12.o
    0x080077f4   0x080077f4   0x0000000c   Data   RO           39    .constdata          simsun_12.o
    0x08007800   0x08007800   0x0000000c   Data   RO           40    .constdata          simsun_12.o
    0x0800780c   0x0800780c   0x0000000c   Data   RO           41    .constdata          simsun_12.o
    0x08007818   0x08007818   0x0000000c   Data   RO           42    .constdata          simsun_12.o
    0x08007824   0x08007824   0x0000000c   Data   RO           43    .constdata          simsun_12.o
    0x08007830   0x08007830   0x0000000c   Data   RO           44    .constdata          simsun_12.o
    0x0800783c   0x0800783c   0x0000000c   Data   RO           45    .constdata          simsun_12.o
    0x08007848   0x08007848   0x0000000c   Data   RO           46    .constdata          simsun_12.o
    0x08007854   0x08007854   0x0000000c   Data   RO           47    .constdata          simsun_12.o
    0x08007860   0x08007860   0x0000000c   Data   RO           48    .constdata          simsun_12.o
    0x0800786c   0x0800786c   0x0000000c   Data   RO           49    .constdata          simsun_12.o
    0x08007878   0x08007878   0x0000000c   Data   RO           50    .constdata          simsun_12.o
    0x08007884   0x08007884   0x0000000c   Data   RO           51    .constdata          simsun_12.o
    0x08007890   0x08007890   0x0000000c   Data   RO           52    .constdata          simsun_12.o
    0x0800789c   0x0800789c   0x0000000c   Data   RO           53    .constdata          simsun_12.o
    0x080078a8   0x080078a8   0x0000000c   Data   RO           54    .constdata          simsun_12.o
    0x080078b4   0x080078b4   0x0000000c   Data   RO           55    .constdata          simsun_12.o
    0x080078c0   0x080078c0   0x0000000c   Data   RO           56    .constdata          simsun_12.o
    0x080078cc   0x080078cc   0x0000000c   Data   RO           57    .constdata          simsun_12.o
    0x080078d8   0x080078d8   0x0000000c   Data   RO           58    .constdata          simsun_12.o
    0x080078e4   0x080078e4   0x0000000c   Data   RO           59    .constdata          simsun_12.o
    0x080078f0   0x080078f0   0x0000000c   Data   RO           60    .constdata          simsun_12.o
    0x080078fc   0x080078fc   0x0000000c   Data   RO           61    .constdata          simsun_12.o
    0x08007908   0x08007908   0x0000000c   Data   RO           62    .constdata          simsun_12.o
    0x08007914   0x08007914   0x0000000c   Data   RO           63    .constdata          simsun_12.o
    0x08007920   0x08007920   0x0000000c   Data   RO           64    .constdata          simsun_12.o
    0x0800792c   0x0800792c   0x0000000c   Data   RO           65    .constdata          simsun_12.o
    0x08007938   0x08007938   0x0000000c   Data   RO           66    .constdata          simsun_12.o
    0x08007944   0x08007944   0x0000000c   Data   RO           67    .constdata          simsun_12.o
    0x08007950   0x08007950   0x0000000c   Data   RO           68    .constdata          simsun_12.o
    0x0800795c   0x0800795c   0x0000000c   Data   RO           69    .constdata          simsun_12.o
    0x08007968   0x08007968   0x0000000c   Data   RO           70    .constdata          simsun_12.o
    0x08007974   0x08007974   0x0000000c   Data   RO           71    .constdata          simsun_12.o
    0x08007980   0x08007980   0x0000000c   Data   RO           72    .constdata          simsun_12.o
    0x0800798c   0x0800798c   0x0000000c   Data   RO           73    .constdata          simsun_12.o
    0x08007998   0x08007998   0x0000000c   Data   RO           74    .constdata          simsun_12.o
    0x080079a4   0x080079a4   0x0000000c   Data   RO           75    .constdata          simsun_12.o
    0x080079b0   0x080079b0   0x0000000c   Data   RO           76    .constdata          simsun_12.o
    0x080079bc   0x080079bc   0x0000000c   Data   RO           77    .constdata          simsun_12.o
    0x080079c8   0x080079c8   0x0000000c   Data   RO           78    .constdata          simsun_12.o
    0x080079d4   0x080079d4   0x0000000c   Data   RO           79    .constdata          simsun_12.o
    0x080079e0   0x080079e0   0x0000000c   Data   RO           80    .constdata          simsun_12.o
    0x080079ec   0x080079ec   0x0000000c   Data   RO           81    .constdata          simsun_12.o
    0x080079f8   0x080079f8   0x0000000c   Data   RO           82    .constdata          simsun_12.o
    0x08007a04   0x08007a04   0x0000000c   Data   RO           83    .constdata          simsun_12.o
    0x08007a10   0x08007a10   0x0000000c   Data   RO           84    .constdata          simsun_12.o
    0x08007a1c   0x08007a1c   0x0000000c   Data   RO           85    .constdata          simsun_12.o
    0x08007a28   0x08007a28   0x0000000c   Data   RO           86    .constdata          simsun_12.o
    0x08007a34   0x08007a34   0x0000000c   Data   RO           87    .constdata          simsun_12.o
    0x08007a40   0x08007a40   0x0000000c   Data   RO           88    .constdata          simsun_12.o
    0x08007a4c   0x08007a4c   0x0000000c   Data   RO           89    .constdata          simsun_12.o
    0x08007a58   0x08007a58   0x0000000c   Data   RO           90    .constdata          simsun_12.o
    0x08007a64   0x08007a64   0x0000000c   Data   RO           91    .constdata          simsun_12.o
    0x08007a70   0x08007a70   0x0000000c   Data   RO           92    .constdata          simsun_12.o
    0x08007a7c   0x08007a7c   0x0000000c   Data   RO           93    .constdata          simsun_12.o
    0x08007a88   0x08007a88   0x0000000c   Data   RO           94    .constdata          simsun_12.o
    0x08007a94   0x08007a94   0x0000000c   Data   RO           95    .constdata          simsun_12.o
    0x08007aa0   0x08007aa0   0x0000000c   Data   RO           96    .constdata          simsun_12.o
    0x08007aac   0x08007aac   0x0000000c   Data   RO           97    .constdata          simsun_12.o
    0x08007ab8   0x08007ab8   0x0000000c   Data   RO           98    .constdata          simsun_12.o
    0x08007ac4   0x08007ac4   0x0000000c   Data   RO           99    .constdata          simsun_12.o
    0x08007ad0   0x08007ad0   0x0000000c   Data   RO          100    .constdata          simsun_12.o
    0x08007adc   0x08007adc   0x0000000c   Data   RO          101    .constdata          simsun_12.o
    0x08007ae8   0x08007ae8   0x0000000c   Data   RO          102    .constdata          simsun_12.o
    0x08007af4   0x08007af4   0x0000000c   Data   RO          103    .constdata          simsun_12.o
    0x08007b00   0x08007b00   0x0000000c   Data   RO          104    .constdata          simsun_12.o
    0x08007b0c   0x08007b0c   0x0000000c   Data   RO          105    .constdata          simsun_12.o
    0x08007b18   0x08007b18   0x0000000c   Data   RO          106    .constdata          simsun_12.o
    0x08007b24   0x08007b24   0x0000000c   Data   RO          107    .constdata          simsun_12.o
    0x08007b30   0x08007b30   0x0000000c   Data   RO          108    .constdata          simsun_12.o
    0x08007b3c   0x08007b3c   0x0000000c   Data   RO          109    .constdata          simsun_12.o
    0x08007b48   0x08007b48   0x0000000c   Data   RO          110    .constdata          simsun_12.o
    0x08007b54   0x08007b54   0x0000000c   Data   RO          111    .constdata          simsun_12.o
    0x08007b60   0x08007b60   0x0000000c   Data   RO          112    .constdata          simsun_12.o
    0x08007b6c   0x08007b6c   0x0000000c   Data   RO          113    .constdata          simsun_12.o
    0x08007b78   0x08007b78   0x0000000c   Data   RO          114    .constdata          simsun_12.o
    0x08007b84   0x08007b84   0x0000000c   Data   RO          115    .constdata          simsun_12.o
    0x08007b90   0x08007b90   0x0000000c   Data   RO          116    .constdata          simsun_12.o
    0x08007b9c   0x08007b9c   0x0000000c   Data   RO          117    .constdata          simsun_12.o
    0x08007ba8   0x08007ba8   0x0000000c   Data   RO          118    .constdata          simsun_12.o
    0x08007bb4   0x08007bb4   0x0000000c   Data   RO          119    .constdata          simsun_12.o
    0x08007bc0   0x08007bc0   0x0000000c   Data   RO          120    .constdata          simsun_12.o
    0x08007bcc   0x08007bcc   0x0000000c   Data   RO          121    .constdata          simsun_12.o
    0x08007bd8   0x08007bd8   0x0000000c   Data   RO          122    .constdata          simsun_12.o
    0x08007be4   0x08007be4   0x0000000c   Data   RO          123    .constdata          simsun_12.o
    0x08007bf0   0x08007bf0   0x0000000c   Data   RO          124    .constdata          simsun_12.o
    0x08007bfc   0x08007bfc   0x00000018   Data   RO          125    .constdata          simsun_12.o
    0x08007c14   0x08007c14   0x00000018   Data   RO          126    .constdata          simsun_12.o
    0x08007c2c   0x08007c2c   0x00000018   Data   RO          127    .constdata          simsun_12.o
    0x08007c44   0x08007c44   0x00000018   Data   RO          128    .constdata          simsun_12.o
    0x08007c5c   0x08007c5c   0x00000018   Data   RO          129    .constdata          simsun_12.o
    0x08007c74   0x08007c74   0x00000018   Data   RO          130    .constdata          simsun_12.o
    0x08007c8c   0x08007c8c   0x00000018   Data   RO          131    .constdata          simsun_12.o
    0x08007ca4   0x08007ca4   0x00000018   Data   RO          132    .constdata          simsun_12.o
    0x08007cbc   0x08007cbc   0x00000018   Data   RO          133    .constdata          simsun_12.o
    0x08007cd4   0x08007cd4   0x00000018   Data   RO          134    .constdata          simsun_12.o
    0x08007cec   0x08007cec   0x00000018   Data   RO          135    .constdata          simsun_12.o
    0x08007d04   0x08007d04   0x00000018   Data   RO          136    .constdata          simsun_12.o
    0x08007d1c   0x08007d1c   0x00000018   Data   RO          137    .constdata          simsun_12.o
    0x08007d34   0x08007d34   0x00000018   Data   RO          138    .constdata          simsun_12.o
    0x08007d4c   0x08007d4c   0x00000018   Data   RO          139    .constdata          simsun_12.o
    0x08007d64   0x08007d64   0x00000018   Data   RO          140    .constdata          simsun_12.o
    0x08007d7c   0x08007d7c   0x00000018   Data   RO          141    .constdata          simsun_12.o
    0x08007d94   0x08007d94   0x00000018   Data   RO          142    .constdata          simsun_12.o
    0x08007dac   0x08007dac   0x00000018   Data   RO          143    .constdata          simsun_12.o
    0x08007dc4   0x08007dc4   0x00000018   Data   RO          144    .constdata          simsun_12.o
    0x08007ddc   0x08007ddc   0x00000018   Data   RO          145    .constdata          simsun_12.o
    0x08007df4   0x08007df4   0x00000018   Data   RO          146    .constdata          simsun_12.o
    0x08007e0c   0x08007e0c   0x00000018   Data   RO          147    .constdata          simsun_12.o
    0x08007e24   0x08007e24   0x00000018   Data   RO          148    .constdata          simsun_12.o
    0x08007e3c   0x08007e3c   0x00000018   Data   RO          149    .constdata          simsun_12.o
    0x08007e54   0x08007e54   0x00000018   Data   RO          150    .constdata          simsun_12.o
    0x08007e6c   0x08007e6c   0x00000018   Data   RO          151    .constdata          simsun_12.o
    0x08007e84   0x08007e84   0x00000018   Data   RO          152    .constdata          simsun_12.o
    0x08007e9c   0x08007e9c   0x00000018   Data   RO          153    .constdata          simsun_12.o
    0x08007eb4   0x08007eb4   0x00000018   Data   RO          154    .constdata          simsun_12.o
    0x08007ecc   0x08007ecc   0x00000018   Data   RO          155    .constdata          simsun_12.o
    0x08007ee4   0x08007ee4   0x00000018   Data   RO          156    .constdata          simsun_12.o
    0x08007efc   0x08007efc   0x00000018   Data   RO          157    .constdata          simsun_12.o
    0x08007f14   0x08007f14   0x00000018   Data   RO          158    .constdata          simsun_12.o
    0x08007f2c   0x08007f2c   0x00000018   Data   RO          159    .constdata          simsun_12.o
    0x08007f44   0x08007f44   0x00000018   Data   RO          160    .constdata          simsun_12.o
    0x08007f5c   0x08007f5c   0x00000018   Data   RO          161    .constdata          simsun_12.o
    0x08007f74   0x08007f74   0x00000018   Data   RO          162    .constdata          simsun_12.o
    0x08007f8c   0x08007f8c   0x00000018   Data   RO          163    .constdata          simsun_12.o
    0x08007fa4   0x08007fa4   0x00000018   Data   RO          164    .constdata          simsun_12.o
    0x08007fbc   0x08007fbc   0x00000018   Data   RO          165    .constdata          simsun_12.o
    0x08007fd4   0x08007fd4   0x00000018   Data   RO          166    .constdata          simsun_12.o
    0x08007fec   0x08007fec   0x00000018   Data   RO          167    .constdata          simsun_12.o
    0x08008004   0x08008004   0x00000018   Data   RO          168    .constdata          simsun_12.o
    0x0800801c   0x0800801c   0x00000460   Data   RO          169    .constdata          simsun_12.o
    0x0800847c   0x0800847c   0x0000000c   Data   RO          170    .constdata          simsun_12.o
    0x08008488   0x08008488   0x0000000c   Data   RO          171    .constdata          simsun_12.o
    0x08008494   0x08008494   0x0000000c   Data   RO          172    .constdata          simsun_12.o
    0x080084a0   0x080084a0   0x0000000c   Data   RO          173    .constdata          simsun_12.o
    0x080084ac   0x080084ac   0x0000000c   Data   RO          174    .constdata          simsun_12.o
    0x080084b8   0x080084b8   0x0000000c   Data   RO          175    .constdata          simsun_12.o
    0x080084c4   0x080084c4   0x0000000c   Data   RO          176    .constdata          simsun_12.o
    0x080084d0   0x080084d0   0x0000000c   Data   RO          177    .constdata          simsun_12.o
    0x080084dc   0x080084dc   0x0000000c   Data   RO          178    .constdata          simsun_12.o
    0x080084e8   0x080084e8   0x0000000c   Data   RO          179    .constdata          simsun_12.o
    0x080084f4   0x080084f4   0x0000000c   Data   RO          180    .constdata          simsun_12.o
    0x08008500   0x08008500   0x0000000c   Data   RO          181    .constdata          simsun_12.o
    0x0800850c   0x0800850c   0x0000000c   Data   RO          182    .constdata          simsun_12.o
    0x08008518   0x08008518   0x0000000c   Data   RO          183    .constdata          simsun_12.o
    0x08008524   0x08008524   0x0000000c   Data   RO          184    .constdata          simsun_12.o
    0x08008530   0x08008530   0x0000000c   Data   RO          185    .constdata          simsun_12.o
    0x0800853c   0x0800853c   0x0000000c   Data   RO          186    .constdata          simsun_12.o
    0x08008548   0x08008548   0x0000000c   Data   RO          187    .constdata          simsun_12.o
    0x08008554   0x08008554   0x0000000c   Data   RO          188    .constdata          simsun_12.o
    0x08008560   0x08008560   0x0000000c   Data   RO          189    .constdata          simsun_12.o
    0x0800856c   0x0800856c   0x0000000c   Data   RO          190    .constdata          simsun_12.o
    0x08008578   0x08008578   0x0000000c   Data   RO          191    .constdata          simsun_12.o
    0x08008584   0x08008584   0x0000000c   Data   RO          192    .constdata          simsun_12.o
    0x08008590   0x08008590   0x0000000c   Data   RO          193    .constdata          simsun_12.o
    0x0800859c   0x0800859c   0x0000000c   Data   RO          194    .constdata          simsun_12.o
    0x080085a8   0x080085a8   0x0000000c   Data   RO          195    .constdata          simsun_12.o
    0x080085b4   0x080085b4   0x0000000c   Data   RO          196    .constdata          simsun_12.o
    0x080085c0   0x080085c0   0x0000000c   Data   RO          197    .constdata          simsun_12.o
    0x080085cc   0x080085cc   0x0000000c   Data   RO          198    .constdata          simsun_12.o
    0x080085d8   0x080085d8   0x0000000c   Data   RO          199    .constdata          simsun_12.o
    0x080085e4   0x080085e4   0x0000000c   Data   RO          200    .constdata          simsun_12.o
    0x080085f0   0x080085f0   0x0000000c   Data   RO          201    .constdata          simsun_12.o
    0x080085fc   0x080085fc   0x0000000c   Data   RO          202    .constdata          simsun_12.o
    0x08008608   0x08008608   0x0000000c   Data   RO          203    .constdata          simsun_12.o
    0x08008614   0x08008614   0x0000000c   Data   RO          204    .constdata          simsun_12.o
    0x08008620   0x08008620   0x0000000c   Data   RO          205    .constdata          simsun_12.o
    0x0800862c   0x0800862c   0x0000000c   Data   RO          206    .constdata          simsun_12.o
    0x08008638   0x08008638   0x0000000c   Data   RO          207    .constdata          simsun_12.o
    0x08008644   0x08008644   0x0000000c   Data   RO          208    .constdata          simsun_12.o
    0x08008650   0x08008650   0x0000000c   Data   RO          209    .constdata          simsun_12.o
    0x0800865c   0x0800865c   0x0000000c   Data   RO          210    .constdata          simsun_12.o
    0x08008668   0x08008668   0x0000000c   Data   RO          211    .constdata          simsun_12.o
    0x08008674   0x08008674   0x0000000c   Data   RO          212    .constdata          simsun_12.o
    0x08008680   0x08008680   0x00000020   Data   RO          213    .constdata          simsun_12.o
    0x080086a0   0x080086a0   0x00000050   Data   RO          246    .constdata          main.o
    0x080086f0   0x080086f0   0x00000010   Data   RO         3090    .constdata          system_stm32f1xx.o
    0x08008700   0x08008700   0x00000008   Data   RO         3091    .constdata          system_stm32f1xx.o
    0x08008708   0x08008708   0x000002f8   Data   RO         4195    .constdata          f08_ascii.o
    0x08008a00   0x08008a00   0x000002f8   Data   RO         4196    .constdata          f08_ascii.o
    0x08008cf8   0x08008cf8   0x0000000c   Data   RO         4197    .constdata          f08_ascii.o
    0x08008d04   0x08008d04   0x00000020   Data   RO         4198    .constdata          f08_ascii.o
    0x08008d24   0x08008d24   0x0000000c   Data   RO         4962    .constdata          inv_mpu.o
    0x08008d30   0x08008d30   0x0000001b   Data   RO         4963    .constdata          inv_mpu.o
    0x08008d4b   0x08008d4b   0x00000001   PAD
    0x08008d4c   0x08008d4c   0x00000028   Data   RO         4964    .constdata          inv_mpu.o
    0x08008d74   0x08008d74   0x00000bf6   Data   RO         5265    .constdata          inv_mpu_dmp_motion_driver.o
    0x0800996a   0x0800996a   0x00000006   PAD
    0x08009970   0x08009970   0x00000050   Data   RO         5565    .constdata          m_ws.l(asin.o)
    0x080099c0   0x080099c0   0x00000098   Data   RO         5887    .constdata          m_ws.l(atan.o)
    0x08009a58   0x08009a58   0x00000008   Data   RO         5913    .constdata          m_ws.l(qnan.o)
    0x08009a60   0x08009a60   0x000001b0   Data   RO          247    .conststring        main.o
    0x08009c10   0x08009c10   0x0000004d   Data   RO         4965    .conststring        inv_mpu.o
    0x08009c5d   0x08009c5d   0x00000003   PAD
    0x08009c60   0x08009c60   0x00000020   Data   RO         5969    Region$$Table       anon$$obj.o


    Execution Region RW_IRAM1 (Exec base: 0x20000000, Load base: 0x08009c80, Size: 0x00002490, Max: 0x00005000, ABSOLUTE)

    Exec Addr    Load Addr    Size         Type   Attr      Idx    E Section Name        Object

    0x20000000   0x08009c80   0x00000030   Data   RW          248    .data               main.o
    0x20000030   0x08009cb0   0x0000000c   Data   RW         2220    .data               stm32f1xx_hal.o
    0x2000003c   0x08009cbc   0x00000004   Data   RW         3092    .data               system_stm32f1xx.o
    0x20000040   0x08009cc0   0x0000003c   Data   RW         3441    .data               tasks.o
    0x2000007c   0x08009cfc   0x00000018   Data   RW         4065    .data               heap_4.o
    0x20000094   0x08009d14   0x0000000c   Data   RW         4128    .data               port.o
    0x200000a0   0x08009d20   0x00000001   Data   RW         4301    .data               guislim.o
    0x200000a1   0x08009d21   0x00000001   PAD
    0x200000a2   0x08009d22   0x00000006   Data   RW         4759    .data               ssd1306.o
    0x200000a8   0x08009d28   0x0000002c   Data   RW         4966    .data               inv_mpu.o
    0x200000d4   0x08009d54   0x00000031   Data   RW         5434    .data               mpu6050.o
    0x20000105   0x08009d85   0x00000003   PAD
    0x20000108   0x08009d88   0x00000004   Data   RW         5936    .data               mc_w.l(stdout.o)
    0x2000010c   0x08009d8c   0x00000004   Data   RW         5948    .data               mc_w.l(errno.o)
    0x20000110        -       0x000001d8   Zero   RW          244    .bss                main.o
    0x200002e8        -       0x00000044   Zero   RW          245    .bss                main.o
    0x2000032c        -       0x00000040   Zero   RW          659    .bss                stm32f1xx_hal_timebase_tim.o
    0x2000036c        -       0x000000f0   Zero   RW         3440    .bss                tasks.o
    0x2000045c        -       0x00001800   Zero   RW         4064    .bss                heap_4.o
    0x20001c5c        -       0x00000020   Zero   RW         4300    .bss                guislim.o
    0x20001c7c        -       0x00000400   Zero   RW         4758    .bss                ssd1306.o
    0x2000207c        -       0x00000010   Zero   RW         5264    .bss                inv_mpu_dmp_motion_driver.o
    0x2000208c   0x08009d90   0x00000004   PAD
    0x20002090        -       0x00000400   Zero   RW            1    STACK               startup_stm32f103xb.o


==============================================================================

Image component sizes


      Code (inc. data)   RO Data    RW Data    ZI Data      Debug   Object Name

         0          0        988          0          0      11604   avatar_invert.o
        82          0          0          0          0      12589   cmsis_os.o
         0          0          0          0          0       8080   event_groups.o
         0          0       1564          0          0       8726   f08_ascii.o
      1486         96          0          1         32      28625   guislim.o
       460         24          0         24       6144       7211   heap_4.o
      4626        348        156         44          0      26209   inv_mpu.o
      2346        120       3062          0         16      19550   inv_mpu_dmp_motion_driver.o
       136          0          0          0          0       3362   list.o
      2282        438        512         48        540     482242   main.o
      1688        802          0         49          0       4193   mpu6050.o
       522         62          0         12          0      10140   port.o
         0          0       3876          0          0      21945   simsun_12.o
       846         28          0          6       1024      14118   ssd1306.o
       212         14          0          0          0       1593   ssd1306_i2c.o
        36          8        236          0       1024        796   startup_stm32f103xb.o
       730         24          0          0          0       6436   stm32_i2c.o
       100         18          0         12          0       5206   stm32f1xx_hal.o
      1110         54          0          0          0       7931   stm32f1xx_hal_adc.o
       200          6          0          0          0       1406   stm32f1xx_hal_adc_ex.o
       154         14          0          0          0      24970   stm32f1xx_hal_cortex.o
       738         36          0          0          0       4286   stm32f1xx_hal_dma.o
       464         36          0          0          0       3487   stm32f1xx_hal_gpio.o
       432         50          0          0          0       2423   stm32f1xx_hal_msp.o
      1372        108          0          0          0       5817   stm32f1xx_hal_rcc.o
       436         46          0          0          0       2517   stm32f1xx_hal_rcc_ex.o
       554         14          0          0          0       6678   stm32f1xx_hal_tim.o
         4          0          0          0          0       1546   stm32f1xx_hal_tim_ex.o
       116         18          0          0         64       1379   stm32f1xx_hal_timebase_tim.o
      1402         10          0          0          0       9223   stm32f1xx_hal_uart.o
        60         24          0          0          0       4201   stm32f1xx_it.o
        72         16         24          4          0       1139   system_stm32f1xx.o
      1404        116          0         60        240      14890   tasks.o

    ----------------------------------------------------------------------
     24108       2530      10460        264       9088     764518   Object Totals
         0          0         32          0          0          0   (incl. Generated)
        38          0         10          4          4          0   (incl. Padding)

    ----------------------------------------------------------------------

      Code (inc. data)   RO Data    RW Data    ZI Data      Debug   Library Member Name

       624         52         80          0          0        168   asin.o
       544         70        152          0          0        124   atan.o
       384         38          0          0          0        144   atan2.o
        38          6          0          0          0        272   dunder.o
        40          0          0          0          0         68   fpclassify.o
       170          0          0          0          0         96   poly.o
         0          0          8          0          0          0   qnan.o
        76          0          0          0          0         84   sqrt.o
         0          0          0          0          0          0   entry.o
         0          0          0          0          0          0   entry10a.o
         0          0          0          0          0          0   entry11a.o
         8          4          0          0          0          0   entry2.o
         4          0          0          0          0          0   entry5.o
         0          0          0          0          0          0   entry7b.o
         0          0          0          0          0          0   entry8b.o
         8          4          0          0          0          0   entry9a.o
        12          6          0          4          0         68   errno.o
        30          0          0          0          0          0   handlers.o
        36          8          0          0          0         68   init.o
         0          0          0          0          0          0   iusefp.o
        98          0          0          0          0         84   ldiv.o
        30          0          0          0          0         68   llshl.o
        36          0          0          0          0         68   llsshr.o
        32          0          0          0          0         68   llushr.o
        26          0          0          0          0         80   memcmp.o
        36          0          0          0          0         68   memcpya.o
        36          0          0          0          0        108   memseta.o
       916         20          0          0          0        504   printf6.o
         0          0          0          4          0          0   stdout.o
        44          0          0          0          0         80   uidiv.o
        98          0          0          0          0         92   uldiv.o
        56          0          0          0          0         88   d2f.o
       334          0          0          0          0        148   dadd.o
       222          0          0          0          0        100   ddiv.o
       186          0          0          0          0        176   depilogue.o
       228          0          0          0          0         96   dmul.o
        46          0          0          0          0         80   dscalb.o
       162          0          0          0          0        100   dsqrt.o
        38          0          0          0          0         68   f2d.o
       176          0          0          0          0        140   fadd.o
       124          0          0          0          0         88   fdiv.o
       110          0          0          0          0        168   fepilogue.o
        50          0          0          0          0         68   ffixi.o
        40          0          0          0          0         68   ffixui.o
        18          0          0          0          0         68   fflti.o
        10          0          0          0          0         68   ffltui.o
       100          0          0          0          0         76   fmul.o
        24          0          0          0          0         68   fscalb.o

    ----------------------------------------------------------------------
      5256        208        240          8          0       3980   Library Totals
         6          0          0          0          0          0   (incl. Padding)

    ----------------------------------------------------------------------

      Code (inc. data)   RO Data    RW Data    ZI Data      Debug   Library Name

      1876        166        240          0          0        956   m_ws.l
      1450         42          0          8          0       1356   mc_w.l
      1924          0          0          0          0       1668   mf_w.l

    ----------------------------------------------------------------------
      5256        208        240          8          0       3980   Library Totals

    ----------------------------------------------------------------------

==============================================================================


      Code (inc. data)   RO Data    RW Data    ZI Data      Debug   

     29364       2738      10700        272       9088     755078   Grand Totals
     29364       2738      10700        272       9088     755078   ELF Image Totals
     29364       2738      10700        272          0          0   ROM Totals

==============================================================================

    Total RO  Size (Code + RO Data)                40064 (  39.13kB)
    Total RW  Size (RW Data + ZI Data)              9360 (   9.14kB)
    Total ROM Size (Code + RO Data + RW Data)      40336 (  39.39kB)

==============================================================================

