Component: ARM Compiler 5.06 update 6 (build 750) Tool: armlink [4d35ed]

==============================================================================

Section Cross References

    startup_stm32f103xb.o(RESET) refers to startup_stm32f103xb.o(STACK) for __initial_sp
    startup_stm32f103xb.o(RESET) refers to startup_stm32f103xb.o(.text) for Reset_Handler
    startup_stm32f103xb.o(RESET) refers to stm32f1xx_it.o(i.NMI_Handler) for NMI_Handler
    startup_stm32f103xb.o(RESET) refers to stm32f1xx_it.o(i.HardFault_Handler) for HardFault_Handler
    startup_stm32f103xb.o(RESET) refers to stm32f1xx_it.o(i.MemManage_Handler) for MemManage_Handler
    startup_stm32f103xb.o(RESET) refers to stm32f1xx_it.o(i.BusFault_Handler) for BusFault_Handler
    startup_stm32f103xb.o(RESET) refers to stm32f1xx_it.o(i.UsageFault_Handler) for UsageFault_Handler
    startup_stm32f103xb.o(RESET) refers to port.o(.emb_text) for SVC_Handler
    startup_stm32f103xb.o(RESET) refers to stm32f1xx_it.o(i.DebugMon_Handler) for DebugMon_Handler
    startup_stm32f103xb.o(RESET) refers to port.o(i.SysTick_Handler) for SysTick_Handler
    startup_stm32f103xb.o(RESET) refers to stm32f1xx_it.o(i.DMA1_Channel1_IRQHandler) for DMA1_Channel1_IRQHandler
    startup_stm32f103xb.o(RESET) refers to stm32f1xx_it.o(i.TIM1_UP_IRQHandler) for TIM1_UP_IRQHandler
    startup_stm32f103xb.o(RESET) refers to stm32f1xx_it.o(i.USART1_IRQHandler) for USART1_IRQHandler
    startup_stm32f103xb.o(RESET) refers to stm32f1xx_it.o(i.USART2_IRQHandler) for USART2_IRQHandler
    startup_stm32f103xb.o(.text) refers to system_stm32f1xx.o(i.SystemInit) for SystemInit
    startup_stm32f103xb.o(.text) refers to entry.o(.ARM.Collect$$$$00000000) for __main
    avatar_invert.o(.constdata) refers to avatar_invert.o(.constdata) for _acAvatar_Invert
    avatar_invert.o(.constdata) refers to avatar_invert.o(.constdata) for _PalAvatar_Invert
    simsun_12.o(.constdata) refers to simsun_12.o(.constdata) for acFontHZSimSun_12_0020
    simsun_12.o(.constdata) refers to simsun_12.o(.constdata) for acFontHZSimSun_12_0021
    simsun_12.o(.constdata) refers to simsun_12.o(.constdata) for acFontHZSimSun_12_0022
    simsun_12.o(.constdata) refers to simsun_12.o(.constdata) for acFontHZSimSun_12_0023
    simsun_12.o(.constdata) refers to simsun_12.o(.constdata) for acFontHZSimSun_12_0024
    simsun_12.o(.constdata) refers to simsun_12.o(.constdata) for acFontHZSimSun_12_0025
    simsun_12.o(.constdata) refers to simsun_12.o(.constdata) for acFontHZSimSun_12_0026
    simsun_12.o(.constdata) refers to simsun_12.o(.constdata) for acFontHZSimSun_12_0027
    simsun_12.o(.constdata) refers to simsun_12.o(.constdata) for acFontHZSimSun_12_0028
    simsun_12.o(.constdata) refers to simsun_12.o(.constdata) for acFontHZSimSun_12_0029
    simsun_12.o(.constdata) refers to simsun_12.o(.constdata) for acFontHZSimSun_12_002a
    simsun_12.o(.constdata) refers to simsun_12.o(.constdata) for acFontHZSimSun_12_002b
    simsun_12.o(.constdata) refers to simsun_12.o(.constdata) for acFontHZSimSun_12_002c
    simsun_12.o(.constdata) refers to simsun_12.o(.constdata) for acFontHZSimSun_12_002d
    simsun_12.o(.constdata) refers to simsun_12.o(.constdata) for acFontHZSimSun_12_002e
    simsun_12.o(.constdata) refers to simsun_12.o(.constdata) for acFontHZSimSun_12_002f
    simsun_12.o(.constdata) refers to simsun_12.o(.constdata) for acFontHZSimSun_12_0030
    simsun_12.o(.constdata) refers to simsun_12.o(.constdata) for acFontHZSimSun_12_0031
    simsun_12.o(.constdata) refers to simsun_12.o(.constdata) for acFontHZSimSun_12_0032
    simsun_12.o(.constdata) refers to simsun_12.o(.constdata) for acFontHZSimSun_12_0033
    simsun_12.o(.constdata) refers to simsun_12.o(.constdata) for acFontHZSimSun_12_0034
    simsun_12.o(.constdata) refers to simsun_12.o(.constdata) for acFontHZSimSun_12_0035
    simsun_12.o(.constdata) refers to simsun_12.o(.constdata) for acFontHZSimSun_12_0036
    simsun_12.o(.constdata) refers to simsun_12.o(.constdata) for acFontHZSimSun_12_0037
    simsun_12.o(.constdata) refers to simsun_12.o(.constdata) for acFontHZSimSun_12_0038
    simsun_12.o(.constdata) refers to simsun_12.o(.constdata) for acFontHZSimSun_12_0039
    simsun_12.o(.constdata) refers to simsun_12.o(.constdata) for acFontHZSimSun_12_003a
    simsun_12.o(.constdata) refers to simsun_12.o(.constdata) for acFontHZSimSun_12_003b
    simsun_12.o(.constdata) refers to simsun_12.o(.constdata) for acFontHZSimSun_12_003c
    simsun_12.o(.constdata) refers to simsun_12.o(.constdata) for acFontHZSimSun_12_003d
    simsun_12.o(.constdata) refers to simsun_12.o(.constdata) for acFontHZSimSun_12_003e
    simsun_12.o(.constdata) refers to simsun_12.o(.constdata) for acFontHZSimSun_12_003f
    simsun_12.o(.constdata) refers to simsun_12.o(.constdata) for acFontHZSimSun_12_0040
    simsun_12.o(.constdata) refers to simsun_12.o(.constdata) for acFontHZSimSun_12_0041
[...]
    vPortSetupTimerInterrupt                 0x08007749   Thumb Code    26  port.o(i.vPortSetupTimerInterrupt)
    vTaskDelay                               0x08007769   Thumb Code    66  tasks.o(i.vTaskDelay)
    vTaskStartScheduler                      0x080077b5   Thumb Code    86  tasks.o(i.vTaskStartScheduler)
    vTaskSuspendAll                          0x0800781d   Thumb Code    10  tasks.o(i.vTaskSuspendAll)
    vTaskSwitchContext                       0x0800782d   Thumb Code    82  tasks.o(i.vTaskSwitchContext)
    xPortStartScheduler                      0x08007889   Thumb Code   102  port.o(i.xPortStartScheduler)
    xTaskCreate                              0x080078fd   Thumb Code    86  tasks.o(i.xTaskCreate)
    xTaskIncrementTick                       0x08007955   Thumb Code   192  tasks.o(i.xTaskIncrementTick)
    xTaskResumeAll                           0x08007a1d   Thumb Code   182  tasks.o(i.xTaskResumeAll)
    bmAvatar_Invert                          0x08007eac   Data          16  avatar_invert.o(.constdata)
    acFontHZSimSun_12_0020                   0x08007ebc   Data          12  simsun_12.o(.constdata)
    acFontHZSimSun_12_0021                   0x08007ec8   Data          12  simsun_12.o(.constdata)
    acFontHZSimSun_12_0022                   0x08007ed4   Data          12  simsun_12.o(.constdata)
    acFontHZSimSun_12_0023                   0x08007ee0   Data          12  simsun_12.o(.constdata)
    acFontHZSimSun_12_0024                   0x08007eec   Data          12  simsun_12.o(.constdata)
    acFontHZSimSun_12_0025                   0x08007ef8   Data          12  simsun_12.o(.constdata)
    acFontHZSimSun_12_0026                   0x08007f04   Data          12  simsun_12.o(.constdata)
    acFontHZSimSun_12_0027                   0x08007f10   Data          12  simsun_12.o(.constdata)
    acFontHZSimSun_12_0028                   0x08007f1c   Data          12  simsun_12.o(.constdata)
    acFontHZSimSun_12_0029                   0x08007f28   Data          12  simsun_12.o(.constdata)
    acFontHZSimSun_12_002a                   0x08007f34   Data          12  simsun_12.o(.constdata)
    acFontHZSimSun_12_002b                   0x08007f40   Data          12  simsun_12.o(.constdata)
    acFontHZSimSun_12_002c                   0x08007f4c   Data          12  simsun_12.o(.constdata)
    acFontHZSimSun_12_002d                   0x08007f58   Data          12  simsun_12.o(.constdata)
    acFontHZSimSun_12_002e                   0x08007f64   Data          12  simsun_12.o(.constdata)
    acFontHZSimSun_12_002f                   0x08007f70   Data          12  simsun_12.o(.constdata)
    acFontHZSimSun_12_0030                   0x08007f7c   Data          12  simsun_12.o(.constdata)
    acFontHZSimSun_12_0031                   0x08007f88   Data          12  simsun_12.o(.constdata)
    acFontHZSimSun_12_0032                   0x08007f94   Data          12  simsun_12.o(.constdata)
    acFontHZSimSun_12_0033                   0x08007fa0   Data          12  simsun_12.o(.constdata)
    acFontHZSimSun_12_0034                   0x08007fac   Data          12  simsun_12.o(.constdata)
    acFontHZSimSun_12_0035                   0x08007fb8   Data          12  simsun_12.o(.constdata)
    acFontHZSimSun_12_0036                   0x08007fc4   Data          12  simsun_12.o(.constdata)
    acFontHZSimSun_12_0037                   0x08007fd0   Data          12  simsun_12.o(.constdata)
    acFontHZSimSun_12_0038                   0x08007fdc   Data          12  simsun_12.o(.constdata)
    acFontHZSimSun_12_0039                   0x08007fe8   Data          12  simsun_12.o(.constdata)
    acFontHZSimSun_12_003a                   0x08007ff4   Data          12  simsun_12.o(.constdata)
    acFontHZSimSun_12_003b                   0x08008000   Data          12  simsun_12.o(.constdata)
    acFontHZSimSun_12_003c                   0x0800800c   Data          12  simsun_12.o(.constdata)
    acFontHZSimSun_12_003d                   0x08008018   Data          12  simsun_12.o(.constdata)
    acFontHZSimSun_12_003e                   0x08008024   Data          12  simsun_12.o(.constdata)
    acFontHZSimSun_12_003f                   0x08008030   Data          12  simsun_12.o(.constdata)
    acFontHZSimSun_12_0040                   0x0800803c   Data          12  simsun_12.o(.constdata)
    acFontHZSimSun_12_0041                   0x08008048   Data          12  simsun_12.o(.constdata)
    acFontHZSimSun_12_0042                   0x08008054   Data          12  simsun_12.o(.constdata)
    acFontHZSimSun_12_0043                   0x08008060   Data          12  simsun_12.o(.constdata)
    acFontHZSimSun_12_0044                   0x0800806c   Data          12  simsun_12.o(.constdata)
    acFontHZSimSun_12_0045                   0x08008078   Data          12  simsun_12.o(.constdata)
    acFontHZSimSun_12_0046                   0x08008084   Data          12  simsun_12.o(.constdata)
    acFontHZSimSun_12_0047                   0x08008090   Data          12  simsun_12.o(.constdata)
    acFontHZSimSun_12_0048                   0x0800809c   Data          12  simsun_12.o(.constdata)
    acFontHZSimSun_12_0049                   0x080080a8   Data          12  simsun_12.o(.constdata)
    acFontHZSimSun_12_004a                   0x080080b4   Data          12  simsun_12.o(.constdata)
    acFontHZSimSun_12_004b                   0x080080c0   Data          12  simsun_12.o(.constdata)
    acFontHZSimSun_12_004c                   0x080080cc   Data          12  simsun_12.o(.constdata)
    acFontHZSimSun_12_004d                   0x080080d8   Data          12  simsun_12.o(.constdata)
    acFontHZSimSun_12_004e                   0x080080e4   Data          12  simsun_12.o(.constdata)
    acFontHZSimSun_12_004f                   0x080080f0   Data          12  simsun_12.o(.constdata)
    acFontHZSimSun_12_0050                   0x080080fc   Data          12  simsun_12.o(.constdata)
    acFontHZSimSun_12_0051                   0x08008108   Data          12  simsun_12.o(.constdata)
    acFontHZSimSun_12_0052                   0x08008114   Data          12  simsun_12.o(.constdata)
    acFontHZSimSun_12_0053                   0x08008120   Data          12  simsun_12.o(.constdata)
    acFontHZSimSun_12_0054                   0x0800812c   Data          12  simsun_12.o(.constdata)
    acFontHZSimSun_12_0055                   0x08008138   Data          12  simsun_12.o(.constdata)
    acFontHZSimSun_12_0056                   0x08008144   Data          12  simsun_12.o(.constdata)
    acFontHZSimSun_12_0057                   0x08008150   Data          12  simsun_12.o(.constdata)
    acFontHZSimSun_12_0058                   0x0800815c   Data          12  simsun_12.o(.constdata)
    acFontHZSimSun_12_0059                   0x08008168   Data          12  simsun_12.o(.constdata)
    acFontHZSimSun_12_005a                   0x08008174   Data          12  simsun_12.o(.constdata)
    acFontHZSimSun_12_005b                   0x08008180   Data          12  simsun_12.o(.constdata)
    acFontHZSimSun_12_005c                   0x0800818c   Data          12  simsun_12.o(.constdata)
    acFontHZSimSun_12_005d                   0x08008198   Data          12  simsun_12.o(.constdata)
    acFontHZSimSun_12_005e                   0x080081a4   Data          12  simsun_12.o(.constdata)
    acFontHZSimSun_12_005f                   0x080081b0   Data          12  simsun_12.o(.constdata)
    acFontHZSimSun_12_0060                   0x080081bc   Data          12  simsun_12.o(.constdata)
    acFontHZSimSun_12_0061                   0x080081c8   Data          12  simsun_12.o(.constdata)
    acFontHZSimSun_12_0062                   0x080081d4   Data          12  simsun_12.o(.constdata)
    acFontHZSimSun_12_0063                   0x080081e0   Data          12  simsun_12.o(.constdata)
    acFontHZSimSun_12_0064                   0x080081ec   Data          12  simsun_12.o(.constdata)
    acFontHZSimSun_12_0065                   0x080081f8   Data          12  simsun_12.o(.constdata)
    acFontHZSimSun_12_0066                   0x08008204   Data          12  simsun_12.o(.constdata)
    acFontHZSimSun_12_0067                   0x08008210   Data          12  simsun_12.o(.constdata)
    acFontHZSimSun_12_0068                   0x0800821c   Data          12  simsun_12.o(.constdata)
    acFontHZSimSun_12_0069                   0x08008228   Data          12  simsun_12.o(.constdata)
    acFontHZSimSun_12_006a                   0x08008234   Data          12  simsun_12.o(.constdata)
    acFontHZSimSun_12_006b                   0x08008240   Data          12  simsun_12.o(.constdata)
    acFontHZSimSun_12_006c                   0x0800824c   Data          12  simsun_12.o(.constdata)
    acFontHZSimSun_12_006d                   0x08008258   Data          12  simsun_12.o(.constdata)
    acFontHZSimSun_12_006e                   0x08008264   Data          12  simsun_12.o(.constdata)
    acFontHZSimSun_12_006f                   0x08008270   Data          12  simsun_12.o(.constdata)
    acFontHZSimSun_12_0070                   0x0800827c   Data          12  simsun_12.o(.constdata)
    acFontHZSimSun_12_0071                   0x08008288   Data          12  simsun_12.o(.constdata)
    acFontHZSimSun_12_0072                   0x08008294   Data          12  simsun_12.o(.constdata)
    acFontHZSimSun_12_0073                   0x080082a0   Data          12  simsun_12.o(.constdata)
    acFontHZSimSun_12_0074                   0x080082ac   Data          12  simsun_12.o(.constdata)
    acFontHZSimSun_12_0075                   0x080082b8   Data          12  simsun_12.o(.constdata)
    acFontHZSimSun_12_0076                   0x080082c4   Data          12  simsun_12.o(.constdata)
    acFontHZSimSun_12_0077                   0x080082d0   Data          12  simsun_12.o(.constdata)
    acFontHZSimSun_12_0078                   0x080082dc   Data          12  simsun_12.o(.constdata)
    acFontHZSimSun_12_0079                   0x080082e8   Data          12  simsun_12.o(.constdata)
    acFontHZSimSun_12_007a                   0x080082f4   Data          12  simsun_12.o(.constdata)
    acFontHZSimSun_12_007b                   0x08008300   Data          12  simsun_12.o(.constdata)
    acFontHZSimSun_12_007c                   0x0800830c   Data          12  simsun_12.o(.constdata)
    acFontHZSimSun_12_007d                   0x08008318   Data          12  simsun_12.o(.constdata)
    acFontHZSimSun_12_007e                   0x08008324   Data          12  simsun_12.o(.constdata)
    acFontHZSimSun_12_007f                   0x08008330   Data          12  simsun_12.o(.constdata)
    acFontHZSimSun_12_a1f0                   0x0800833c   Data          24  simsun_12.o(.constdata)
    acFontHZSimSun_12_a1f1                   0x08008354   Data          24  simsun_12.o(.constdata)
    acFontHZSimSun_12_a878                   0x0800836c   Data          24  simsun_12.o(.constdata)
    acFontHZSimSun_12_a87c                   0x08008384   Data          24  simsun_12.o(.constdata)
    acFontHZSimSun_12_b0b4                   0x0800839c   Data          24  simsun_12.o(.constdata)
    acFontHZSimSun_12_b2e2                   0x080083b4   Data          24  simsun_12.o(.constdata)
    acFontHZSimSun_12_b3c2                   0x080083cc   Data          24  simsun_12.o(.constdata)
    acFontHZSimSun_12_b3cc                   0x080083e4   Data          24  simsun_12.o(.constdata)
    acFontHZSimSun_12_b4ae                   0x080083fc   Data          24  simsun_12.o(.constdata)
    acFontHZSimSun_12_b4f3                   0x08008414   Data          24  simsun_12.o(.constdata)
    acFontHZSimSun_12_b5e3                   0x0800842c   Data          24  simsun_12.o(.constdata)
    acFontHZSimSun_12_b5e7                   0x08008444   Data          24  simsun_12.o(.constdata)
    acFontHZSimSun_12_b8a9                   0x0800845c   Data          24  simsun_12.o(.constdata)
    acFontHZSimSun_12_b9f6                   0x08008474   Data          24  simsun_12.o(.constdata)
    acFontHZSimSun_12_babc                   0x0800848c   Data          24  simsun_12.o(.constdata)
    acFontHZSimSun_12_babd                   0x080084a4   Data          24  simsun_12.o(.constdata)
    acFontHZSimSun_12_bacf                   0x080084bc   Data          24  simsun_12.o(.constdata)
    acFontHZSimSun_12_bae1                   0x080084d4   Data          24  simsun_12.o(.constdata)
    acFontHZSimSun_12_bbf9                   0x080084ec   Data          24  simsun_12.o(.constdata)
    acFontHZSimSun_12_bcbc                   0x08008504   Data          24  simsun_12.o(.constdata)
    acFontHZSimSun_12_bcc6                   0x0800851c   Data          24  simsun_12.o(.constdata)
    acFontHZSimSun_12_bcfc                   0x08008534   Data          24  simsun_12.o(.constdata)
    acFontHZSimSun_12_bdc7                   0x0800854c   Data          24  simsun_12.o(.constdata)
    acFontHZSimSun_12_bdda                   0x08008564   Data          24  simsun_12.o(.constdata)
    acFontHZSimSun_12_bde2                   0x0800857c   Data          24  simsun_12.o(.constdata)
    acFontHZSimSun_12_bedd                   0x08008594   Data          24  simsun_12.o(.constdata)
    acFontHZSimSun_12_bfc6                   0x080085ac   Data          24  simsun_12.o(.constdata)
    acFontHZSimSun_12_bfce                   0x080085c4   Data          24  simsun_12.o(.constdata)
    acFontHZSimSun_12_bfda                   0x080085dc   Data          24  simsun_12.o(.constdata)
    acFontHZSimSun_12_c2dd                   0x080085f4   Data          24  simsun_12.o(.constdata)
    acFontHZSimSun_12_c9e8                   0x0800860c   Data          24  simsun_12.o(.constdata)
    acFontHZSimSun_12_cabc                   0x08008624   Data          24  simsun_12.o(.constdata)
    acFontHZSimSun_12_cad4                   0x0800863c   Data          24  simsun_12.o(.constdata)
    acFontHZSimSun_12_cafd                   0x08008654   Data          24  simsun_12.o(.constdata)
    acFontHZSimSun_12_cbe3                   0x0800866c   Data          24  simsun_12.o(.constdata)
    acFontHZSimSun_12_ccac                   0x08008684   Data          24  simsun_12.o(.constdata)
    acFontHZSimSun_12_cda8                   0x0800869c   Data          24  simsun_12.o(.constdata)
    acFontHZSimSun_12_cdb3                   0x080086b4   Data          24  simsun_12.o(.constdata)
    acFontHZSimSun_12_cdd3                   0x080086cc   Data          24  simsun_12.o(.constdata)
    acFontHZSimSun_12_cede                   0x080086e4   Data          24  simsun_12.o(.constdata)
    acFontHZSimSun_12_cfb5                   0x080086fc   Data          24  simsun_12.o(.constdata)
    acFontHZSimSun_12_cfdf                   0x08008714   Data          24  simsun_12.o(.constdata)
    acFontHZSimSun_12_cff2                   0x0800872c   Data          24  simsun_12.o(.constdata)
    acFontHZSimSun_12_d0c5                   0x08008744   Data          24  simsun_12.o(.constdata)
    acFontHZSimSun_12_d1a7                   0x0800875c   Data          24  simsun_12.o(.constdata)
    acFontHZSimSun_12_d1f6                   0x08008774   Data          24  simsun_12.o(.constdata)
    acFontHZSimSun_12_d2c7                   0x0800878c   Data          24  simsun_12.o(.constdata)
    acFontHZSimSun_12_d2dd                   0x080087a4   Data          24  simsun_12.o(.constdata)
    acFontHZSimSun_12_d3da                   0x080087bc   Data          24  simsun_12.o(.constdata)
    acFontHZSimSun_12_d4ad                   0x080087d4   Data          24  simsun_12.o(.constdata)
    acFontHZSimSun_12_d4f8                   0x080087ec   Data          24  simsun_12.o(.constdata)
    acFontHZSimSun_12_d6dd                   0x08008804   Data          24  simsun_12.o(.constdata)
    acFontHZSimSun_12_d7b4                   0x0800881c   Data          24  simsun_12.o(.constdata)
    acFontHZSimSun_12_d7cb                   0x08008834   Data          24  simsun_12.o(.constdata)
    acFontHZSimSun_12_d7d3                   0x0800884c   Data          24  simsun_12.o(.constdata)
    acFontHZSimSun_12_d7db                   0x08008864   Data          24  simsun_12.o(.constdata)
    acFontHZSimSun_12_d8b9                   0x0800887c   Data          24  simsun_12.o(.constdata)
    GUI_FontHZSimSun_12_CharInfo             0x08008894   Data        1224  simsun_12.o(.constdata)
    GUI_FontHZSimSun_12_Propd8b9             0x08008d5c   Data          12  simsun_12.o(.constdata)
    GUI_FontHZSimSun_12_Propd7db             0x08008d68   Data          12  simsun_12.o(.constdata)
    GUI_FontHZSimSun_12_Propd7d3             0x08008d74   Data          12  simsun_12.o(.constdata)
    GUI_FontHZSimSun_12_Propd7cb             0x08008d80   Data          12  simsun_12.o(.constdata)
    GUI_FontHZSimSun_12_Propd7b4             0x08008d8c   Data          12  simsun_12.o(.constdata)
    GUI_FontHZSimSun_12_Propd6dd             0x08008d98   Data          12  simsun_12.o(.constdata)
    GUI_FontHZSimSun_12_Propd4f8             0x08008da4   Data          12  simsun_12.o(.constdata)
    GUI_FontHZSimSun_12_Propd4ad             0x08008db0   Data          12  simsun_12.o(.constdata)
    GUI_FontHZSimSun_12_Propd3da             0x08008dbc   Data          12  simsun_12.o(.constdata)
    GUI_FontHZSimSun_12_Propd2dd             0x08008dc8   Data          12  simsun_12.o(.constdata)
    GUI_FontHZSimSun_12_Propd2c7             0x08008dd4   Data          12  simsun_12.o(.constdata)
    GUI_FontHZSimSun_12_Propd1f6             0x08008de0   Data          12  simsun_12.o(.constdata)
    GUI_FontHZSimSun_12_Propd1a7             0x08008dec   Data          12  simsun_12.o(.constdata)
    GUI_FontHZSimSun_12_Propd0c5             0x08008df8   Data          12  simsun_12.o(.constdata)
    GUI_FontHZSimSun_12_Propcff2             0x08008e04   Data          12  simsun_12.o(.constdata)
    GUI_FontHZSimSun_12_Propcfdf             0x08008e10   Data          12  simsun_12.o(.constdata)
    GUI_FontHZSimSun_12_Propcfb5             0x08008e1c   Data          12  simsun_12.o(.constdata)
    GUI_FontHZSimSun_12_Propcede             0x08008e28   Data          12  simsun_12.o(.constdata)
    GUI_FontHZSimSun_12_Propcdd3             0x08008e34   Data          12  simsun_12.o(.constdata)
    GUI_FontHZSimSun_12_Propcdb3             0x08008e40   Data          12  simsun_12.o(.constdata)
    GUI_FontHZSimSun_12_Propcda8             0x08008e4c   Data          12  simsun_12.o(.constdata)
    GUI_FontHZSimSun_12_Propccac             0x08008e58   Data          12  simsun_12.o(.constdata)
    GUI_FontHZSimSun_12_Propcbe3             0x08008e64   Data          12  simsun_12.o(.constdata)
    GUI_FontHZSimSun_12_Propcafd             0x08008e70   Data          12  simsun_12.o(.constdata)
    GUI_FontHZSimSun_12_Propcad4             0x08008e7c   Data          12  simsun_12.o(.constdata)
    GUI_FontHZSimSun_12_Propcabc             0x08008e88   Data          12  simsun_12.o(.constdata)
    GUI_FontHZSimSun_12_Propc9e8             0x08008e94   Data          12  simsun_12.o(.constdata)
    GUI_FontHZSimSun_12_Propc2dd             0x08008ea0   Data          12  simsun_12.o(.constdata)
    GUI_FontHZSimSun_12_Propbfda             0x08008eac   Data          12  simsun_12.o(.constdata)
    GUI_FontHZSimSun_12_Propbfce             0x08008eb8   Data          12  simsun_12.o(.constdata)
    GUI_FontHZSimSun_12_Propbfc6             0x08008ec4   Data          12  simsun_12.o(.constdata)
    GUI_FontHZSimSun_12_Propbedd             0x08008ed0   Data          12  simsun_12.o(.constdata)
    GUI_FontHZSimSun_12_Propbde2             0x08008edc   Data          12  simsun_12.o(.constdata)
    GUI_FontHZSimSun_12_Propbdda             0x08008ee8   Data          12  simsun_12.o(.constdata)
    GUI_FontHZSimSun_12_Propbdc7             0x08008ef4   Data          12  simsun_12.o(.constdata)
    GUI_FontHZSimSun_12_Propbcfc             0x08008f00   Data          12  simsun_12.o(.constdata)
    GUI_FontHZSimSun_12_Propbcc6             0x08008f0c   Data          12  simsun_12.o(.constdata)
    GUI_FontHZSimSun_12_Propbcbc             0x08008f18   Data          12  simsun_12.o(.constdata)
    GUI_FontHZSimSun_12_Propbbf9             0x08008f24   Data          12  simsun_12.o(.constdata)
    GUI_FontHZSimSun_12_Propbae1             0x08008f30   Data          12  simsun_12.o(.constdata)
    GUI_FontHZSimSun_12_Propbacf             0x08008f3c   Data          12  simsun_12.o(.constdata)
    GUI_FontHZSimSun_12_Propbabc             0x08008f48   Data          12  simsun_12.o(.constdata)
    GUI_FontHZSimSun_12_Propb9f6             0x08008f54   Data          12  simsun_12.o(.constdata)
    GUI_FontHZSimSun_12_Propb8a9             0x08008f60   Data          12  simsun_12.o(.constdata)
    GUI_FontHZSimSun_12_Propb5e7             0x08008f6c   Data          12  simsun_12.o(.constdata)
    GUI_FontHZSimSun_12_Propb5e3             0x08008f78   Data          12  simsun_12.o(.constdata)
    GUI_FontHZSimSun_12_Propb4f3             0x08008f84   Data          12  simsun_12.o(.constdata)
    GUI_FontHZSimSun_12_Propb4ae             0x08008f90   Data          12  simsun_12.o(.constdata)
    GUI_FontHZSimSun_12_Propb3cc             0x08008f9c   Data          12  simsun_12.o(.constdata)
    GUI_FontHZSimSun_12_Propb3c2             0x08008fa8   Data          12  simsun_12.o(.constdata)
    GUI_FontHZSimSun_12_Propb2e2             0x08008fb4   Data          12  simsun_12.o(.constdata)
    GUI_FontHZSimSun_12_Propb0b4             0x08008fc0   Data          12  simsun_12.o(.constdata)
    GUI_FontHZSimSun_12_Propa87c             0x08008fcc   Data          12  simsun_12.o(.constdata)
    GUI_FontHZSimSun_12_Propa878             0x08008fd8   Data          12  simsun_12.o(.constdata)
    GUI_FontHZSimSun_12_Propa1f0             0x08008fe4   Data          12  simsun_12.o(.constdata)
    GUI_FontHZSimSun_12_Prop0020             0x08008ff0   Data          12  simsun_12.o(.constdata)
    GUI_FontHZ_SimSun_12                     0x08008ffc   Data          32  simsun_12.o(.constdata)
    AHBPrescTable                            0x0800906c   Data          16  system_stm32f1xx.o(.constdata)
    APBPrescTable                            0x0800907c   Data           8  system_stm32f1xx.o(.constdata)
    acFont8ASCII                             0x08009084   Data         760  f08_ascii.o(.constdata)
    GUI_Font8_ASCII_CharInfo                 0x0800937c   Data         760  f08_ascii.o(.constdata)
    GUI_Font8ASCII_Prop                      0x08009674   Data          12  f08_ascii.o(.constdata)
    GUI_Font8_ASCII                          0x08009680   Data          32  f08_ascii.o(.constdata)
    hw                                       0x080096a0   Data          12  inv_mpu.o(.constdata)
    reg                                      0x080096ac   Data          27  inv_mpu.o(.constdata)
    test                                     0x080096c8   Data          40  inv_mpu.o(.constdata)
    __mathlib_zero                           0x0800a3d0   Data           8  qnan.o(.constdata)
    Region$$Table$$Base                      0x0800a5d8   Number         0  anon$$obj.o(Region$$Table)
    Region$$Table$$Limit                     0x0800a5f8   Number         0  anon$$obj.o(Region$$Table)
    K1_sta                                   0x20000000   Data           1  main.o(.data)
    K2_sta                                   0x20000001   Data           1  main.o(.data)
    K3_sta                                   0x20000002   Data           1  main.o(.data)
    K4_sta                                   0x20000003   Data           1  main.o(.data)
    func_switch                              0x20000004   Data           1  main.o(.data)
    Ledsta                                   0x20000005   Data           1  main.o(.data)
    LED_flowflag                             0x20000006   Data           1  main.o(.data)
    line_flag                                0x20000007   Data           1  main.o(.data)
    line_flag2                               0x20000008   Data           1  main.o(.data)
    rxit_ok                                  0x20000009   Data           1  main.o(.data)
    rxit_ok2                                 0x2000000a   Data           1  main.o(.data)
    adval                                    0x2000000c   Data           2  main.o(.data)
    mpuok                                    0x20000010   Data           4  main.o(.data)
    page_sta                                 0x20000014   Data           4  main.o(.data)
    start_sig                                0x20000018   Data           4  main.o(.data)
    func_in                                  0x2000001c   Data           4  main.o(.data)
    pBuf                                     0x20000020   Data           4  main.o(.data)
    pBuf2                                    0x20000024   Data           4  main.o(.data)
    defaultTaskHandle                        0x20000028   Data           4  main.o(.data)
    KeyTaskHandle                            0x2000002c   Data           4  main.o(.data)
    DispTaskHandle                           0x20000030   Data           4  main.o(.data)
    LedTaskHandle                            0x20000034   Data           4  main.o(.data)
    uwTickFreq                               0x20000038   Data           1  stm32f1xx_hal.o(.data)
    uwTickPrio                               0x2000003c   Data           4  stm32f1xx_hal.o(.data)
    uwTick                                   0x20000040   Data           4  stm32f1xx_hal.o(.data)
    SystemCoreClock                          0x20000044   Data           4  system_stm32f1xx.o(.data)
    pxCurrentTCB                             0x20000048   Data           4  tasks.o(.data)
    GUI_DecChar                              0x200000a8   Data           1  guislim.o(.data)
    ax                                       0x200000dc   Data           2  mpu6050.o(.data)
    ay                                       0x200000de   Data           2  mpu6050.o(.data)
    az                                       0x200000e0   Data           2  mpu6050.o(.data)
    gx                                       0x200000e2   Data           2  mpu6050.o(.data)
    gy                                       0x200000e4   Data           2  mpu6050.o(.data)
    gz                                       0x200000e6   Data           2  mpu6050.o(.data)
    q0                                       0x200000e8   Data           4  mpu6050.o(.data)
    q1                                       0x200000ec   Data           4  mpu6050.o(.data)
    q2                                       0x200000f0   Data           4  mpu6050.o(.data)
    q3                                       0x200000f4   Data           4  mpu6050.o(.data)
    fAX                                      0x200000f8   Data           4  mpu6050.o(.data)
    fAY                                      0x200000fc   Data           4  mpu6050.o(.data)
    fAZ                                      0x20000100   Data           4  mpu6050.o(.data)
    __stdout                                 0x20000110   Data           4  stdout.o(.data)
    rx1_buff                                 0x20000118   Data         128  main.o(.bss)
    rx2_buff                                 0x20000198   Data         128  main.o(.bss)
    hadc1                                    0x20000218   Data          48  main.o(.bss)
    huart1                                   0x20000248   Data          64  main.o(.bss)
    huart2                                   0x20000288   Data          64  main.o(.bss)
    val                                      0x200002c8   Data          40  main.o(.bss)
    hdma_adc1                                0x200002f0   Data          68  main.o(.bss)
    htim1                                    0x20000334   Data          64  stm32f1xx_hal_timebase_tim.o(.bss)
    GUI_Context                              0x20001c64   Data          32  guislim.o(.bss)
    __initial_sp                             0x20002498   Data           0  startup_stm32f103xb.o(STACK)



==============================================================================

Memory Map of the image

  Image Entry point : 0x080000ed

  Load Region LR_IROM1 (Base: 0x08000000, Size: 0x0000a710, Max: 0x00010000, ABSOLUTE)

    Execution Region ER_IROM1 (Exec base: 0x08000000, Load base: 0x08000000, Size: 0x0000a5f8, Max: 0x00010000, ABSOLUTE)

    Exec Addr    Load Addr    Size         Type   Attr      Idx    E Section Name        Object

    0x08000000   0x08000000   0x000000ec   Data   RO            3    RESET               startup_stm32f103xb.o
    0x080000ec   0x080000ec   0x00000000   Code   RO         5619  * .ARM.Collect$$$$00000000  mc_w.l(entry.o)
    0x080000ec   0x080000ec   0x00000004   Code   RO         5960    .ARM.Collect$$$$00000001  mc_w.l(entry2.o)
    0x080000f0   0x080000f0   0x00000004   Code   RO         5963    .ARM.Collect$$$$00000004  mc_w.l(entry5.o)
    0x080000f4   0x080000f4   0x00000000   Code   RO         5965    .ARM.Collect$$$$00000008  mc_w.l(entry7b.o)
    0x080000f4   0x080000f4   0x00000000   Code   RO         5967    .ARM.Collect$$$$0000000A  mc_w.l(entry8b.o)
    0x080000f4   0x080000f4   0x00000008   Code   RO         5968    .ARM.Collect$$$$0000000B  mc_w.l(entry9a.o)
    0x080000fc   0x080000fc   0x00000000   Code   RO         5970    .ARM.Collect$$$$0000000D  mc_w.l(entry10a.o)
    0x080000fc   0x080000fc   0x00000000   Code   RO         5972    .ARM.Collect$$$$0000000F  mc_w.l(entry11a.o)
    0x080000fc   0x080000fc   0x00000004   Code   RO         5961    .ARM.Collect$$$$00002712  mc_w.l(entry2.o)
    0x08000100   0x08000100   0x00000096   Code   RO         4156    .emb_text           port.o
    0x08000196   0x08000196   0x00000002   PAD
    0x08000198   0x08000198   0x00000024   Code   RO            4    .text               startup_stm32f103xb.o
    0x080001bc   0x080001bc   0x00000062   Code   RO         5622    .text               mc_w.l(ldiv.o)
    0x0800021e   0x0800021e   0x00000020   Code   RO         5624    .text               mc_w.l(llushr.o)
    0x0800023e   0x0800023e   0x00000024   Code   RO         5626    .text               mc_w.l(memcpya.o)
    0x08000262   0x08000262   0x00000024   Code   RO         5628    .text               mc_w.l(memseta.o)
    0x08000286   0x08000286   0x0000001a   Code   RO         5630    .text               mc_w.l(memcmp.o)
    0x080002a0   0x080002a0   0x000000b0   Code   RO         5895    .text               mf_w.l(fadd.o)
    0x08000350   0x08000350   0x00000064   Code   RO         5897    .text               mf_w.l(fmul.o)
    0x080003b4   0x080003b4   0x0000007c   Code   RO         5899    .text               mf_w.l(fdiv.o)
    0x08000430   0x08000430   0x00000018   Code   RO         5901    .text               mf_w.l(fscalb.o)
    0x08000448   0x08000448   0x0000014e   Code   RO         5903    .text               mf_w.l(dadd.o)
    0x08000596   0x08000596   0x000000e4   Code   RO         5905    .text               mf_w.l(dmul.o)
    0x0800067a   0x0800067a   0x000000de   Code   RO         5907    .text               mf_w.l(ddiv.o)
    0x08000758   0x08000758   0x00000012   Code   RO         5909    .text               mf_w.l(fflti.o)
    0x0800076a   0x0800076a   0x0000000a   Code   RO         5911    .text               mf_w.l(ffltui.o)
    0x08000774   0x08000774   0x00000032   Code   RO         5915    .text               mf_w.l(ffixi.o)
    0x080007a6   0x080007a6   0x00000028   Code   RO         5917    .text               mf_w.l(ffixui.o)
    0x080007ce   0x080007ce   0x00000026   Code   RO         5919    .text               mf_w.l(f2d.o)
    0x080007f4   0x080007f4   0x00000038   Code   RO         5921    .text               mf_w.l(d2f.o)
    0x0800082c   0x0800082c   0x0000002c   Code   RO         5975    .text               mc_w.l(uidiv.o)
    0x08000858   0x08000858   0x00000062   Code   RO         5977    .text               mc_w.l(uldiv.o)
    0x080008ba   0x080008ba   0x0000001e   Code   RO         5979    .text               mc_w.l(llshl.o)
    0x080008d8   0x080008d8   0x00000024   Code   RO         5981    .text               mc_w.l(llsshr.o)
    0x080008fc   0x080008fc   0x00000000   Code   RO         5990    .text               mc_w.l(iusefp.o)
    0x080008fc   0x080008fc   0x0000006e   Code   RO         5991    .text               mf_w.l(fepilogue.o)
    0x0800096a   0x0800096a   0x000000ba   Code   RO         5993    .text               mf_w.l(depilogue.o)
    0x08000a24   0x08000a24   0x0000002e   Code   RO         5995    .text               mf_w.l(dscalb.o)
    0x08000a52   0x08000a52   0x00000030   Code   RO         5997    .text               mf_w.l(dfixul.o)
    0x08000a82   0x08000a82   0x00000002   PAD
    0x08000a84   0x08000a84   0x00000030   Code   RO         5999    .text               mf_w.l(cdrcmple.o)
    0x08000ab4   0x08000ab4   0x00000024   Code   RO         6001    .text               mc_w.l(init.o)
    0x08000ad8   0x08000ad8   0x000000a2   Code   RO         6003    .text               mf_w.l(dsqrt.o)
    0x08000b7a   0x08000b7a   0x00000002   PAD
    0x08000b7c   0x08000b7c   0x0000004c   Code   RO          769    i.ADC_ConversionStop_Disable  stm32f1xx_hal_adc.o
    0x08000bc8   0x08000bc8   0x0000004e   Code   RO          770    i.ADC_DMAConvCplt   stm32f1xx_hal_adc.o
    0x08000c16   0x08000c16   0x0000001a   Code   RO          771    i.ADC_DMAError      stm32f1xx_hal_adc.o
    0x08000c30   0x08000c30   0x0000000a   Code   RO          772    i.ADC_DMAHalfConvCplt  stm32f1xx_hal_adc.o
    0x08000c3a   0x08000c3a   0x00000002   PAD
    0x08000c3c   0x08000c3c   0x00000070   Code   RO          773    i.ADC_Enable        stm32f1xx_hal_adc.o
    0x08000cac   0x08000cac   0x00000002   Code   RO          563    i.BusFault_Handler  stm32f1xx_it.o
    0x08000cae   0x08000cae   0x00000002   PAD
    0x08000cb0   0x08000cb0   0x0000000c   Code   RO          564    i.DMA1_Channel1_IRQHandler  stm32f1xx_it.o
    0x08000cbc   0x08000cbc   0x0000002a   Code   RO         2601    i.DMA_SetConfig     stm32f1xx_hal_dma.o
    0x08000ce6   0x08000ce6   0x00000002   Code   RO          565    i.DebugMon_Handler  stm32f1xx_it.o
    0x08000ce8   0x08000ce8   0x00000168   Code   RO         4253    i.DrawBitLine1BPP   guislim.o
    0x08000e50   0x08000e50   0x00000002   Code   RO          255    i.Error_Handler     main.o
    0x08000e52   0x08000e52   0x00000002   PAD
    0x08000e54   0x08000e54   0x000001e4   Code   RO          256    i.Func1             main.o
    0x08001038   0x08001038   0x00000174   Code   RO          257    i.Func2             main.o
    0x080011ac   0x080011ac   0x0000001c   Code   RO         4254    i.GL_DispChar       guislim.o
    0x080011c8   0x080011c8   0x0000001c   Code   RO         4255    i.GL_DrawBitmap     guislim.o
    0x080011e4   0x080011e4   0x00000080   Code   RO         4260    i.GUIPROP_DispChar  guislim.o
    0x08001264   0x08001264   0x00000016   Code   RO         4261    i.GUIPROP_FindChar  guislim.o
    0x0800127a   0x0800127a   0x00000002   PAD
    0x0800127c   0x0800127c   0x0000002c   Code   RO         4262    i.GUIPROP_GetCharDistX  guislim.o
    0x080012a8   0x080012a8   0x00000006   Code   RO         4263    i.GUIPROP_GetFontInfo  guislim.o
    0x080012ae   0x080012ae   0x00000010   Code   RO         4264    i.GUIPROP_IsInFont  guislim.o
    0x080012be   0x080012be   0x0000001a   Code   RO         4265    i.GUI_Clear         guislim.o
    0x080012d8   0x080012d8   0x00000014   Code   RO         4266    i.GUI_ClearRect     guislim.o
    0x080012ec   0x080012ec   0x00000014   Code   RO         4270    i.GUI_DispNextLine  guislim.o
    0x08001300   0x08001300   0x000000f0   Code   RO         4271    i.GUI_DispString    guislim.o
    0x080013f0   0x080013f0   0x00000010   Code   RO         4272    i.GUI_DispStringAt  guislim.o
    0x08001400   0x08001400   0x00000004   Code   RO         4277    i.GUI_DrawBitmap    guislim.o
    0x08001404   0x08001404   0x0000000c   Code   RO         4289    i.GUI_GetCharDistX  guislim.o
    0x08001410   0x08001410   0x0000000c   Code   RO         4295    i.GUI_GetFontDistY  guislim.o
    0x0800141c   0x0800141c   0x0000002c   Code   RO         4302    i.GUI_GetYAdjust    guislim.o
    0x08001448   0x08001448   0x00000014   Code   RO         4307    i.GUI_GotoXY        guislim.o
    0x0800145c   0x0800145c   0x0000003c   Code   RO         4309    i.GUI_Init          guislim.o
    0x08001498   0x08001498   0x00000010   Code   RO         4312    i.GUI_SetFont       guislim.o
    0x080014a8   0x080014a8   0x0000000c   Code   RO         4318    i.GUI_UC__NumChars2NumBytes  guislim.o
    0x080014b4   0x080014b4   0x00000004   Code   RO         4319    i.GUI_Update        guislim.o
    0x080014b8   0x080014b8   0x00000034   Code   RO         4320    i.GUI__DispLine     guislim.o
    0x080014ec   0x080014ec   0x00000032   Code   RO         4322    i.GUI__GetLineDistX  guislim.o
    0x0800151e   0x0800151e   0x00000022   Code   RO         4323    i.GUI__GetLineNumChars  guislim.o
    0x08001540   0x08001540   0x000000c8   Code   RO          949    i.HAL_ADCEx_Calibration_Start  stm32f1xx_hal_adc_ex.o
    0x08001608   0x08001608   0x000000fc   Code   RO          775    i.HAL_ADC_ConfigChannel  stm32f1xx_hal_adc.o
    0x08001704   0x08001704   0x0000002c   Code   RO          258    i.HAL_ADC_ConvCpltCallback  main.o
    0x08001730   0x08001730   0x00000002   Code   RO          777    i.HAL_ADC_ConvHalfCpltCallback  stm32f1xx_hal_adc.o
    0x08001732   0x08001732   0x00000002   Code   RO          779    i.HAL_ADC_ErrorCallback  stm32f1xx_hal_adc.o
    0x08001734   0x08001734   0x0000011c   Code   RO          784    i.HAL_ADC_Init      stm32f1xx_hal_adc.o
    0x08001850   0x08001850   0x00000090   Code   RO          646    i.HAL_ADC_MspInit   stm32f1xx_hal_msp.o
    0x080018e0   0x080018e0   0x0000010c   Code   RO          791    i.HAL_ADC_Start_DMA  stm32f1xx_hal_adc.o
    0x080019ec   0x080019ec   0x00000098   Code   RO         2603    i.HAL_DMA_Abort_IT  stm32f1xx_hal_dma.o
    0x08001a84   0x08001a84   0x00000154   Code   RO         2607    i.HAL_DMA_IRQHandler  stm32f1xx_hal_dma.o
    0x08001bd8   0x08001bd8   0x0000005c   Code   RO         2608    i.HAL_DMA_Init      stm32f1xx_hal_dma.o
    0x08001c34   0x08001c34   0x00000070   Code   RO         2612    i.HAL_DMA_Start_IT  stm32f1xx_hal_dma.o
    0x08001ca4   0x08001ca4   0x00000024   Code   RO         2242    i.HAL_Delay         stm32f1xx_hal.o
    0x08001cc8   0x08001cc8   0x000001bc   Code   RO         2538    i.HAL_GPIO_Init     stm32f1xx_hal_gpio.o
    0x08001e84   0x08001e84   0x0000000a   Code   RO         2540    i.HAL_GPIO_ReadPin  stm32f1xx_hal_gpio.o
    0x08001e8e   0x08001e8e   0x0000000a   Code   RO         2542    i.HAL_GPIO_WritePin  stm32f1xx_hal_gpio.o
    0x08001e98   0x08001e98   0x0000000c   Code   RO         2246    i.HAL_GetTick       stm32f1xx_hal.o
    0x08001ea4   0x08001ea4   0x00000010   Code   RO         2250    i.HAL_IncTick       stm32f1xx_hal.o
    0x08001eb4   0x08001eb4   0x00000024   Code   RO         2251    i.HAL_Init          stm32f1xx_hal.o
    0x08001ed8   0x08001ed8   0x00000074   Code   RO          694    i.HAL_InitTick      stm32f1xx_hal_timebase_tim.o
    0x08001f4c   0x08001f4c   0x00000048   Code   RO          647    i.HAL_MspInit       stm32f1xx_hal_msp.o
    0x08001f94   0x08001f94   0x00000016   Code   RO         2698    i.HAL_NVIC_EnableIRQ  stm32f1xx_hal_cortex.o
    0x08001faa   0x08001faa   0x00000002   PAD
    0x08001fac   0x08001fac   0x00000040   Code   RO         2704    i.HAL_NVIC_SetPriority  stm32f1xx_hal_cortex.o
    0x08001fec   0x08001fec   0x00000024   Code   RO         2705    i.HAL_NVIC_SetPriorityGrouping  stm32f1xx_hal_cortex.o
    0x08002010   0x08002010   0x000000c8   Code   RO         2500    i.HAL_RCCEx_GetPeriphCLKFreq  stm32f1xx_hal_rcc_ex.o
    0x080020d8   0x080020d8   0x000000ec   Code   RO         2501    i.HAL_RCCEx_PeriphCLKConfig  stm32f1xx_hal_rcc_ex.o
    0x080021c4   0x080021c4   0x0000016c   Code   RO         2398    i.HAL_RCC_ClockConfig  stm32f1xx_hal_rcc.o
    0x08002330   0x08002330   0x00000040   Code   RO         2402    i.HAL_RCC_GetClockConfig  stm32f1xx_hal_rcc.o
    0x08002370   0x08002370   0x00000020   Code   RO         2405    i.HAL_RCC_GetPCLK1Freq  stm32f1xx_hal_rcc.o
    0x08002390   0x08002390   0x00000020   Code   RO         2406    i.HAL_RCC_GetPCLK2Freq  stm32f1xx_hal_rcc.o
    0x080023b0   0x080023b0   0x0000006c   Code   RO         2407    i.HAL_RCC_GetSysClockFreq  stm32f1xx_hal_rcc.o
    0x0800241c   0x0800241c   0x00000304   Code   RO         2410    i.HAL_RCC_OscConfig  stm32f1xx_hal_rcc.o
    0x08002720   0x08002720   0x00000002   Code   RO         1676    i.HAL_TIMEx_BreakCallback  stm32f1xx_hal_tim_ex.o
    0x08002722   0x08002722   0x00000002   Code   RO         1677    i.HAL_TIMEx_CommutationCallback  stm32f1xx_hal_tim_ex.o
    0x08002724   0x08002724   0x00000036   Code   RO         1047    i.HAL_TIM_Base_Init  stm32f1xx_hal_tim.o
    0x0800275a   0x0800275a   0x00000002   Code   RO         1049    i.HAL_TIM_Base_MspInit  stm32f1xx_hal_tim.o
    0x0800275c   0x0800275c   0x00000018   Code   RO         1052    i.HAL_TIM_Base_Start_IT  stm32f1xx_hal_tim.o
    0x08002774   0x08002774   0x00000002   Code   RO         1076    i.HAL_TIM_IC_CaptureCallback  stm32f1xx_hal_tim.o
    0x08002776   0x08002776   0x00000166   Code   RO         1089    i.HAL_TIM_IRQHandler  stm32f1xx_hal_tim.o
    0x080028dc   0x080028dc   0x00000002   Code   RO         1092    i.HAL_TIM_OC_DelayElapsedCallback  stm32f1xx_hal_tim.o
    0x080028de   0x080028de   0x00000002   Code   RO         1119    i.HAL_TIM_PWM_PulseFinishedCallback  stm32f1xx_hal_tim.o
    0x080028e0   0x080028e0   0x00000014   Code   RO          259    i.HAL_TIM_PeriodElapsedCallback  main.o
    0x080028f4   0x080028f4   0x00000002   Code   RO         1130    i.HAL_TIM_TriggerCallback  stm32f1xx_hal_tim.o
    0x080028f6   0x080028f6   0x00000002   Code   RO         1930    i.HAL_UART_ErrorCallback  stm32f1xx_hal_uart.o
    0x080028f8   0x080028f8   0x00000110   Code   RO         1933    i.HAL_UART_IRQHandler  stm32f1xx_hal_uart.o
    0x08002a08   0x08002a08   0x00000062   Code   RO         1934    i.HAL_UART_Init     stm32f1xx_hal_uart.o
    0x08002a6a   0x08002a6a   0x00000002   PAD
    0x08002a6c   0x08002a6c   0x000000d8   Code   RO          649    i.HAL_UART_MspInit  stm32f1xx_hal_msp.o
    0x08002b44   0x08002b44   0x00000052   Code   RO         1939    i.HAL_UART_Receive_IT  stm32f1xx_hal_uart.o
    0x08002b96   0x08002b96   0x00000002   PAD
    0x08002b98   0x08002b98   0x00000098   Code   RO          260    i.HAL_UART_RxCpltCallback  main.o
    0x08002c30   0x08002c30   0x000000ba   Code   RO         1942    i.HAL_UART_Transmit  stm32f1xx_hal_uart.o
    0x08002cea   0x08002cea   0x00000002   Code   RO         1945    i.HAL_UART_TxCpltCallback  stm32f1xx_hal_uart.o
    0x08002cec   0x08002cec   0x00000002   Code   RO          566    i.HardFault_Handler  stm32f1xx_it.o
    0x08002cee   0x08002cee   0x00000002   PAD
    0x08002cf0   0x08002cf0   0x00000058   Code   RO         5519    i.I2C_SendByte      stm32_i2c.o
    0x08002d48   0x08002d48   0x0000005c   Code   RO         5520    i.I2C_Start         stm32_i2c.o
    0x08002da4   0x08002da4   0x00000044   Code   RO         5521    i.I2C_Stop          stm32_i2c.o
    0x08002de8   0x08002de8   0x00000058   Code   RO         5522    i.I2C_WaitAck       stm32_i2c.o
    0x08002e40   0x08002e40   0x0000000e   Code   RO         5523    i.I2C_delay         stm32_i2c.o
    0x08002e4e   0x08002e4e   0x00000002   PAD
    0x08002e50   0x08002e50   0x00000088   Code   RO         4327    i.LCD_DrawBitmap1BPP  guislim.o
    0x08002ed8   0x08002ed8   0x00000034   Code   RO         4334    i.LCD_L0_DrawBitmap1BPP  guislim.o
    0x08002f0c   0x08002f0c   0x000001e4   Code   RO         5468    i.MPU_getdata       mpu6050.o
    0x080030f0   0x080030f0   0x0000039c   Code   RO         5469    i.MPU_init          mpu6050.o
    0x0800348c   0x0800348c   0x00000040   Code   RO          261    i.MX_ADC1_Init      main.o
    0x080034cc   0x080034cc   0x000000c8   Code   RO          262    i.MX_GPIO_Init      main.o
    0x08003594   0x08003594   0x00000002   Code   RO          567    i.MemManage_Handler  stm32f1xx_it.o
    0x08003596   0x08003596   0x00000002   Code   RO          568    i.NMI_Handler       stm32f1xx_it.o
    0x08003598   0x08003598   0x00000020   Code   RO         2711    i.NVIC_SetPriority  stm32f1xx_hal_cortex.o
    0x080035b8   0x080035b8   0x00000060   Code   RO         4910    i.OLED_IIC_SendByte  ssd1306_i2c.o
    0x08003618   0x08003618   0x00000038   Code   RO         4911    i.OLED_IIC_Start    ssd1306_i2c.o
    0x08003650   0x08003650   0x0000003c   Code   RO         4912    i.OLED_IIC_Stop     ssd1306_i2c.o
    0x0800368c   0x0800368c   0x0000002c   Code   RO          263    i.RunLsd            main.o
    0x080036b8   0x080036b8   0x00000056   Code   RO         4781    i.SSD1306_DrawFilledRectangle  ssd1306.o
    0x0800370e   0x0800370e   0x0000010a   Code   RO         4783    i.SSD1306_DrawLine  ssd1306.o
    0x08003818   0x08003818   0x00000040   Code   RO         4784    i.SSD1306_DrawPixel  ssd1306.o
    0x08003858   0x08003858   0x00000018   Code   RO         4787    i.SSD1306_Fill      ssd1306.o
    0x08003870   0x08003870   0x00000040   Code   RO         4792    i.SSD1306_UpdateScreen  ssd1306.o
    0x080038b0   0x080038b0   0x00000024   Code   RO         4793    i.SSD1306_WriteByte  ssd1306.o
    0x080038d4   0x080038d4   0x00000032   Code   RO         4794    i.SSD1306_WriteMuliByte  ssd1306.o
    0x08003906   0x08003906   0x00000002   PAD
    0x08003908   0x08003908   0x00000100   Code   RO         4795    i.SSD1306_init      ssd1306.o
    0x08003a08   0x08003a08   0x00000064   Code   RO          264    i.StartDefaultTask  main.o
    0x08003a6c   0x08003a6c   0x000001f0   Code   RO          265    i.StartDispTask     main.o
    0x08003c5c   0x08003c5c   0x00000028   Code   RO          266    i.StartLedTask      main.o
    0x08003c84   0x08003c84   0x000000d0   Code   RO          267    i.StartTKeyTask     main.o
    0x08003d54   0x08003d54   0x0000002c   Code   RO         4157    i.SysTick_Handler   port.o
    0x08003d80   0x08003d80   0x00000060   Code   RO          268    i.SystemClock_Config  main.o
    0x08003de0   0x08003de0   0x00000048   Code   RO         3127    i.SystemInit        system_stm32f1xx.o
    0x08003e28   0x08003e28   0x0000000c   Code   RO          569    i.TIM1_UP_IRQHandler  stm32f1xx_it.o
    0x08003e34   0x08003e34   0x0000006c   Code   RO         1131    i.TIM_Base_SetConfig  stm32f1xx_hal_tim.o
    0x08003ea0   0x08003ea0   0x00000010   Code   RO         1947    i.UART_DMAAbortOnError  stm32f1xx_hal_uart.o
    0x08003eb0   0x08003eb0   0x0000001c   Code   RO         1957    i.UART_EndRxTransfer  stm32f1xx_hal_uart.o
    0x08003ecc   0x08003ecc   0x00000096   Code   RO         1959    i.UART_Receive_IT   stm32f1xx_hal_uart.o
    0x08003f62   0x08003f62   0x00000002   PAD
    0x08003f64   0x08003f64   0x00000170   Code   RO         1960    i.UART_SetConfig    stm32f1xx_hal_uart.o
    0x080040d4   0x080040d4   0x00000062   Code   RO         1961    i.UART_Transmit_IT  stm32f1xx_hal_uart.o
    0x08004136   0x08004136   0x00000064   Code   RO         1962    i.UART_WaitOnFlagUntilTimeout  stm32f1xx_hal_uart.o
    0x0800419a   0x0800419a   0x00000002   PAD
    0x0800419c   0x0800419c   0x0000000c   Code   RO          570    i.USART1_IRQHandler  stm32f1xx_it.o
    0x080041a8   0x080041a8   0x0000000c   Code   RO          571    i.USART2_IRQHandler  stm32f1xx_it.o
    0x080041b4   0x080041b4   0x00000002   Code   RO          572    i.UsageFault_Handler  stm32f1xx_it.o
    0x080041b6   0x080041b6   0x00000002   PAD
    0x080041b8   0x080041b8   0x0000000c   Code   RO         4336    i._GotoX            guislim.o
    0x080041c4   0x080041c4   0x0000000c   Code   RO         4337    i._GotoY            guislim.o
    0x080041d0   0x080041d0   0x00000020   Code   RO         5867    i.__0printf         mc_w.l(printfa.o)
    0x080041f0   0x080041f0   0x00000028   Code   RO         5869    i.__0sprintf        mc_w.l(printfa.o)
    0x08004218   0x08004218   0x00000028   Code   RO         5947    i.__ARM_fpclassify  m_ws.l(fpclassify.o)
    0x08004240   0x08004240   0x000000aa   Code   RO         5949    i.__kernel_poly     m_ws.l(poly.o)
    0x080042ea   0x080042ea   0x00000006   Code   RO         5934    i.__mathlib_dbl_infnan  m_ws.l(dunder.o)
    0x080042f0   0x080042f0   0x00000004   Code   RO         5935    i.__mathlib_dbl_infnan2  m_ws.l(dunder.o)
    0x080042f4   0x080042f4   0x0000000c   Code   RO         5936    i.__mathlib_dbl_invalid  m_ws.l(dunder.o)
    0x08004300   0x08004300   0x00000010   Code   RO         5939    i.__mathlib_dbl_underflow  m_ws.l(dunder.o)
    0x08004310   0x08004310   0x0000000e   Code   RO         6009    i.__scatterload_copy  mc_w.l(handlers.o)
    0x0800431e   0x0800431e   0x00000002   Code   RO         6010    i.__scatterload_null  mc_w.l(handlers.o)
    0x08004320   0x08004320   0x0000000e   Code   RO         6011    i.__scatterload_zeroinit  mc_w.l(handlers.o)
    0x0800432e   0x0800432e   0x00000002   PAD
    0x08004330   0x08004330   0x0000000c   Code   RO         5985    i.__set_errno       mc_w.l(errno.o)
    0x0800433c   0x0800433c   0x00000184   Code   RO         5874    i._fp_digits        mc_w.l(printfa.o)
    0x080044c0   0x080044c0   0x000006dc   Code   RO         5875    i._printf_core      mc_w.l(printfa.o)
    0x08004b9c   0x08004b9c   0x00000024   Code   RO         5876    i._printf_post_padding  mc_w.l(printfa.o)
    0x08004bc0   0x08004bc0   0x0000002e   Code   RO         5877    i._printf_pre_padding  mc_w.l(printfa.o)
    0x08004bee   0x08004bee   0x0000000a   Code   RO         5879    i._sputc            mc_w.l(printfa.o)
    0x08004bf8   0x08004bf8   0x00000080   Code   RO         4951    i.accel_self_test   inv_mpu.o
    0x08004c78   0x08004c78   0x00000270   Code   RO         5602    i.asin              m_ws.l(asin.o)
    0x08004ee8   0x08004ee8   0x00000220   Code   RO         5924    i.atan              m_ws.l(atan.o)
    0x08005108   0x08005108   0x00000180   Code   RO         5612    i.atan2             m_ws.l(atan2.o)
    0x08005288   0x08005288   0x00000012   Code   RO         4952    i.delay_ms          inv_mpu.o
    0x0800529a   0x0800529a   0x0000003a   Code   RO         5275    i.dmp_enable_6x_lp_quat  inv_mpu_dmp_motion_driver.o
    0x080052d4   0x080052d4   0x000001d8   Code   RO         5276    i.dmp_enable_feature  inv_mpu_dmp_motion_driver.o
    0x080054ac   0x080054ac   0x0000003c   Code   RO         5277    i.dmp_enable_gyro_cal  inv_mpu_dmp_motion_driver.o
    0x080054e8   0x080054e8   0x0000003a   Code   RO         5278    i.dmp_enable_lp_quat  inv_mpu_dmp_motion_driver.o
    0x08005522   0x08005522   0x00000002   PAD
    0x08005524   0x08005524   0x00000014   Code   RO         5283    i.dmp_load_motion_driver_firmware  inv_mpu_dmp_motion_driver.o
    0x08005538   0x08005538   0x00000140   Code   RO         5284    i.dmp_read_fifo     inv_mpu_dmp_motion_driver.o
    0x08005678   0x08005678   0x000000d8   Code   RO         5287    i.dmp_set_accel_bias  inv_mpu_dmp_motion_driver.o
    0x08005750   0x08005750   0x00000064   Code   RO         5288    i.dmp_set_fifo_rate  inv_mpu_dmp_motion_driver.o
    0x080057b4   0x080057b4   0x000000cc   Code   RO         5289    i.dmp_set_gyro_bias  inv_mpu_dmp_motion_driver.o
    0x08005880   0x08005880   0x0000010c   Code   RO         5291    i.dmp_set_orientation  inv_mpu_dmp_motion_driver.o
    0x0800598c   0x0800598c   0x00000030   Code   RO         5294    i.dmp_set_shake_reject_thresh  inv_mpu_dmp_motion_driver.o
    0x080059bc   0x080059bc   0x00000020   Code   RO         5295    i.dmp_set_shake_reject_time  inv_mpu_dmp_motion_driver.o
    0x080059dc   0x080059dc   0x00000020   Code   RO         5296    i.dmp_set_shake_reject_timeout  inv_mpu_dmp_motion_driver.o
    0x080059fc   0x080059fc   0x00000040   Code   RO         5297    i.dmp_set_tap_axes  inv_mpu_dmp_motion_driver.o
    0x08005a3c   0x08005a3c   0x00000022   Code   RO         5298    i.dmp_set_tap_count  inv_mpu_dmp_motion_driver.o
    0x08005a5e   0x08005a5e   0x00000002   PAD
    0x08005a60   0x08005a60   0x00000128   Code   RO         5299    i.dmp_set_tap_thresh  inv_mpu_dmp_motion_driver.o
    0x08005b88   0x08005b88   0x00000020   Code   RO         5300    i.dmp_set_tap_time  inv_mpu_dmp_motion_driver.o
    0x08005ba8   0x08005ba8   0x00000020   Code   RO         5301    i.dmp_set_tap_time_multi  inv_mpu_dmp_motion_driver.o
    0x08005bc8   0x08005bc8   0x00000018   Code   RO          269    i.fputc             main.o
    0x08005be0   0x08005be0   0x000000ac   Code   RO         4954    i.get_accel_prod_shift  inv_mpu.o
    0x08005c8c   0x08005c8c   0x00000314   Code   RO         4956    i.get_st_biases     inv_mpu.o
    0x08005fa0   0x08005fa0   0x000000d4   Code   RO         4957    i.gyro_self_test    inv_mpu.o
    0x08006074   0x08006074   0x00000104   Code   RO         5526    i.i2cRead           stm32_i2c.o
    0x08006178   0x08006178   0x00000054   Code   RO         5528    i.i2cWriteBuffer    stm32_i2c.o
    0x080061cc   0x080061cc   0x00000012   Code   RO         5529    i.i2cread           stm32_i2c.o
    0x080061de   0x080061de   0x00000012   Code   RO         5530    i.i2cwrite          stm32_i2c.o
    0x080061f0   0x080061f0   0x00000048   Code   RO         5470    i.inv_row_2_scale   mpu6050.o
    0x08006238   0x08006238   0x000000e4   Code   RO          270    i.main              main.o
    0x0800631c   0x0800631c   0x0000000c   Code   RO         3722    i.makeFreeRtosPriority  cmsis_os.o
    0x08006328   0x08006328   0x00000054   Code   RO         4958    i.mpu_configure_fifo  inv_mpu.o
    0x0800637c   0x0800637c   0x0000003c   Code   RO         4959    i.mpu_get_accel_fsr  inv_mpu.o
    0x080063b8   0x080063b8   0x00000044   Code   RO         4961    i.mpu_get_accel_sens  inv_mpu.o
    0x080063fc   0x080063fc   0x00000034   Code   RO         4967    i.mpu_get_gyro_fsr  inv_mpu.o
    0x08006430   0x08006430   0x00000040   Code   RO         4969    i.mpu_get_gyro_sens  inv_mpu.o
    0x08006470   0x08006470   0x00000038   Code   RO         4971    i.mpu_get_lpf       inv_mpu.o
    0x080064a8   0x080064a8   0x0000001c   Code   RO         4973    i.mpu_get_sample_rate  inv_mpu.o
    0x080064c4   0x080064c4   0x000001e8   Code   RO         4976    i.mpu_init          inv_mpu.o
    0x080066ac   0x080066ac   0x000000a0   Code   RO         4977    i.mpu_load_firmware  inv_mpu.o
    0x0800674c   0x0800674c   0x000000b8   Code   RO         4978    i.mpu_lp_accel_mode  inv_mpu.o
    0x08006804   0x08006804   0x00000090   Code   RO         4981    i.mpu_read_fifo_stream  inv_mpu.o
    0x08006894   0x08006894   0x00000054   Code   RO         4982    i.mpu_read_mem      inv_mpu.o
    0x080068e8   0x080068e8   0x00000160   Code   RO         4985    i.mpu_reset_fifo    inv_mpu.o
    0x08006a48   0x08006a48   0x000000f0   Code   RO         4986    i.mpu_run_self_test  inv_mpu.o
    0x08006b38   0x08006b38   0x00000068   Code   RO         4988    i.mpu_set_accel_fsr  inv_mpu.o
    0x08006ba0   0x08006ba0   0x000000dc   Code   RO         4989    i.mpu_set_bypass    inv_mpu.o
    0x08006c7c   0x08006c7c   0x00000078   Code   RO         4991    i.mpu_set_dmp_state  inv_mpu.o
    0x08006cf4   0x08006cf4   0x0000006c   Code   RO         4992    i.mpu_set_gyro_fsr  inv_mpu.o
    0x08006d60   0x08006d60   0x00000064   Code   RO         4993    i.mpu_set_int_latched  inv_mpu.o
    0x08006dc4   0x08006dc4   0x0000006c   Code   RO         4995    i.mpu_set_lpf       inv_mpu.o
    0x08006e30   0x08006e30   0x00000080   Code   RO         4996    i.mpu_set_sample_rate  inv_mpu.o
    0x08006eb0   0x08006eb0   0x000000b8   Code   RO         4997    i.mpu_set_sensors   inv_mpu.o
    0x08006f68   0x08006f68   0x00000054   Code   RO         4998    i.mpu_write_mem     inv_mpu.o
    0x08006fbc   0x08006fbc   0x0000000e   Code   RO         3724    i.osDelay           cmsis_os.o
    0x08006fca   0x08006fca   0x0000000a   Code   RO         3727    i.osKernelStart     cmsis_os.o
    0x08006fd4   0x08006fd4   0x0000002e   Code   RO         3761    i.osThreadCreate    cmsis_os.o
    0x08007002   0x08007002   0x00000002   PAD
    0x08007004   0x08007004   0x00000070   Code   RO         3433    i.prvAddCurrentTaskToDelayedList  tasks.o
    0x08007074   0x08007074   0x000000d0   Code   RO         3434    i.prvAddNewTaskToReadyList  tasks.o
    0x08007144   0x08007144   0x00000050   Code   RO         3435    i.prvCheckTasksWaitingTermination  tasks.o
    0x08007194   0x08007194   0x00000014   Code   RO         3436    i.prvDeleteTCB      tasks.o
    0x080071a8   0x080071a8   0x0000004c   Code   RO         4095    i.prvHeapInit       heap_4.o
    0x080071f4   0x080071f4   0x00000028   Code   RO         3437    i.prvIdleTask       tasks.o
    0x0800721c   0x0800721c   0x0000008e   Code   RO         3438    i.prvInitialiseNewTask  tasks.o
    0x080072aa   0x080072aa   0x00000002   PAD
    0x080072ac   0x080072ac   0x0000004c   Code   RO         4096    i.prvInsertBlockIntoFreeList  heap_4.o
    0x080072f8   0x080072f8   0x00000020   Code   RO         3439    i.prvResetNextTaskUnblockTime  tasks.o
    0x08007318   0x08007318   0x00000028   Code   RO         4158    i.prvTaskExitError  port.o
    0x08007340   0x08007340   0x000000d8   Code   RO         4097    i.pvPortMalloc      heap_4.o
    0x08007418   0x08007418   0x00000024   Code   RO         4159    i.pxPortInitialiseStack  port.o
    0x0800743c   0x0800743c   0x000000d0   Code   RO         5471    i.run_self_test     mpu6050.o
    0x0800750c   0x0800750c   0x0000004c   Code   RO          271    i.setLEDS           main.o
    0x08007558   0x08007558   0x00000058   Code   RO         4999    i.set_int_enable    inv_mpu.o
    0x080075b0   0x080075b0   0x0000004c   Code   RO         5953    i.sqrt              m_ws.l(sqrt.o)
    0x080075fc   0x080075fc   0x00000024   Code   RO         3256    i.uxListRemove      list.o
    0x08007620   0x08007620   0x00000016   Code   RO         3257    i.vListInitialise   list.o
    0x08007636   0x08007636   0x00000006   Code   RO         3258    i.vListInitialiseItem  list.o
    0x0800763c   0x0800763c   0x00000030   Code   RO         3259    i.vListInsert       list.o
    0x0800766c   0x0800766c   0x00000018   Code   RO         3260    i.vListInsertEnd    list.o
    0x08007684   0x08007684   0x00000040   Code   RO         4161    i.vPortEnterCritical  port.o
    0x080076c4   0x080076c4   0x00000028   Code   RO         4162    i.vPortExitCritical  port.o
    0x080076ec   0x080076ec   0x0000005c   Code   RO         4098    i.vPortFree         heap_4.o
    0x08007748   0x08007748   0x00000020   Code   RO         4163    i.vPortSetupTimerInterrupt  port.o
    0x08007768   0x08007768   0x0000004c   Code   RO         3447    i.vTaskDelay        tasks.o
    0x080077b4   0x080077b4   0x00000068   Code   RO         3458    i.vTaskStartScheduler  tasks.o
    0x0800781c   0x0800781c   0x00000010   Code   RO         3460    i.vTaskSuspendAll   tasks.o
    0x0800782c   0x0800782c   0x0000005c   Code   RO         3461    i.vTaskSwitchContext  tasks.o
    0x08007888   0x08007888   0x00000074   Code   RO         4165    i.xPortStartScheduler  port.o
    0x080078fc   0x080078fc   0x00000056   Code   RO         3463    i.xTaskCreate       tasks.o
    0x08007952   0x08007952   0x00000002   PAD
    0x08007954   0x08007954   0x000000c8   Code   RO         3470    i.xTaskIncrementTick  tasks.o
    0x08007a1c   0x08007a1c   0x000000c4   Code   RO         3476    i.xTaskResumeAll    tasks.o
    0x08007ae0   0x08007ae0   0x0000000c   Data   RO           10    .constdata          avatar_invert.o
    0x08007aec   0x08007aec   0x000003c0   Data   RO           11    .constdata          avatar_invert.o
    0x08007eac   0x08007eac   0x00000010   Data   RO           12    .constdata          avatar_invert.o
    0x08007ebc   0x08007ebc   0x0000000c   Data   RO           29    .constdata          simsun_12.o
    0x08007ec8   0x08007ec8   0x0000000c   Data   RO           30    .constdata          simsun_12.o
    0x08007ed4   0x08007ed4   0x0000000c   Data   RO           31    .constdata          simsun_12.o
    0x08007ee0   0x08007ee0   0x0000000c   Data   RO           32    .constdata          simsun_12.o
    0x08007eec   0x08007eec   0x0000000c   Data   RO           33    .constdata          simsun_12.o
    0x08007ef8   0x08007ef8   0x0000000c   Data   RO           34    .constdata          simsun_12.o
    0x08007f04   0x08007f04   0x0000000c   Data   RO           35    .constdata          simsun_12.o
    0x08007f10   0x08007f10   0x0000000c   Data   RO           36    .constdata          simsun_12.o
    0x08007f1c   0x08007f1c   0x0000000c   Data   RO           37    .constdata          simsun_12.o
    0x08007f28   0x08007f28   0x0000000c   Data   RO           38    .constdata          simsun_12.o
    0x08007f34   0x08007f34   0x0000000c   Data   RO           39    .constdata          simsun_12.o
    0x08007f40   0x08007f40   0x0000000c   Data   RO           40    .constdata          simsun_12.o
    0x08007f4c   0x08007f4c   0x0000000c   Data   RO           41    .constdata          simsun_12.o
    0x08007f58   0x08007f58   0x0000000c   Data   RO           42    .constdata          simsun_12.o
    0x08007f64   0x08007f64   0x0000000c   Data   RO           43    .constdata          simsun_12.o
    0x08007f70   0x08007f70   0x0000000c   Data   RO           44    .constdata          simsun_12.o
    0x08007f7c   0x08007f7c   0x0000000c   Data   RO           45    .constdata          simsun_12.o
    0x08007f88   0x08007f88   0x0000000c   Data   RO           46    .constdata          simsun_12.o
    0x08007f94   0x08007f94   0x0000000c   Data   RO           47    .constdata          simsun_12.o
    0x08007fa0   0x08007fa0   0x0000000c   Data   RO           48    .constdata          simsun_12.o
    0x08007fac   0x08007fac   0x0000000c   Data   RO           49    .constdata          simsun_12.o
    0x08007fb8   0x08007fb8   0x0000000c   Data   RO           50    .constdata          simsun_12.o
    0x08007fc4   0x08007fc4   0x0000000c   Data   RO           51    .constdata          simsun_12.o
    0x08007fd0   0x08007fd0   0x0000000c   Data   RO           52    .constdata          simsun_12.o
    0x08007fdc   0x08007fdc   0x0000000c   Data   RO           53    .constdata          simsun_12.o
    0x08007fe8   0x08007fe8   0x0000000c   Data   RO           54    .constdata          simsun_12.o
    0x08007ff4   0x08007ff4   0x0000000c   Data   RO           55    .constdata          simsun_12.o
    0x08008000   0x08008000   0x0000000c   Data   RO           56    .constdata          simsun_12.o
    0x0800800c   0x0800800c   0x0000000c   Data   RO           57    .constdata          simsun_12.o
    0x08008018   0x08008018   0x0000000c   Data   RO           58    .constdata          simsun_12.o
    0x08008024   0x08008024   0x0000000c   Data   RO           59    .constdata          simsun_12.o
    0x08008030   0x08008030   0x0000000c   Data   RO           60    .constdata          simsun_12.o
    0x0800803c   0x0800803c   0x0000000c   Data   RO           61    .constdata          simsun_12.o
    0x08008048   0x08008048   0x0000000c   Data   RO           62    .constdata          simsun_12.o
    0x08008054   0x08008054   0x0000000c   Data   RO           63    .constdata          simsun_12.o
    0x08008060   0x08008060   0x0000000c   Data   RO           64    .constdata          simsun_12.o
    0x0800806c   0x0800806c   0x0000000c   Data   RO           65    .constdata          simsun_12.o
    0x08008078   0x08008078   0x0000000c   Data   RO           66    .constdata          simsun_12.o
    0x08008084   0x08008084   0x0000000c   Data   RO           67    .constdata          simsun_12.o
    0x08008090   0x08008090   0x0000000c   Data   RO           68    .constdata          simsun_12.o
    0x0800809c   0x0800809c   0x0000000c   Data   RO           69    .constdata          simsun_12.o
    0x080080a8   0x080080a8   0x0000000c   Data   RO           70    .constdata          simsun_12.o
    0x080080b4   0x080080b4   0x0000000c   Data   RO           71    .constdata          simsun_12.o
    0x080080c0   0x080080c0   0x0000000c   Data   RO           72    .constdata          simsun_12.o
    0x080080cc   0x080080cc   0x0000000c   Data   RO           73    .constdata          simsun_12.o
    0x080080d8   0x080080d8   0x0000000c   Data   RO           74    .constdata          simsun_12.o
    0x080080e4   0x080080e4   0x0000000c   Data   RO           75    .constdata          simsun_12.o
    0x080080f0   0x080080f0   0x0000000c   Data   RO           76    .constdata          simsun_12.o
    0x080080fc   0x080080fc   0x0000000c   Data   RO           77    .constdata          simsun_12.o
    0x08008108   0x08008108   0x0000000c   Data   RO           78    .constdata          simsun_12.o
    0x08008114   0x08008114   0x0000000c   Data   RO           79    .constdata          simsun_12.o
    0x08008120   0x08008120   0x0000000c   Data   RO           80    .constdata          simsun_12.o
    0x0800812c   0x0800812c   0x0000000c   Data   RO           81    .constdata          simsun_12.o
    0x08008138   0x08008138   0x0000000c   Data   RO           82    .constdata          simsun_12.o
    0x08008144   0x08008144   0x0000000c   Data   RO           83    .constdata          simsun_12.o
    0x08008150   0x08008150   0x0000000c   Data   RO           84    .constdata          simsun_12.o
    0x0800815c   0x0800815c   0x0000000c   Data   RO           85    .constdata          simsun_12.o
    0x08008168   0x08008168   0x0000000c   Data   RO           86    .constdata          simsun_12.o
    0x08008174   0x08008174   0x0000000c   Data   RO           87    .constdata          simsun_12.o
    0x08008180   0x08008180   0x0000000c   Data   RO           88    .constdata          simsun_12.o
    0x0800818c   0x0800818c   0x0000000c   Data   RO           89    .constdata          simsun_12.o
    0x08008198   0x08008198   0x0000000c   Data   RO           90    .constdata          simsun_12.o
    0x080081a4   0x080081a4   0x0000000c   Data   RO           91    .constdata          simsun_12.o
    0x080081b0   0x080081b0   0x0000000c   Data   RO           92    .constdata          simsun_12.o
    0x080081bc   0x080081bc   0x0000000c   Data   RO           93    .constdata          simsun_12.o
    0x080081c8   0x080081c8   0x0000000c   Data   RO           94    .constdata          simsun_12.o
    0x080081d4   0x080081d4   0x0000000c   Data   RO           95    .constdata          simsun_12.o
    0x080081e0   0x080081e0   0x0000000c   Data   RO           96    .constdata          simsun_12.o
    0x080081ec   0x080081ec   0x0000000c   Data   RO           97    .constdata          simsun_12.o
    0x080081f8   0x080081f8   0x0000000c   Data   RO           98    .constdata          simsun_12.o
    0x08008204   0x08008204   0x0000000c   Data   RO           99    .constdata          simsun_12.o
    0x08008210   0x08008210   0x0000000c   Data   RO          100    .constdata          simsun_12.o
    0x0800821c   0x0800821c   0x0000000c   Data   RO          101    .constdata          simsun_12.o
    0x08008228   0x08008228   0x0000000c   Data   RO          102    .constdata          simsun_12.o
    0x08008234   0x08008234   0x0000000c   Data   RO          103    .constdata          simsun_12.o
    0x08008240   0x08008240   0x0000000c   Data   RO          104    .constdata          simsun_12.o
    0x0800824c   0x0800824c   0x0000000c   Data   RO          105    .constdata          simsun_12.o
    0x08008258   0x08008258   0x0000000c   Data   RO          106    .constdata          simsun_12.o
    0x08008264   0x08008264   0x0000000c   Data   RO          107    .constdata          simsun_12.o
    0x08008270   0x08008270   0x0000000c   Data   RO          108    .constdata          simsun_12.o
    0x0800827c   0x0800827c   0x0000000c   Data   RO          109    .constdata          simsun_12.o
    0x08008288   0x08008288   0x0000000c   Data   RO          110    .constdata          simsun_12.o
    0x08008294   0x08008294   0x0000000c   Data   RO          111    .constdata          simsun_12.o
    0x080082a0   0x080082a0   0x0000000c   Data   RO          112    .constdata          simsun_12.o
    0x080082ac   0x080082ac   0x0000000c   Data   RO          113    .constdata          simsun_12.o
    0x080082b8   0x080082b8   0x0000000c   Data   RO          114    .constdata          simsun_12.o
    0x080082c4   0x080082c4   0x0000000c   Data   RO          115    .constdata          simsun_12.o
    0x080082d0   0x080082d0   0x0000000c   Data   RO          116    .constdata          simsun_12.o
    0x080082dc   0x080082dc   0x0000000c   Data   RO          117    .constdata          simsun_12.o
    0x080082e8   0x080082e8   0x0000000c   Data   RO          118    .constdata          simsun_12.o
    0x080082f4   0x080082f4   0x0000000c   Data   RO          119    .constdata          simsun_12.o
    0x08008300   0x08008300   0x0000000c   Data   RO          120    .constdata          simsun_12.o
    0x0800830c   0x0800830c   0x0000000c   Data   RO          121    .constdata          simsun_12.o
    0x08008318   0x08008318   0x0000000c   Data   RO          122    .constdata          simsun_12.o
    0x08008324   0x08008324   0x0000000c   Data   RO          123    .constdata          simsun_12.o
    0x08008330   0x08008330   0x0000000c   Data   RO          124    .constdata          simsun_12.o
    0x0800833c   0x0800833c   0x00000018   Data   RO          125    .constdata          simsun_12.o
    0x08008354   0x08008354   0x00000018   Data   RO          126    .constdata          simsun_12.o
    0x0800836c   0x0800836c   0x00000018   Data   RO          127    .constdata          simsun_12.o
    0x08008384   0x08008384   0x00000018   Data   RO          128    .constdata          simsun_12.o
    0x0800839c   0x0800839c   0x00000018   Data   RO          129    .constdata          simsun_12.o
    0x080083b4   0x080083b4   0x00000018   Data   RO          130    .constdata          simsun_12.o
    0x080083cc   0x080083cc   0x00000018   Data   RO          131    .constdata          simsun_12.o
    0x080083e4   0x080083e4   0x00000018   Data   RO          132    .constdata          simsun_12.o
    0x080083fc   0x080083fc   0x00000018   Data   RO          133    .constdata          simsun_12.o
    0x08008414   0x08008414   0x00000018   Data   RO          134    .constdata          simsun_12.o
    0x0800842c   0x0800842c   0x00000018   Data   RO          135    .constdata          simsun_12.o
    0x08008444   0x08008444   0x00000018   Data   RO          136    .constdata          simsun_12.o
    0x0800845c   0x0800845c   0x00000018   Data   RO          137    .constdata          simsun_12.o
    0x08008474   0x08008474   0x00000018   Data   RO          138    .constdata          simsun_12.o
    0x0800848c   0x0800848c   0x00000018   Data   RO          139    .constdata          simsun_12.o
    0x080084a4   0x080084a4   0x00000018   Data   RO          140    .constdata          simsun_12.o
    0x080084bc   0x080084bc   0x00000018   Data   RO          141    .constdata          simsun_12.o
    0x080084d4   0x080084d4   0x00000018   Data   RO          142    .constdata          simsun_12.o
    0x080084ec   0x080084ec   0x00000018   Data   RO          143    .constdata          simsun_12.o
    0x08008504   0x08008504   0x00000018   Data   RO          144    .constdata          simsun_12.o
    0x0800851c   0x0800851c   0x00000018   Data   RO          145    .constdata          simsun_12.o
    0x08008534   0x08008534   0x00000018   Data   RO          146    .constdata          simsun_12.o
    0x0800854c   0x0800854c   0x00000018   Data   RO          147    .constdata          simsun_12.o
    0x08008564   0x08008564   0x00000018   Data   RO          148    .constdata          simsun_12.o
    0x0800857c   0x0800857c   0x00000018   Data   RO          149    .constdata          simsun_12.o
    0x08008594   0x08008594   0x00000018   Data   RO          150    .constdata          simsun_12.o
    0x080085ac   0x080085ac   0x00000018   Data   RO          151    .constdata          simsun_12.o
    0x080085c4   0x080085c4   0x00000018   Data   RO          152    .constdata          simsun_12.o
    0x080085dc   0x080085dc   0x00000018   Data   RO          153    .constdata          simsun_12.o
    0x080085f4   0x080085f4   0x00000018   Data   RO          154    .constdata          simsun_12.o
    0x0800860c   0x0800860c   0x00000018   Data   RO          155    .constdata          simsun_12.o
    0x08008624   0x08008624   0x00000018   Data   RO          156    .constdata          simsun_12.o
    0x0800863c   0x0800863c   0x00000018   Data   RO          157    .constdata          simsun_12.o
    0x08008654   0x08008654   0x00000018   Data   RO          158    .constdata          simsun_12.o
    0x0800866c   0x0800866c   0x00000018   Data   RO          159    .constdata          simsun_12.o
    0x08008684   0x08008684   0x00000018   Data   RO          160    .constdata          simsun_12.o
    0x0800869c   0x0800869c   0x00000018   Data   RO          161    .constdata          simsun_12.o
    0x080086b4   0x080086b4   0x00000018   Data   RO          162    .constdata          simsun_12.o
    0x080086cc   0x080086cc   0x00000018   Data   RO          163    .constdata          simsun_12.o
    0x080086e4   0x080086e4   0x00000018   Data   RO          164    .constdata          simsun_12.o
    0x080086fc   0x080086fc   0x00000018   Data   RO          165    .constdata          simsun_12.o
    0x08008714   0x08008714   0x00000018   Data   RO          166    .constdata          simsun_12.o
    0x0800872c   0x0800872c   0x00000018   Data   RO          167    .constdata          simsun_12.o
    0x08008744   0x08008744   0x00000018   Data   RO          168    .constdata          simsun_12.o
    0x0800875c   0x0800875c   0x00000018   Data   RO          169    .constdata          simsun_12.o
    0x08008774   0x08008774   0x00000018   Data   RO          170    .constdata          simsun_12.o
    0x0800878c   0x0800878c   0x00000018   Data   RO          171    .constdata          simsun_12.o
    0x080087a4   0x080087a4   0x00000018   Data   RO          172    .constdata          simsun_12.o
    0x080087bc   0x080087bc   0x00000018   Data   RO          173    .constdata          simsun_12.o
    0x080087d4   0x080087d4   0x00000018   Data   RO          174    .constdata          simsun_12.o
    0x080087ec   0x080087ec   0x00000018   Data   RO          175    .constdata          simsun_12.o
    0x08008804   0x08008804   0x00000018   Data   RO          176    .constdata          simsun_12.o
    0x0800881c   0x0800881c   0x00000018   Data   RO          177    .constdata          simsun_12.o
    0x08008834   0x08008834   0x00000018   Data   RO          178    .constdata          simsun_12.o
    0x0800884c   0x0800884c   0x00000018   Data   RO          179    .constdata          simsun_12.o
    0x08008864   0x08008864   0x00000018   Data   RO          180    .constdata          simsun_12.o
    0x0800887c   0x0800887c   0x00000018   Data   RO          181    .constdata          simsun_12.o
    0x08008894   0x08008894   0x000004c8   Data   RO          182    .constdata          simsun_12.o
    0x08008d5c   0x08008d5c   0x0000000c   Data   RO          183    .constdata          simsun_12.o
    0x08008d68   0x08008d68   0x0000000c   Data   RO          184    .constdata          simsun_12.o
    0x08008d74   0x08008d74   0x0000000c   Data   RO          185    .constdata          simsun_12.o
    0x08008d80   0x08008d80   0x0000000c   Data   RO          186    .constdata          simsun_12.o
    0x08008d8c   0x08008d8c   0x0000000c   Data   RO          187    .constdata          simsun_12.o
    0x08008d98   0x08008d98   0x0000000c   Data   RO          188    .constdata          simsun_12.o
    0x08008da4   0x08008da4   0x0000000c   Data   RO          189    .constdata          simsun_12.o
    0x08008db0   0x08008db0   0x0000000c   Data   RO          190    .constdata          simsun_12.o
    0x08008dbc   0x08008dbc   0x0000000c   Data   RO          191    .constdata          simsun_12.o
    0x08008dc8   0x08008dc8   0x0000000c   Data   RO          192    .constdata          simsun_12.o
    0x08008dd4   0x08008dd4   0x0000000c   Data   RO          193    .constdata          simsun_12.o
    0x08008de0   0x08008de0   0x0000000c   Data   RO          194    .constdata          simsun_12.o
    0x08008dec   0x08008dec   0x0000000c   Data   RO          195    .constdata          simsun_12.o
    0x08008df8   0x08008df8   0x0000000c   Data   RO          196    .constdata          simsun_12.o
    0x08008e04   0x08008e04   0x0000000c   Data   RO          197    .constdata          simsun_12.o
    0x08008e10   0x08008e10   0x0000000c   Data   RO          198    .constdata          simsun_12.o
    0x08008e1c   0x08008e1c   0x0000000c   Data   RO          199    .constdata          simsun_12.o
    0x08008e28   0x08008e28   0x0000000c   Data   RO          200    .constdata          simsun_12.o
    0x08008e34   0x08008e34   0x0000000c   Data   RO          201    .constdata          simsun_12.o
    0x08008e40   0x08008e40   0x0000000c   Data   RO          202    .constdata          simsun_12.o
    0x08008e4c   0x08008e4c   0x0000000c   Data   RO          203    .constdata          simsun_12.o
    0x08008e58   0x08008e58   0x0000000c   Data   RO          204    .constdata          simsun_12.o
    0x08008e64   0x08008e64   0x0000000c   Data   RO          205    .constdata          simsun_12.o
    0x08008e70   0x08008e70   0x0000000c   Data   RO          206    .constdata          simsun_12.o
    0x08008e7c   0x08008e7c   0x0000000c   Data   RO          207    .constdata          simsun_12.o
    0x08008e88   0x08008e88   0x0000000c   Data   RO          208    .constdata          simsun_12.o
    0x08008e94   0x08008e94   0x0000000c   Data   RO          209    .constdata          simsun_12.o
    0x08008ea0   0x08008ea0   0x0000000c   Data   RO          210    .constdata          simsun_12.o
    0x08008eac   0x08008eac   0x0000000c   Data   RO          211    .constdata          simsun_12.o
    0x08008eb8   0x08008eb8   0x0000000c   Data   RO          212    .constdata          simsun_12.o
    0x08008ec4   0x08008ec4   0x0000000c   Data   RO          213    .constdata          simsun_12.o
    0x08008ed0   0x08008ed0   0x0000000c   Data   RO          214    .constdata          simsun_12.o
    0x08008edc   0x08008edc   0x0000000c   Data   RO          215    .constdata          simsun_12.o
    0x08008ee8   0x08008ee8   0x0000000c   Data   RO          216    .constdata          simsun_12.o
    0x08008ef4   0x08008ef4   0x0000000c   Data   RO          217    .constdata          simsun_12.o
    0x08008f00   0x08008f00   0x0000000c   Data   RO          218    .constdata          simsun_12.o
    0x08008f0c   0x08008f0c   0x0000000c   Data   RO          219    .constdata          simsun_12.o
    0x08008f18   0x08008f18   0x0000000c   Data   RO          220    .constdata          simsun_12.o
    0x08008f24   0x08008f24   0x0000000c   Data   RO          221    .constdata          simsun_12.o
    0x08008f30   0x08008f30   0x0000000c   Data   RO          222    .constdata          simsun_12.o
    0x08008f3c   0x08008f3c   0x0000000c   Data   RO          223    .constdata          simsun_12.o
    0x08008f48   0x08008f48   0x0000000c   Data   RO          224    .constdata          simsun_12.o
    0x08008f54   0x08008f54   0x0000000c   Data   RO          225    .constdata          simsun_12.o
    0x08008f60   0x08008f60   0x0000000c   Data   RO          226    .constdata          simsun_12.o
    0x08008f6c   0x08008f6c   0x0000000c   Data   RO          227    .constdata          simsun_12.o
    0x08008f78   0x08008f78   0x0000000c   Data   RO          228    .constdata          simsun_12.o
    0x08008f84   0x08008f84   0x0000000c   Data   RO          229    .constdata          simsun_12.o
    0x08008f90   0x08008f90   0x0000000c   Data   RO          230    .constdata          simsun_12.o
    0x08008f9c   0x08008f9c   0x0000000c   Data   RO          231    .constdata          simsun_12.o
    0x08008fa8   0x08008fa8   0x0000000c   Data   RO          232    .constdata          simsun_12.o
    0x08008fb4   0x08008fb4   0x0000000c   Data   RO          233    .constdata          simsun_12.o
    0x08008fc0   0x08008fc0   0x0000000c   Data   RO          234    .constdata          simsun_12.o
    0x08008fcc   0x08008fcc   0x0000000c   Data   RO          235    .constdata          simsun_12.o
    0x08008fd8   0x08008fd8   0x0000000c   Data   RO          236    .constdata          simsun_12.o
    0x08008fe4   0x08008fe4   0x0000000c   Data   RO          237    .constdata          simsun_12.o
    0x08008ff0   0x08008ff0   0x0000000c   Data   RO          238    .constdata          simsun_12.o
    0x08008ffc   0x08008ffc   0x00000020   Data   RO          239    .constdata          simsun_12.o
    0x0800901c   0x0800901c   0x00000050   Data   RO          274    .constdata          main.o
    0x0800906c   0x0800906c   0x00000010   Data   RO         3128    .constdata          system_stm32f1xx.o
    0x0800907c   0x0800907c   0x00000008   Data   RO         3129    .constdata          system_stm32f1xx.o
    0x08009084   0x08009084   0x000002f8   Data   RO         4233    .constdata          f08_ascii.o
    0x0800937c   0x0800937c   0x000002f8   Data   RO         4234    .constdata          f08_ascii.o
    0x08009674   0x08009674   0x0000000c   Data   RO         4235    .constdata          f08_ascii.o
    0x08009680   0x08009680   0x00000020   Data   RO         4236    .constdata          f08_ascii.o
    0x080096a0   0x080096a0   0x0000000c   Data   RO         5000    .constdata          inv_mpu.o
    0x080096ac   0x080096ac   0x0000001b   Data   RO         5001    .constdata          inv_mpu.o
    0x080096c7   0x080096c7   0x00000001   PAD
    0x080096c8   0x080096c8   0x00000028   Data   RO         5002    .constdata          inv_mpu.o
    0x080096f0   0x080096f0   0x00000bf6   Data   RO         5303    .constdata          inv_mpu_dmp_motion_driver.o
    0x0800a2e6   0x0800a2e6   0x00000002   PAD
    0x0800a2e8   0x0800a2e8   0x00000050   Data   RO         5603    .constdata          m_ws.l(asin.o)
    0x0800a338   0x0800a338   0x00000098   Data   RO         5925    .constdata          m_ws.l(atan.o)
    0x0800a3d0   0x0800a3d0   0x00000008   Data   RO         5951    .constdata          m_ws.l(qnan.o)
    0x0800a3d8   0x0800a3d8   0x000001b0   Data   RO          275    .conststring        main.o
    0x0800a588   0x0800a588   0x0000004d   Data   RO         5003    .conststring        inv_mpu.o
    0x0800a5d5   0x0800a5d5   0x00000003   PAD
    0x0800a5d8   0x0800a5d8   0x00000020   Data   RO         6007    Region$$Table       anon$$obj.o


    Execution Region RW_IRAM1 (Exec base: 0x20000000, Load base: 0x0800a5f8, Size: 0x00002498, Max: 0x00005000, ABSOLUTE)

    Exec Addr    Load Addr    Size         Type   Attr      Idx    E Section Name        Object

    0x20000000   0x0800a5f8   0x00000038   Data   RW          276    .data               main.o
    0x20000038   0x0800a630   0x0000000c   Data   RW         2258    .data               stm32f1xx_hal.o
    0x20000044   0x0800a63c   0x00000004   Data   RW         3130    .data               system_stm32f1xx.o
    0x20000048   0x0800a640   0x0000003c   Data   RW         3479    .data               tasks.o
    0x20000084   0x0800a67c   0x00000018   Data   RW         4103    .data               heap_4.o
    0x2000009c   0x0800a694   0x0000000c   Data   RW         4166    .data               port.o
    0x200000a8   0x0800a6a0   0x00000001   Data   RW         4339    .data               guislim.o
    0x200000a9   0x0800a6a1   0x00000001   PAD
    0x200000aa   0x0800a6a2   0x00000006   Data   RW         4797    .data               ssd1306.o
    0x200000b0   0x0800a6a8   0x0000002c   Data   RW         5004    .data               inv_mpu.o
    0x200000dc   0x0800a6d4   0x00000031   Data   RW         5472    .data               mpu6050.o
    0x2000010d   0x0800a705   0x00000003   PAD
    0x20000110   0x0800a708   0x00000004   Data   RW         5974    .data               mc_w.l(stdout.o)
    0x20000114   0x0800a70c   0x00000004   Data   RW         5986    .data               mc_w.l(errno.o)
    0x20000118        -       0x000001d8   Zero   RW          272    .bss                main.o
    0x200002f0        -       0x00000044   Zero   RW          273    .bss                main.o
    0x20000334        -       0x00000040   Zero   RW          697    .bss                stm32f1xx_hal_timebase_tim.o
    0x20000374        -       0x000000f0   Zero   RW         3478    .bss                tasks.o
    0x20000464        -       0x00001800   Zero   RW         4102    .bss                heap_4.o
    0x20001c64        -       0x00000020   Zero   RW         4338    .bss                guislim.o
    0x20001c84        -       0x00000400   Zero   RW         4796    .bss                ssd1306.o
    0x20002084        -       0x00000010   Zero   RW         5302    .bss                inv_mpu_dmp_motion_driver.o
    0x20002094   0x0800a710   0x00000004   PAD
    0x20002098        -       0x00000400   Zero   RW            1    STACK               startup_stm32f103xb.o


==============================================================================

Image component sizes


      Code (inc. data)   RO Data    RW Data    ZI Data      Debug   Object Name

         0          0        988          0          0      11596   avatar_invert.o
        82          0          0          0          0      12569   cmsis_os.o
         0          0          0          0          0       8076   event_groups.o
         0          0       1564          0          0       8722   f08_ascii.o
      1486         96          0          1         32      28573   guislim.o
       460         24          0         24       6144       7199   heap_4.o
      4626        348        156         44          0      26133   inv_mpu.o
      2346        120       3062          0         16      19494   inv_mpu_dmp_motion_driver.o
       136          0          0          0          0       3350   list.o
      2650        584        512         56        540     483308   main.o
      1688        802          0         49          0       4177   mpu6050.o
       522         62          0         12          0      10116   port.o
         0          0       4448          0          0      23853   simsun_12.o
       846         28          0          6       1024      14094   ssd1306.o
       212         14          0          0          0       1589   ssd1306_i2c.o
        36          8        236          0       1024        796   startup_stm32f103xb.o
       730         24          0          0          0       6416   stm32_i2c.o
       100         18          0         12          0       5190   stm32f1xx_hal.o
      1110         54          0          0          0       7907   stm32f1xx_hal_adc.o
       200          6          0          0          0       1406   stm32f1xx_hal_adc_ex.o
       154         14          0          0          0      24966   stm32f1xx_hal_cortex.o
       738         36          0          0          0       4278   stm32f1xx_hal_dma.o
       464         36          0          0          0       3479   stm32f1xx_hal_gpio.o
       432         50          0          0          0       2411   stm32f1xx_hal_msp.o
      1372        108          0          0          0       5797   stm32f1xx_hal_rcc.o
       436         46          0          0          0       2517   stm32f1xx_hal_rcc_ex.o
       554         14          0          0          0       6650   stm32f1xx_hal_tim.o
         4          0          0          0          0       1538   stm32f1xx_hal_tim_ex.o
       116         18          0          0         64       1375   stm32f1xx_hal_timebase_tim.o
      1402         10          0          0          0       9215   stm32f1xx_hal_uart.o
        60         24          0          0          0       4181   stm32f1xx_it.o
        72         16         24          4          0       1139   system_stm32f1xx.o
      1404        116          0         60        240      14862   tasks.o

    ----------------------------------------------------------------------
     24476       2676      11028        272       9088     766972   Object Totals
         0          0         32          0          0          0   (incl. Generated)
        38          0          6          4          4          0   (incl. Padding)

    ----------------------------------------------------------------------

      Code (inc. data)   RO Data    RW Data    ZI Data      Debug   Library Member Name

       624         52         80          0          0        168   asin.o
       544         70        152          0          0        124   atan.o
       384         38          0          0          0        144   atan2.o
        38          6          0          0          0        272   dunder.o
        40          0          0          0          0         68   fpclassify.o
       170          0          0          0          0         96   poly.o
         0          0          8          0          0          0   qnan.o
        76          0          0          0          0         84   sqrt.o
         0          0          0          0          0          0   entry.o
         0          0          0          0          0          0   entry10a.o
         0          0          0          0          0          0   entry11a.o
         8          4          0          0          0          0   entry2.o
         4          0          0          0          0          0   entry5.o
         0          0          0          0          0          0   entry7b.o
         0          0          0          0          0          0   entry8b.o
         8          4          0          0          0          0   entry9a.o
        12          6          0          4          0         68   errno.o
        30          0          0          0          0          0   handlers.o
        36          8          0          0          0         68   init.o
         0          0          0          0          0          0   iusefp.o
        98          0          0          0          0         84   ldiv.o
        30          0          0          0          0         68   llshl.o
        36          0          0          0          0         68   llsshr.o
        32          0          0          0          0         68   llushr.o
        26          0          0          0          0         80   memcmp.o
        36          0          0          0          0         68   memcpya.o
        36          0          0          0          0        108   memseta.o
      2308         96          0          0          0        604   printfa.o
         0          0          0          4          0          0   stdout.o
        44          0          0          0          0         80   uidiv.o
        98          0          0          0          0         92   uldiv.o
        48          0          0          0          0         68   cdrcmple.o
        56          0          0          0          0         88   d2f.o
       334          0          0          0          0        148   dadd.o
       222          0          0          0          0        100   ddiv.o
       186          0          0          0          0        176   depilogue.o
        48          0          0          0          0         68   dfixul.o
       228          0          0          0          0         96   dmul.o
        46          0          0          0          0         80   dscalb.o
       162          0          0          0          0        100   dsqrt.o
        38          0          0          0          0         68   f2d.o
       176          0          0          0          0        140   fadd.o
       124          0          0          0          0         88   fdiv.o
       110          0          0          0          0        168   fepilogue.o
        50          0          0          0          0         68   ffixi.o
        40          0          0          0          0         68   ffixui.o
        18          0          0          0          0         68   fflti.o
        10          0          0          0          0         68   ffltui.o
       100          0          0          0          0         76   fmul.o
        24          0          0          0          0         68   fscalb.o

    ----------------------------------------------------------------------
      6744        284        240          8          0       4216   Library Totals
         6          0          0          0          0          0   (incl. Padding)

    ----------------------------------------------------------------------

      Code (inc. data)   RO Data    RW Data    ZI Data      Debug   Library Name

      1876        166        240          0          0        956   m_ws.l
      2842        118          0          8          0       1456   mc_w.l
      2020          0          0          0          0       1804   mf_w.l

    ----------------------------------------------------------------------
      6744        284        240          8          0       4216   Library Totals

    ----------------------------------------------------------------------

==============================================================================


      Code (inc. data)   RO Data    RW Data    ZI Data      Debug   

     31220       2960      11268        280       9088     757508   Grand Totals
     31220       2960      11268        280       9088     757508   ELF Image Totals
     31220       2960      11268        280          0          0   ROM Totals

==============================================================================

    Total RO  Size (Code + RO Data)                42488 (  41.49kB)
    Total RW  Size (RW Data + ZI Data)              9368 (   9.15kB)
    Total ROM Size (Code + RO Data + RW Data)      42768 (  41.77kB)

==============================================================================

